<?xml version="1.0" encoding="ISO-8859-1" ?>
<link_info>
   <banner>TI ARM Linker Unix v20.2.7.LTS</banner>
   <copyright>Copyright (c) 1996-2018 Texas Instruments Incorporated</copyright>
   <link_time>0x63889210</link_time>
   <link_errors>0x0</link_errors>
   <output_file>gpiointerrupt_CC3220S_LAUNCHXL_nortos_ccs.out</output_file>
   <entry_point>
      <name>resetISR</name>
      <address>0x2000e185</address>
   </entry_point>
   <input_file_list>
      <input_file id="fl-1">
         <path>./</path>
         <kind>object</kind>
         <file>gpiointerrupt.obj</file>
         <name>gpiointerrupt.obj</name>
      </input_file>
      <input_file id="fl-2">
         <path>./syscfg/</path>
         <kind>object</kind>
         <file>ti_drivers_config.obj</file>
         <name>ti_drivers_config.obj</name>
      </input_file>
      <input_file id="fl-3">
         <path>./</path>
         <kind>object</kind>
         <file>main_nortos.obj</file>
         <name>main_nortos.obj</name>
      </input_file>
      <input_file id="fl-c">
         <kind>object</kind>
         <file>&lt;internal&gt;</file>
         <name>&lt;internal&gt;</name>
      </input_file>
      <input_file id="fl-d">
         <path>/Applications/ti/simplelink_cc32xx_sdk_6_10_00_05/source/ti/drivers/lib/ccs/m4/</path>
         <kind>archive</kind>
         <file>drivers_cc32xx.a</file>
         <name>GPIO.oem4</name>
      </input_file>
      <input_file id="fl-e">
         <path>/Applications/ti/simplelink_cc32xx_sdk_6_10_00_05/source/ti/drivers/lib/ccs/m4/</path>
         <kind>archive</kind>
         <file>drivers_cc32xx.a</file>
         <name>I2C.oem4</name>
      </input_file>
      <input_file id="fl-f">
         <path>/Applications/ti/simplelink_cc32xx_sdk_6_10_00_05/source/ti/drivers/lib/ccs/m4/</path>
         <kind>archive</kind>
         <file>drivers_cc32xx.a</file>
         <name>Timer.oem4</name>
      </input_file>
      <input_file id="fl-10">
         <path>/Applications/ti/simplelink_cc32xx_sdk_6_10_00_05/source/ti/drivers/lib/ccs/m4/</path>
         <kind>archive</kind>
         <file>drivers_cc32xx.a</file>
         <name>UART.oem4</name>
      </input_file>
      <input_file id="fl-11">
         <path>/Applications/ti/simplelink_cc32xx_sdk_6_10_00_05/source/ti/drivers/lib/ccs/m4/</path>
         <kind>archive</kind>
         <file>drivers_cc32xx.a</file>
         <name>GPIOCC32XX.oem4</name>
      </input_file>
      <input_file id="fl-12">
         <path>/Applications/ti/simplelink_cc32xx_sdk_6_10_00_05/source/ti/drivers/lib/ccs/m4/</path>
         <kind>archive</kind>
         <file>drivers_cc32xx.a</file>
         <name>I2CCC32XX.oem4</name>
      </input_file>
      <input_file id="fl-13">
         <path>/Applications/ti/simplelink_cc32xx_sdk_6_10_00_05/source/ti/drivers/lib/ccs/m4/</path>
         <kind>archive</kind>
         <file>drivers_cc32xx.a</file>
         <name>PowerCC32XX.oem4</name>
      </input_file>
      <input_file id="fl-14">
         <path>/Applications/ti/simplelink_cc32xx_sdk_6_10_00_05/source/ti/drivers/lib/ccs/m4/</path>
         <kind>archive</kind>
         <file>drivers_cc32xx.a</file>
         <name>PowerCC32XX_asm.oem4</name>
      </input_file>
      <input_file id="fl-15">
         <path>/Applications/ti/simplelink_cc32xx_sdk_6_10_00_05/source/ti/drivers/lib/ccs/m4/</path>
         <kind>archive</kind>
         <file>drivers_cc32xx.a</file>
         <name>TimerCC32XX.oem4</name>
      </input_file>
      <input_file id="fl-16">
         <path>/Applications/ti/simplelink_cc32xx_sdk_6_10_00_05/source/ti/drivers/lib/ccs/m4/</path>
         <kind>archive</kind>
         <file>drivers_cc32xx.a</file>
         <name>UARTCC32XX.oem4</name>
      </input_file>
      <input_file id="fl-17">
         <path>/Applications/ti/simplelink_cc32xx_sdk_6_10_00_05/source/ti/drivers/lib/ccs/m4/</path>
         <kind>archive</kind>
         <file>drivers_cc32xx.a</file>
         <name>List.oem4</name>
      </input_file>
      <input_file id="fl-18">
         <path>/Applications/ti/simplelink_cc32xx_sdk_6_10_00_05/source/ti/drivers/lib/ccs/m4/</path>
         <kind>archive</kind>
         <file>drivers_cc32xx.a</file>
         <name>RingBuf.oem4</name>
      </input_file>
      <input_file id="fl-19">
         <path>/Applications/ti/simplelink_cc32xx_sdk_6_10_00_05/kernel/nortos/lib/ccs/m4/</path>
         <kind>archive</kind>
         <file>nortos_cc32xx.a</file>
         <name>NoRTOS.oem4</name>
      </input_file>
      <input_file id="fl-1a">
         <path>/Applications/ti/simplelink_cc32xx_sdk_6_10_00_05/kernel/nortos/lib/ccs/m4/</path>
         <kind>archive</kind>
         <file>nortos_cc32xx.a</file>
         <name>SemaphoreP_nortos.oem4</name>
      </input_file>
      <input_file id="fl-1b">
         <path>/Applications/ti/simplelink_cc32xx_sdk_6_10_00_05/kernel/nortos/lib/ccs/m4/</path>
         <kind>archive</kind>
         <file>nortos_cc32xx.a</file>
         <name>ClockPSysTick_nortos.oem4</name>
      </input_file>
      <input_file id="fl-1c">
         <path>/Applications/ti/simplelink_cc32xx_sdk_6_10_00_05/kernel/nortos/lib/ccs/m4/</path>
         <kind>archive</kind>
         <file>nortos_cc32xx.a</file>
         <name>HwiPCC32XX_nortos.oem4</name>
      </input_file>
      <input_file id="fl-1d">
         <path>/Applications/ti/simplelink_cc32xx_sdk_6_10_00_05/kernel/nortos/lib/ccs/m4/</path>
         <kind>archive</kind>
         <file>nortos_cc32xx.a</file>
         <name>PowerCC32XX_nortos.oem4</name>
      </input_file>
      <input_file id="fl-1e">
         <path>/Applications/ti/simplelink_cc32xx_sdk_6_10_00_05/kernel/nortos/lib/ccs/m4/</path>
         <kind>archive</kind>
         <file>nortos_cc32xx.a</file>
         <name>startup_cc32xx_ccs.oem4</name>
      </input_file>
      <input_file id="fl-1f">
         <path>/Applications/ti/simplelink_cc32xx_sdk_6_10_00_05/kernel/nortos/lib/ccs/m4/</path>
         <kind>archive</kind>
         <file>nortos_cc32xx.a</file>
         <name>SwiP_nortos.oem4</name>
      </input_file>
      <input_file id="fl-20">
         <path>/Applications/ti/simplelink_cc32xx_sdk_6_10_00_05/kernel/nortos/lib/ccs/m4/</path>
         <kind>archive</kind>
         <file>nortos_cc32xx.a</file>
         <name>QueueP_nortos.oem4</name>
      </input_file>
      <input_file id="fl-21">
         <path>/Applications/ti/simplelink_cc32xx_sdk_6_10_00_05/source/ti/devices/cc32xx/driverlib/ccs/Release/</path>
         <kind>archive</kind>
         <file>driverlib.a</file>
         <name>cpu.obj</name>
      </input_file>
      <input_file id="fl-22">
         <path>/Applications/ti/simplelink_cc32xx_sdk_6_10_00_05/source/ti/devices/cc32xx/driverlib/ccs/Release/</path>
         <kind>archive</kind>
         <file>driverlib.a</file>
         <name>i2c.obj</name>
      </input_file>
      <input_file id="fl-23">
         <path>/Applications/ti/simplelink_cc32xx_sdk_6_10_00_05/source/ti/devices/cc32xx/driverlib/ccs/Release/</path>
         <kind>archive</kind>
         <file>driverlib.a</file>
         <name>interrupt.obj</name>
      </input_file>
      <input_file id="fl-24">
         <path>/Applications/ti/simplelink_cc32xx_sdk_6_10_00_05/source/ti/devices/cc32xx/driverlib/ccs/Release/</path>
         <kind>archive</kind>
         <file>driverlib.a</file>
         <name>pin.obj</name>
      </input_file>
      <input_file id="fl-25">
         <path>/Applications/ti/simplelink_cc32xx_sdk_6_10_00_05/source/ti/devices/cc32xx/driverlib/ccs/Release/</path>
         <kind>archive</kind>
         <file>driverlib.a</file>
         <name>prcm.obj</name>
      </input_file>
      <input_file id="fl-26">
         <path>/Applications/ti/simplelink_cc32xx_sdk_6_10_00_05/source/ti/devices/cc32xx/driverlib/ccs/Release/</path>
         <kind>archive</kind>
         <file>driverlib.a</file>
         <name>timer.obj</name>
      </input_file>
      <input_file id="fl-27">
         <path>/Applications/ti/simplelink_cc32xx_sdk_6_10_00_05/source/ti/devices/cc32xx/driverlib/ccs/Release/</path>
         <kind>archive</kind>
         <file>driverlib.a</file>
         <name>uart.obj</name>
      </input_file>
      <input_file id="fl-28">
         <path>/Applications/ti/simplelink_cc32xx_sdk_6_10_00_05/source/ti/devices/cc32xx/driverlib/ccs/Release/</path>
         <kind>archive</kind>
         <file>driverlib.a</file>
         <name>utils.obj</name>
      </input_file>
      <input_file id="fl-29">
         <path>/Applications/ti/simplelink_cc32xx_sdk_6_10_00_05/source/ti/devices/cc32xx/driverlib/ccs/Release/</path>
         <kind>archive</kind>
         <file>driverlib.a</file>
         <name>flash.obj</name>
      </input_file>
      <input_file id="fl-df">
         <path>/Applications/ti/ccs1210/ccs/tools/compiler/ti-cgt-arm_20.2.7.LTS/lib/</path>
         <kind>archive</kind>
         <file>rtsv7M4_T_le_eabi.lib</file>
         <name>snprintf.c.obj</name>
      </input_file>
      <input_file id="fl-e0">
         <path>/Applications/ti/ccs1210/ccs/tools/compiler/ti-cgt-arm_20.2.7.LTS/lib/</path>
         <kind>archive</kind>
         <file>rtsv7M4_T_le_eabi.lib</file>
         <name>fs_mul_t2.asm.obj</name>
      </input_file>
      <input_file id="fl-e1">
         <path>/Applications/ti/ccs1210/ccs/tools/compiler/ti-cgt-arm_20.2.7.LTS/lib/</path>
         <kind>archive</kind>
         <file>rtsv7M4_T_le_eabi.lib</file>
         <name>fs_toi_t2.asm.obj</name>
      </input_file>
      <input_file id="fl-e2">
         <path>/Applications/ti/ccs1210/ccs/tools/compiler/ti-cgt-arm_20.2.7.LTS/lib/</path>
         <kind>archive</kind>
         <file>rtsv7M4_T_le_eabi.lib</file>
         <name>i_tofs_t2.asm.obj</name>
      </input_file>
      <input_file id="fl-e3">
         <path>/Applications/ti/ccs1210/ccs/tools/compiler/ti-cgt-arm_20.2.7.LTS/lib/</path>
         <kind>archive</kind>
         <file>rtsv7M4_T_le_eabi.lib</file>
         <name>ll_mul_t2.asm.obj</name>
      </input_file>
      <input_file id="fl-e4">
         <path>/Applications/ti/ccs1210/ccs/tools/compiler/ti-cgt-arm_20.2.7.LTS/lib/</path>
         <kind>archive</kind>
         <file>rtsv7M4_T_le_eabi.lib</file>
         <name>memcpy_t2.asm.obj</name>
      </input_file>
      <input_file id="fl-e5">
         <path>/Applications/ti/ccs1210/ccs/tools/compiler/ti-cgt-arm_20.2.7.LTS/lib/</path>
         <kind>archive</kind>
         <file>rtsv7M4_T_le_eabi.lib</file>
         <name>ull_div_t2.asm.obj</name>
      </input_file>
      <input_file id="fl-e6">
         <path>/Applications/ti/ccs1210/ccs/tools/compiler/ti-cgt-arm_20.2.7.LTS/lib/</path>
         <kind>archive</kind>
         <file>rtsv7M4_T_le_eabi.lib</file>
         <name>copy_zero_init.c.obj</name>
      </input_file>
      <input_file id="fl-e7">
         <path>/Applications/ti/ccs1210/ccs/tools/compiler/ti-cgt-arm_20.2.7.LTS/lib/</path>
         <kind>archive</kind>
         <file>rtsv7M4_T_le_eabi.lib</file>
         <name>copy_decompress_none.c.obj</name>
      </input_file>
      <input_file id="fl-e8">
         <path>/Applications/ti/ccs1210/ccs/tools/compiler/ti-cgt-arm_20.2.7.LTS/lib/</path>
         <kind>archive</kind>
         <file>rtsv7M4_T_le_eabi.lib</file>
         <name>copy_decompress_lzss.c.obj</name>
      </input_file>
      <input_file id="fl-e9">
         <path>/Applications/ti/ccs1210/ccs/tools/compiler/ti-cgt-arm_20.2.7.LTS/lib/</path>
         <kind>archive</kind>
         <file>rtsv7M4_T_le_eabi.lib</file>
         <name>memory.c.obj</name>
      </input_file>
      <input_file id="fl-ea">
         <path>/Applications/ti/ccs1210/ccs/tools/compiler/ti-cgt-arm_20.2.7.LTS/lib/</path>
         <kind>archive</kind>
         <file>rtsv7M4_T_le_eabi.lib</file>
         <name>boot_cortex_m.c.obj</name>
      </input_file>
      <input_file id="fl-eb">
         <path>/Applications/ti/ccs1210/ccs/tools/compiler/ti-cgt-arm_20.2.7.LTS/lib/</path>
         <kind>archive</kind>
         <file>rtsv7M4_T_le_eabi.lib</file>
         <name>_printfi.c.obj</name>
      </input_file>
      <input_file id="fl-ec">
         <path>/Applications/ti/ccs1210/ccs/tools/compiler/ti-cgt-arm_20.2.7.LTS/lib/</path>
         <kind>archive</kind>
         <file>rtsv7M4_T_le_eabi.lib</file>
         <name>div0.asm.obj</name>
      </input_file>
      <input_file id="fl-ed">
         <path>/Applications/ti/ccs1210/ccs/tools/compiler/ti-cgt-arm_20.2.7.LTS/lib/</path>
         <kind>archive</kind>
         <file>rtsv7M4_T_le_eabi.lib</file>
         <name>fd_add_t2.asm.obj</name>
      </input_file>
      <input_file id="fl-ee">
         <path>/Applications/ti/ccs1210/ccs/tools/compiler/ti-cgt-arm_20.2.7.LTS/lib/</path>
         <kind>archive</kind>
         <file>rtsv7M4_T_le_eabi.lib</file>
         <name>fd_cmp_t2.asm.obj</name>
      </input_file>
      <input_file id="fl-ef">
         <path>/Applications/ti/ccs1210/ccs/tools/compiler/ti-cgt-arm_20.2.7.LTS/lib/</path>
         <kind>archive</kind>
         <file>rtsv7M4_T_le_eabi.lib</file>
         <name>fd_div_t2.asm.obj</name>
      </input_file>
      <input_file id="fl-f0">
         <path>/Applications/ti/ccs1210/ccs/tools/compiler/ti-cgt-arm_20.2.7.LTS/lib/</path>
         <kind>archive</kind>
         <file>rtsv7M4_T_le_eabi.lib</file>
         <name>fd_mul_t2.asm.obj</name>
      </input_file>
      <input_file id="fl-f1">
         <path>/Applications/ti/ccs1210/ccs/tools/compiler/ti-cgt-arm_20.2.7.LTS/lib/</path>
         <kind>archive</kind>
         <file>rtsv7M4_T_le_eabi.lib</file>
         <name>fd_toi_t2.asm.obj</name>
      </input_file>
      <input_file id="fl-f2">
         <path>/Applications/ti/ccs1210/ccs/tools/compiler/ti-cgt-arm_20.2.7.LTS/lib/</path>
         <kind>archive</kind>
         <file>rtsv7M4_T_le_eabi.lib</file>
         <name>i_tofd_t2.asm.obj</name>
      </input_file>
      <input_file id="fl-f3">
         <path>/Applications/ti/ccs1210/ccs/tools/compiler/ti-cgt-arm_20.2.7.LTS/lib/</path>
         <kind>archive</kind>
         <file>rtsv7M4_T_le_eabi.lib</file>
         <name>memset_t2.asm.obj</name>
      </input_file>
      <input_file id="fl-f4">
         <path>/Applications/ti/ccs1210/ccs/tools/compiler/ti-cgt-arm_20.2.7.LTS/lib/</path>
         <kind>archive</kind>
         <file>rtsv7M4_T_le_eabi.lib</file>
         <name>autoinit.c.obj</name>
      </input_file>
      <input_file id="fl-f5">
         <path>/Applications/ti/ccs1210/ccs/tools/compiler/ti-cgt-arm_20.2.7.LTS/lib/</path>
         <kind>archive</kind>
         <file>rtsv7M4_T_le_eabi.lib</file>
         <name>pre_init.c.obj</name>
      </input_file>
      <input_file id="fl-f6">
         <path>/Applications/ti/ccs1210/ccs/tools/compiler/ti-cgt-arm_20.2.7.LTS/lib/</path>
         <kind>archive</kind>
         <file>rtsv7M4_T_le_eabi.lib</file>
         <name>cpy_tbl.c.obj</name>
      </input_file>
      <input_file id="fl-f7">
         <path>/Applications/ti/ccs1210/ccs/tools/compiler/ti-cgt-arm_20.2.7.LTS/lib/</path>
         <kind>archive</kind>
         <file>rtsv7M4_T_le_eabi.lib</file>
         <name>exit.c.obj</name>
      </input_file>
      <input_file id="fl-f8">
         <path>/Applications/ti/ccs1210/ccs/tools/compiler/ti-cgt-arm_20.2.7.LTS/lib/</path>
         <kind>archive</kind>
         <file>rtsv7M4_T_le_eabi.lib</file>
         <name>_lock.c.obj</name>
      </input_file>
      <input_file id="fl-f9">
         <path>/Applications/ti/ccs1210/ccs/tools/compiler/ti-cgt-arm_20.2.7.LTS/lib/</path>
         <kind>archive</kind>
         <file>rtsv7M4_T_le_eabi.lib</file>
         <name>_ltoa.c.obj</name>
      </input_file>
      <input_file id="fl-fa">
         <path>/Applications/ti/ccs1210/ccs/tools/compiler/ti-cgt-arm_20.2.7.LTS/lib/</path>
         <kind>archive</kind>
         <file>rtsv7M4_T_le_eabi.lib</file>
         <name>args_main.c.obj</name>
      </input_file>
      <input_file id="fl-fb">
         <path>/Applications/ti/ccs1210/ccs/tools/compiler/ti-cgt-arm_20.2.7.LTS/lib/</path>
         <kind>archive</kind>
         <file>rtsv7M4_T_le_eabi.lib</file>
         <name>atoi.c.obj</name>
      </input_file>
      <input_file id="fl-fc">
         <path>/Applications/ti/ccs1210/ccs/tools/compiler/ti-cgt-arm_20.2.7.LTS/lib/</path>
         <kind>archive</kind>
         <file>rtsv7M4_T_le_eabi.lib</file>
         <name>ctype.c.obj</name>
      </input_file>
      <input_file id="fl-fd">
         <path>/Applications/ti/ccs1210/ccs/tools/compiler/ti-cgt-arm_20.2.7.LTS/lib/</path>
         <kind>archive</kind>
         <file>rtsv7M4_T_le_eabi.lib</file>
         <name>memccpy.c.obj</name>
      </input_file>
      <input_file id="fl-fe">
         <path>/Applications/ti/ccs1210/ccs/tools/compiler/ti-cgt-arm_20.2.7.LTS/lib/</path>
         <kind>archive</kind>
         <file>rtsv7M4_T_le_eabi.lib</file>
         <name>strchr.c.obj</name>
      </input_file>
      <input_file id="fl-ff">
         <path>/Applications/ti/ccs1210/ccs/tools/compiler/ti-cgt-arm_20.2.7.LTS/lib/</path>
         <kind>archive</kind>
         <file>rtsv7M4_T_le_eabi.lib</file>
         <name>strlen.c.obj</name>
      </input_file>
      <input_file id="fl-100">
         <path>/Applications/ti/ccs1210/ccs/tools/compiler/ti-cgt-arm_20.2.7.LTS/lib/</path>
         <kind>archive</kind>
         <file>rtsv7M4_T_le_eabi.lib</file>
         <name>errno.c.obj</name>
      </input_file>
      <input_file id="fl-101">
         <path>/Applications/ti/ccs1210/ccs/tools/compiler/ti-cgt-arm_20.2.7.LTS/lib/</path>
         <kind>archive</kind>
         <file>rtsv7M4_T_le_eabi.lib</file>
         <name>wcslen.c.obj</name>
      </input_file>
      <input_file id="fl-102">
         <path>/Applications/ti/ccs1210/ccs/tools/compiler/ti-cgt-arm_20.2.7.LTS/lib/</path>
         <kind>archive</kind>
         <file>rtsv7M4_T_le_eabi.lib</file>
         <name>s_frexp.c.obj</name>
      </input_file>
      <input_file id="fl-103">
         <path>/Applications/ti/ccs1210/ccs/tools/compiler/ti-cgt-arm_20.2.7.LTS/lib/</path>
         <kind>archive</kind>
         <file>rtsv7M4_T_le_eabi.lib</file>
         <name>s_scalbn.c.obj</name>
      </input_file>
      <input_file id="fl-104">
         <path>/Applications/ti/ccs1210/ccs/tools/compiler/ti-cgt-arm_20.2.7.LTS/lib/</path>
         <kind>archive</kind>
         <file>rtsv7M4_T_le_eabi.lib</file>
         <name>s_copysign.c.obj</name>
      </input_file>
   </input_file_list>
   <object_component_list>
      <object_component id="oc-1db">
         <name>.text:PRCMCC3200MCUInit</name>
         <load_address>0x2000c040</load_address>
         <run_address>0x2000c040</run_address>
         <size>0x42c</size>
         <input_file_ref idref="fl-25"/>
      </object_component>
      <object_component id="oc-356">
         <name>.text:PowerCC32XX_sleepPolicy</name>
         <load_address>0x2000c46c</load_address>
         <run_address>0x2000c46c</run_address>
         <size>0x1a0</size>
         <input_file_ref idref="fl-1d"/>
      </object_component>
      <object_component id="oc-1f5">
         <name>.text:GPIO_setConfig</name>
         <load_address>0x2000c60c</load_address>
         <run_address>0x2000c60c</run_address>
         <size>0x154</size>
         <input_file_ref idref="fl-11"/>
      </object_component>
      <object_component id="oc-4db">
         <name>.text:parkPins</name>
         <load_address>0x2000c760</load_address>
         <run_address>0x2000c760</run_address>
         <size>0x148</size>
         <input_file_ref idref="fl-13"/>
      </object_component>
      <object_component id="oc-43f">
         <name>.text:Power_sleep</name>
         <load_address>0x2000c8a8</load_address>
         <run_address>0x2000c8a8</run_address>
         <size>0x138</size>
         <input_file_ref idref="fl-13"/>
      </object_component>
      <object_component id="oc-4a2">
         <name>.text:aligned_alloc</name>
         <load_address>0x2000c9e0</load_address>
         <run_address>0x2000c9e0</run_address>
         <size>0x100</size>
         <input_file_ref idref="fl-e9"/>
      </object_component>
      <object_component id="oc-372">
         <name>.text:free</name>
         <load_address>0x2000cae0</load_address>
         <run_address>0x2000cae0</run_address>
         <size>0xe4</size>
         <input_file_ref idref="fl-e9"/>
      </object_component>
      <object_component id="oc-4f8">
         <name>.text:restoreParkedPins</name>
         <load_address>0x2000cbc4</load_address>
         <run_address>0x2000cbc4</run_address>
         <size>0xc0</size>
         <input_file_ref idref="fl-13"/>
      </object_component>
      <object_component id="oc-b5">
         <name>.text:IntEnable</name>
         <load_address>0x2000cc84</load_address>
         <run_address>0x2000cc84</run_address>
         <size>0xa8</size>
         <input_file_ref idref="fl-23"/>
      </object_component>
      <object_component id="oc-298">
         <name>.text:PowerCC32XX_configureWakeup</name>
         <load_address>0x2000cd2c</load_address>
         <run_address>0x2000cd2c</run_address>
         <size>0xa8</size>
         <input_file_ref idref="fl-13"/>
      </object_component>
      <object_component id="oc-2bd">
         <name>.text:SemaphoreP_pend</name>
         <load_address>0x2000cdd4</load_address>
         <run_address>0x2000cdd4</run_address>
         <size>0xa0</size>
         <input_file_ref idref="fl-1a"/>
      </object_component>
      <object_component id="oc-3b">
         <name>.text</name>
         <load_address>0x2000ce74</load_address>
         <run_address>0x2000ce74</run_address>
         <size>0x9c</size>
         <input_file_ref idref="fl-e4"/>
      </object_component>
      <object_component id="oc-43a">
         <name>.text</name>
         <load_address>0x2000cf10</load_address>
         <run_address>0x2000cf10</run_address>
         <size>0x96</size>
         <input_file_ref idref="fl-e5"/>
      </object_component>
      <object_component id="oc-1ed">
         <name>.text:Board_initHook</name>
         <load_address>0x2000cfa6</load_address>
         <run_address>0x2000cfa6</run_address>
         <size>0x2</size>
         <input_file_ref idref="fl-2"/>
      </object_component>
      <object_component id="oc-1e7">
         <name>.text:GPIO_init</name>
         <load_address>0x2000cfa8</load_address>
         <run_address>0x2000cfa8</run_address>
         <size>0x90</size>
         <input_file_ref idref="fl-11"/>
      </object_component>
      <object_component id="oc-4ec">
         <name>.text:restoreNVICRegs</name>
         <load_address>0x2000d038</load_address>
         <run_address>0x2000d038</run_address>
         <size>0x90</size>
         <input_file_ref idref="fl-13"/>
      </object_component>
      <object_component id="oc-3d2">
         <name>.text:HwiP_construct</name>
         <load_address>0x2000d0c8</load_address>
         <run_address>0x2000d0c8</run_address>
         <size>0x8c</size>
         <input_file_ref idref="fl-1c"/>
      </object_component>
      <object_component id="oc-581">
         <name>.text:IntPendSet</name>
         <load_address>0x2000d154</load_address>
         <run_address>0x2000d154</run_address>
         <size>0x88</size>
         <input_file_ref idref="fl-23"/>
      </object_component>
      <object_component id="oc-2e4">
         <name>.text:PinConfigSet</name>
         <load_address>0x2000d1dc</load_address>
         <run_address>0x2000d1dc</run_address>
         <size>0x88</size>
         <input_file_ref idref="fl-24"/>
      </object_component>
      <object_component id="oc-1e1">
         <name>.text:Power_init</name>
         <load_address>0x2000d264</load_address>
         <run_address>0x2000d264</run_address>
         <size>0x84</size>
         <input_file_ref idref="fl-13"/>
      </object_component>
      <object_component id="oc-4e1">
         <name>.text:saveNVICRegs</name>
         <load_address>0x2000d2e8</load_address>
         <run_address>0x2000d2e8</run_address>
         <size>0x84</size>
         <input_file_ref idref="fl-13"/>
      </object_component>
      <object_component id="oc-1fb">
         <name>.text:GPIO_write</name>
         <load_address>0x2000d36c</load_address>
         <run_address>0x2000d36c</run_address>
         <size>0x80</size>
         <input_file_ref idref="fl-11"/>
      </object_component>
      <object_component id="oc-2ea">
         <name>.text:Power_setDependency</name>
         <load_address>0x2000d3ec</load_address>
         <run_address>0x2000d3ec</run_address>
         <size>0x80</size>
         <input_file_ref idref="fl-13"/>
      </object_component>
      <object_component id="oc-2dc">
         <name>.text:powerNotifyFxn</name>
         <load_address>0x2000d46c</load_address>
         <run_address>0x2000d46c</run_address>
         <size>0x74</size>
         <input_file_ref idref="fl-11"/>
      </object_component>
      <object_component id="oc-529">
         <name>.text:split</name>
         <load_address>0x2000d4e0</load_address>
         <run_address>0x2000d4e0</run_address>
         <size>0x70</size>
         <input_file_ref idref="fl-e9"/>
      </object_component>
      <object_component id="oc-14">
         <name>.text:decompress:lzss:__TI_decompress_lzss</name>
         <load_address>0x2000d550</load_address>
         <run_address>0x2000d550</run_address>
         <size>0x68</size>
         <input_file_ref idref="fl-e8"/>
      </object_component>
      <object_component id="oc-2fc">
         <name>.text:GPIO_setInterruptConfig</name>
         <load_address>0x2000d5b8</load_address>
         <run_address>0x2000d5b8</run_address>
         <size>0x64</size>
         <input_file_ref idref="fl-11"/>
      </object_component>
      <object_component id="oc-3c2">
         <name>.text:PowerCC32XX_setParkState</name>
         <load_address>0x2000d61c</load_address>
         <run_address>0x2000d61c</run_address>
         <size>0x64</size>
         <input_file_ref idref="fl-13"/>
      </object_component>
      <object_component id="oc-305">
         <name>.text:GPIO_hwiIntFxn</name>
         <load_address>0x2000d680</load_address>
         <run_address>0x2000d680</run_address>
         <size>0x60</size>
         <input_file_ref idref="fl-11"/>
      </object_component>
      <object_component id="oc-313">
         <name>.text:GPIO_toggle</name>
         <load_address>0x2000d6e0</load_address>
         <run_address>0x2000d6e0</run_address>
         <size>0x60</size>
         <input_file_ref idref="fl-11"/>
      </object_component>
      <object_component id="oc-266">
         <name>.text:PRCMSysResetCauseGet</name>
         <load_address>0x2000d740</load_address>
         <run_address>0x2000d740</run_address>
         <size>0x60</size>
         <input_file_ref idref="fl-25"/>
      </object_component>
      <object_component id="oc-541">
         <name>.text:sysTickInit</name>
         <load_address>0x2000d7a0</load_address>
         <run_address>0x2000d7a0</run_address>
         <size>0x5c</size>
         <input_file_ref idref="fl-1b"/>
      </object_component>
      <object_component id="oc-27f">
         <name>.text:PRCMPeripheralReset</name>
         <load_address>0x2000d7fc</load_address>
         <run_address>0x2000d7fc</run_address>
         <size>0x58</size>
         <input_file_ref idref="fl-25"/>
      </object_component>
      <object_component id="oc-166">
         <name>.text:mainThread</name>
         <load_address>0x2000d854</load_address>
         <run_address>0x2000d854</run_address>
         <size>0x54</size>
         <input_file_ref idref="fl-1"/>
      </object_component>
      <object_component id="oc-55e">
         <name>.text:PowerCC32XX_resumeLPDS</name>
         <load_address>0x2000d8a8</load_address>
         <run_address>0x2000d8a8</run_address>
         <size>0x52</size>
         <input_file_ref idref="fl-14"/>
      </object_component>
      <object_component id="oc-350">
         <name>.text:PowerCC32XX_initPolicy</name>
         <load_address>0x2000d8fa</load_address>
         <run_address>0x2000d8fa</run_address>
         <size>0x2</size>
         <input_file_ref idref="fl-1d"/>
      </object_component>
      <object_component id="oc-79">
         <name>.text:ClockP_sysTickHandler</name>
         <load_address>0x2000d8fc</load_address>
         <run_address>0x2000d8fc</run_address>
         <size>0x50</size>
         <input_file_ref idref="fl-1b"/>
      </object_component>
      <object_component id="oc-466">
         <name>.text:SemaphoreP_construct</name>
         <load_address>0x2000d94c</load_address>
         <run_address>0x2000d94c</run_address>
         <size>0x50</size>
         <input_file_ref idref="fl-1a"/>
      </object_component>
      <object_component id="oc-555">
         <name>.text:PowerCC32XX_parkPin</name>
         <load_address>0x2000d99c</load_address>
         <run_address>0x2000d99c</run_address>
         <size>0x4c</size>
         <input_file_ref idref="fl-13"/>
      </object_component>
      <object_component id="oc-4f2">
         <name>.text:restorePeriphClocks</name>
         <load_address>0x2000d9e8</load_address>
         <run_address>0x2000d9e8</run_address>
         <size>0x4c</size>
         <input_file_ref idref="fl-13"/>
      </object_component>
      <object_component id="oc-579">
         <name>.text:FlashDisable</name>
         <load_address>0x2000da34</load_address>
         <run_address>0x2000da34</run_address>
         <size>0x48</size>
         <input_file_ref idref="fl-29"/>
      </object_component>
      <object_component id="oc-3d9">
         <name>.text:GPIO_disableInt</name>
         <load_address>0x2000da7c</load_address>
         <run_address>0x2000da7c</run_address>
         <size>0x48</size>
         <input_file_ref idref="fl-11"/>
      </object_component>
      <object_component id="oc-207">
         <name>.text:GPIO_enableInt</name>
         <load_address>0x2000dac4</load_address>
         <run_address>0x2000dac4</run_address>
         <size>0x48</size>
         <input_file_ref idref="fl-11"/>
      </object_component>
      <object_component id="oc-4fe">
         <name>.text:PRCMLPDSEnter</name>
         <load_address>0x2000db0c</load_address>
         <run_address>0x2000db0c</run_address>
         <size>0x48</size>
         <input_file_ref idref="fl-25"/>
      </object_component>
      <object_component id="oc-279">
         <name>.text:PRCMPeripheralClkEnable</name>
         <load_address>0x2000db54</load_address>
         <run_address>0x2000db54</run_address>
         <size>0x48</size>
         <input_file_ref idref="fl-25"/>
      </object_component>
      <object_component id="oc-48e">
         <name>.text:ClockP_stop</name>
         <load_address>0x2000db9c</load_address>
         <run_address>0x2000db9c</run_address>
         <size>0x44</size>
         <input_file_ref idref="fl-1b"/>
      </object_component>
      <object_component id="oc-563">
         <name>.text:PRCMLPDSRestoreInfoSet</name>
         <load_address>0x2000dbe0</load_address>
         <run_address>0x2000dbe0</run_address>
         <size>0x44</size>
         <input_file_ref idref="fl-25"/>
      </object_component>
      <object_component id="oc-4e7">
         <name>.text:PowerCC32XX_enterLPDS</name>
         <load_address>0x2000dc24</load_address>
         <run_address>0x2000dc24</run_address>
         <size>0x44</size>
         <input_file_ref idref="fl-14"/>
      </object_component>
      <object_component id="oc-2c9">
         <name>.text:SemaphoreP_post</name>
         <load_address>0x2000dc68</load_address>
         <run_address>0x2000dc68</run_address>
         <size>0x44</size>
         <input_file_ref idref="fl-1a"/>
      </object_component>
      <object_component id="oc-456">
         <name>.text:SwiP_restore</name>
         <load_address>0x2000dcac</load_address>
         <run_address>0x2000dcac</run_address>
         <size>0x44</size>
         <input_file_ref idref="fl-1f"/>
      </object_component>
      <object_component id="oc-179">
         <name>.text:__TI_auto_init_nobinit_nopinit:__TI_auto_init_nobinit_nopinit</name>
         <load_address>0x2000dcf0</load_address>
         <run_address>0x2000dcf0</run_address>
         <size>0x44</size>
         <input_file_ref idref="fl-f4"/>
      </object_component>
      <object_component id="oc-291">
         <name>.text:PinModeSet</name>
         <load_address>0x2000dd34</load_address>
         <run_address>0x2000dd34</run_address>
         <size>0x40</size>
         <input_file_ref idref="fl-24"/>
      </object_component>
      <object_component id="oc-391">
         <name>.text:ClockP_destruct</name>
         <load_address>0x2000dd74</load_address>
         <run_address>0x2000dd74</run_address>
         <size>0x3c</size>
         <input_file_ref idref="fl-1b"/>
      </object_component>
      <object_component id="oc-434">
         <name>.text:getCountsRTC</name>
         <load_address>0x2000ddb0</load_address>
         <run_address>0x2000ddb0</run_address>
         <size>0x3a</size>
         <input_file_ref idref="fl-1d"/>
      </object_component>
      <object_component id="oc-31d">
         <name>.text:_nop</name>
         <load_address>0x2000ddea</load_address>
         <run_address>0x2000ddea</run_address>
         <size>0x2</size>
         <input_file_ref idref="fl-f8"/>
      </object_component>
      <object_component id="oc-504">
         <name>.text:PRCMLPDSEnterKeepDebugIf</name>
         <load_address>0x2000ddec</load_address>
         <run_address>0x2000ddec</run_address>
         <size>0x38</size>
         <input_file_ref idref="fl-25"/>
      </object_component>
      <object_component id="oc-db">
         <name>.text:addToList</name>
         <load_address>0x2000de24</load_address>
         <run_address>0x2000de24</run_address>
         <size>0x38</size>
         <input_file_ref idref="fl-1b"/>
      </object_component>
      <object_component id="oc-59">
         <name>.text:initVectors</name>
         <load_address>0x2000de5c</load_address>
         <run_address>0x2000de5c</run_address>
         <size>0x38</size>
         <input_file_ref idref="fl-1e"/>
      </object_component>
      <object_component id="oc-4d5">
         <name>.text:notify</name>
         <load_address>0x2000de94</load_address>
         <run_address>0x2000de94</run_address>
         <size>0x38</size>
         <input_file_ref idref="fl-13"/>
      </object_component>
      <object_component id="oc-422">
         <name>.text:ClockP_getTicksUntilInterrupt</name>
         <load_address>0x2000decc</load_address>
         <run_address>0x2000decc</run_address>
         <size>0x34</size>
         <input_file_ref idref="fl-1b"/>
      </object_component>
      <object_component id="oc-4c6">
         <name>.text:ClockP_startup</name>
         <load_address>0x2000df00</load_address>
         <run_address>0x2000df00</run_address>
         <size>0x34</size>
         <input_file_ref idref="fl-1b"/>
      </object_component>
      <object_component id="oc-28b">
         <name>.text:PinModeGet</name>
         <load_address>0x2000df34</load_address>
         <run_address>0x2000df34</run_address>
         <size>0x34</size>
         <input_file_ref idref="fl-24"/>
      </object_component>
      <object_component id="oc-37f">
         <name>.text:ClockP_start</name>
         <load_address>0x2000df68</load_address>
         <run_address>0x2000df68</run_address>
         <size>0x30</size>
         <input_file_ref idref="fl-1b"/>
      </object_component>
      <object_component id="oc-572">
         <name>.text:PowerCC32XX_restoreParkedPin</name>
         <load_address>0x2000df98</load_address>
         <run_address>0x2000df98</run_address>
         <size>0x30</size>
         <input_file_ref idref="fl-13"/>
      </object_component>
      <object_component id="oc-2f6">
         <name>.text:HwiP_create</name>
         <load_address>0x2000dfc8</load_address>
         <run_address>0x2000dfc8</run_address>
         <size>0x2a</size>
         <input_file_ref idref="fl-1c"/>
      </object_component>
      <object_component id="oc-73">
         <name>.text:busFaultHandler</name>
         <load_address>0x2000dff2</load_address>
         <run_address>0x2000dff2</run_address>
         <size>0x2</size>
         <input_file_ref idref="fl-1e"/>
      </object_component>
      <object_component id="oc-285">
         <name>.text:PRCMPeripheralClkDisable</name>
         <load_address>0x2000dff4</load_address>
         <run_address>0x2000dff4</run_address>
         <size>0x28</size>
         <input_file_ref idref="fl-25"/>
      </object_component>
      <object_component id="oc-2c3">
         <name>.text:Power_registerNotify</name>
         <load_address>0x2000e01c</load_address>
         <run_address>0x2000e01c</run_address>
         <size>0x28</size>
         <input_file_ref idref="fl-13"/>
      </object_component>
      <object_component id="oc-486">
         <name>.text:free_list_insert</name>
         <load_address>0x2000e044</load_address>
         <run_address>0x2000e044</run_address>
         <size>0x28</size>
         <input_file_ref idref="fl-e9"/>
      </object_component>
      <object_component id="oc-3a1">
         <name>.text:List_put</name>
         <load_address>0x2000e06c</load_address>
         <run_address>0x2000e06c</run_address>
         <size>0x26</size>
         <input_file_ref idref="fl-17"/>
      </object_component>
      <object_component id="oc-397">
         <name>.text:clkFxn</name>
         <load_address>0x2000e092</load_address>
         <run_address>0x2000e092</run_address>
         <size>0x2</size>
         <input_file_ref idref="fl-1a"/>
      </object_component>
      <object_component id="oc-4ac">
         <name>.text:HwiP_dispatch</name>
         <load_address>0x2000e094</load_address>
         <run_address>0x2000e094</run_address>
         <size>0x24</size>
         <input_file_ref idref="fl-1c"/>
      </object_component>
      <object_component id="oc-c5">
         <name>.text:_c_int00_noargs:_c_int00_noargs</name>
         <load_address>0x2000e0b8</load_address>
         <run_address>0x2000e0b8</run_address>
         <size>0x24</size>
         <input_file_ref idref="fl-ea"/>
      </object_component>
      <object_component id="oc-201">
         <name>.text:GPIO_setCallback</name>
         <load_address>0x2000e0dc</load_address>
         <run_address>0x2000e0dc</run_address>
         <size>0x1c</size>
         <input_file_ref idref="fl-d"/>
      </object_component>
      <object_component id="oc-54f">
         <name>.text:PinToPadGet</name>
         <load_address>0x2000e0f8</load_address>
         <run_address>0x2000e0f8</run_address>
         <size>0x1c</size>
         <input_file_ref idref="fl-24"/>
      </object_component>
      <object_component id="oc-416">
         <name>.text:SwiP_disable</name>
         <load_address>0x2000e114</load_address>
         <run_address>0x2000e114</run_address>
         <size>0x1c</size>
         <input_file_ref idref="fl-1f"/>
      </object_component>
      <object_component id="oc-47">
         <name>.text:decompress:ZI:__TI_zero_init_nomemset:__TI_zero_init_nomemset</name>
         <load_address>0x2000e130</load_address>
         <run_address>0x2000e130</run_address>
         <size>0x1c</size>
         <input_file_ref idref="fl-e6"/>
      </object_component>
      <object_component id="oc-480">
         <name>.text:free_list_remove</name>
         <load_address>0x2000e14c</load_address>
         <run_address>0x2000e14c</run_address>
         <size>0x1c</size>
         <input_file_ref idref="fl-e9"/>
      </object_component>
      <object_component id="oc-2a5">
         <name>.text:SemaphoreP_createBinary</name>
         <load_address>0x2000e168</load_address>
         <run_address>0x2000e168</run_address>
         <size>0x1a</size>
         <input_file_ref idref="fl-1a"/>
      </object_component>
      <object_component id="oc-6d">
         <name>.text:defaultHandler</name>
         <load_address>0x2000e182</load_address>
         <run_address>0x2000e182</run_address>
         <size>0x2</size>
         <input_file_ref idref="fl-1e"/>
      </object_component>
      <object_component id="oc-21">
         <name>.text:resetISR</name>
         <load_address>0x2000e184</load_address>
         <run_address>0x2000e184</run_address>
         <size>0x1a</size>
         <input_file_ref idref="fl-1e"/>
      </object_component>
      <object_component id="oc-67">
         <name>.text:faultISR</name>
         <load_address>0x2000e19e</load_address>
         <run_address>0x2000e19e</run_address>
         <size>0x2</size>
         <input_file_ref idref="fl-1e"/>
      </object_component>
      <object_component id="oc-428">
         <name>.text:Power_getTransitionLatency</name>
         <load_address>0x2000e1a0</load_address>
         <run_address>0x2000e1a0</run_address>
         <size>0x18</size>
         <input_file_ref idref="fl-13"/>
      </object_component>
      <object_component id="oc-518">
         <name>.text:Power_idleFunc</name>
         <load_address>0x2000e1b8</load_address>
         <run_address>0x2000e1b8</run_address>
         <size>0x18</size>
         <input_file_ref idref="fl-13"/>
      </object_component>
      <object_component id="oc-445">
         <name>.text</name>
         <load_address>0x2000e1d0</load_address>
         <run_address>0x2000e1d0</run_address>
         <size>0x18</size>
         <input_file_ref idref="fl-e3"/>
      </object_component>
      <object_component id="oc-273">
         <name>.text:PRCMHIBRegRead</name>
         <load_address>0x2000e1e8</load_address>
         <run_address>0x2000e1e8</run_address>
         <size>0x16</size>
         <input_file_ref idref="fl-25"/>
      </object_component>
      <object_component id="oc-26d">
         <name>.text:PRCMHIBRegWrite</name>
         <load_address>0x2000e1fe</load_address>
         <run_address>0x2000e1fe</run_address>
         <size>0x16</size>
         <input_file_ref idref="fl-25"/>
      </object_component>
      <object_component id="oc-367">
         <name>.text:SemaphoreP_create</name>
         <load_address>0x2000e214</load_address>
         <run_address>0x2000e214</run_address>
         <size>0x16</size>
         <input_file_ref idref="fl-1a"/>
      </object_component>
      <object_component id="oc-15a">
         <name>.text:Board_init</name>
         <load_address>0x2000e22a</load_address>
         <run_address>0x2000e22a</run_address>
         <size>0x14</size>
         <input_file_ref idref="fl-2"/>
      </object_component>
      <object_component id="oc-a3">
         <name>.text:CPUcpsid</name>
         <load_address>0x2000e23e</load_address>
         <run_address>0x2000e23e</run_address>
         <size>0x14</size>
         <input_file_ref idref="fl-21"/>
      </object_component>
      <object_component id="oc-213">
         <name>.text:gpioButtonFxn1</name>
         <load_address>0x2000e252</load_address>
         <run_address>0x2000e252</run_address>
         <size>0x2</size>
         <input_file_ref idref="fl-1"/>
      </object_component>
      <object_component id="oc-3a8">
         <name>.text:HwiP_inISR</name>
         <load_address>0x2000e254</load_address>
         <run_address>0x2000e254</run_address>
         <size>0x14</size>
         <input_file_ref idref="fl-1c"/>
      </object_component>
      <object_component id="oc-af">
         <name>.text:IntVTableBaseSet</name>
         <load_address>0x2000e268</load_address>
         <run_address>0x2000e268</run_address>
         <size>0x14</size>
         <input_file_ref idref="fl-23"/>
      </object_component>
      <object_component id="oc-3ae">
         <name>.text:Power_disablePolicy</name>
         <load_address>0x2000e27c</load_address>
         <run_address>0x2000e27c</run_address>
         <size>0x14</size>
         <input_file_ref idref="fl-13"/>
      </object_component>
      <object_component id="oc-56b">
         <name>.text:Power_getDependencyCount</name>
         <load_address>0x2000e290</load_address>
         <run_address>0x2000e290</run_address>
         <size>0x14</size>
         <input_file_ref idref="fl-13"/>
      </object_component>
      <object_component id="oc-2f0">
         <name>.text:HwiP_Params_init</name>
         <load_address>0x2000e2a4</load_address>
         <run_address>0x2000e2a4</run_address>
         <size>0x12</size>
         <input_file_ref idref="fl-1c"/>
      </object_component>
      <object_component id="oc-11f">
         <name>.text:main</name>
         <load_address>0x2000e2b6</load_address>
         <run_address>0x2000e2b6</run_address>
         <size>0x12</size>
         <input_file_ref idref="fl-3"/>
      </object_component>
      <object_component id="oc-379">
         <name>.text:ClockP_add</name>
         <load_address>0x2000e2c8</load_address>
         <run_address>0x2000e2c8</run_address>
         <size>0x10</size>
         <input_file_ref idref="fl-1b"/>
      </object_component>
      <object_component id="oc-410">
         <name>.text:ClockP_getCpuFreq</name>
         <load_address>0x2000e2d8</load_address>
         <run_address>0x2000e2d8</run_address>
         <size>0x10</size>
         <input_file_ref idref="fl-1b"/>
      </object_component>
      <object_component id="oc-42e">
         <name>.text:ClockP_getSystemTicks</name>
         <load_address>0x2000e2e8</load_address>
         <run_address>0x2000e2e8</run_address>
         <size>0x10</size>
         <input_file_ref idref="fl-1b"/>
      </object_component>
      <object_component id="oc-44a">
         <name>.text:ClockP_setTicks</name>
         <load_address>0x2000e2f8</load_address>
         <run_address>0x2000e2f8</run_address>
         <size>0x10</size>
         <input_file_ref idref="fl-1b"/>
      </object_component>
      <object_component id="oc-2b1">
         <name>.text:HwiP_restore</name>
         <load_address>0x2000e308</load_address>
         <run_address>0x2000e308</run_address>
         <size>0x10</size>
         <input_file_ref idref="fl-1c"/>
      </object_component>
      <object_component id="oc-385">
         <name>.text:Power_enablePolicy</name>
         <load_address>0x2000e318</load_address>
         <run_address>0x2000e318</run_address>
         <size>0x10</size>
         <input_file_ref idref="fl-13"/>
      </object_component>
      <object_component id="oc-361">
         <name>.text:SemaphoreP_Params_init</name>
         <load_address>0x2000e328</load_address>
         <run_address>0x2000e328</run_address>
         <size>0x10</size>
         <input_file_ref idref="fl-1a"/>
      </object_component>
      <object_component id="oc-2ab">
         <name>.text:HwiP_disable</name>
         <load_address>0x2000e338</load_address>
         <run_address>0x2000e338</run_address>
         <size>0xe</size>
         <input_file_ref idref="fl-1c"/>
      </object_component>
      <object_component id="oc-160">
         <name>.text:HwiP_enable</name>
         <load_address>0x2000e346</load_address>
         <run_address>0x2000e346</run_address>
         <size>0xe</size>
         <input_file_ref idref="fl-1c"/>
      </object_component>
      <object_component id="oc-1a">
         <name>.text:decompress:none:__TI_decompress_none</name>
         <load_address>0x2000e354</load_address>
         <run_address>0x2000e354</run_address>
         <size>0xe</size>
         <input_file_ref idref="fl-e7"/>
      </object_component>
      <object_component id="oc-61">
         <name>.text:nmiISR</name>
         <load_address>0x2000e362</load_address>
         <run_address>0x2000e362</run_address>
         <size>0x2</size>
         <input_file_ref idref="fl-1e"/>
      </object_component>
      <object_component id="oc-41c">
         <name>.text:Power_getConstraintMask</name>
         <load_address>0x2000e364</load_address>
         <run_address>0x2000e364</run_address>
         <size>0xc</size>
         <input_file_ref idref="fl-13"/>
      </object_component>
      <object_component id="oc-38b">
         <name>.text:ClockP_isActive</name>
         <load_address>0x2000e370</load_address>
         <run_address>0x2000e370</run_address>
         <size>0xa</size>
         <input_file_ref idref="fl-1b"/>
      </object_component>
      <object_component id="oc-53">
         <name>.text:IntMasterDisable</name>
         <load_address>0x2000e37a</load_address>
         <run_address>0x2000e37a</run_address>
         <size>0xa</size>
         <input_file_ref idref="fl-23"/>
      </object_component>
      <object_component id="oc-3cc">
         <name>.text:malloc</name>
         <load_address>0x2000e384</load_address>
         <run_address>0x2000e384</run_address>
         <size>0x8</size>
         <input_file_ref idref="fl-e9"/>
      </object_component>
      <object_component id="oc-26c">
         <name>.text:UtilsDelay</name>
         <load_address>0x2000e38c</load_address>
         <run_address>0x2000e38c</run_address>
         <size>0x6</size>
         <input_file_ref idref="fl-28"/>
      </object_component>
      <object_component id="oc-20d">
         <name>.text:gpioButtonFxn0</name>
         <load_address>0x2000e392</load_address>
         <run_address>0x2000e392</run_address>
         <size>0x6</size>
         <input_file_ref idref="fl-1"/>
      </object_component>
      <object_component id="oc-450">
         <name>.text:ClockP_doTick</name>
         <load_address>0x2000e398</load_address>
         <run_address>0x2000e398</run_address>
         <size>0x4</size>
         <input_file_ref idref="fl-1b"/>
      </object_component>
      <object_component id="oc-50e">
         <name>.text:HwiP_post</name>
         <load_address>0x2000e39c</load_address>
         <run_address>0x2000e39c</run_address>
         <size>0x4</size>
         <input_file_ref idref="fl-1c"/>
      </object_component>
      <object_component id="oc-2b7">
         <name>.text:SemaphoreP_delete</name>
         <load_address>0x2000e3a0</load_address>
         <run_address>0x2000e3a0</run_address>
         <size>0x4</size>
         <input_file_ref idref="fl-1a"/>
      </object_component>
      <object_component id="oc-119">
         <name>.text:_system_pre_init</name>
         <load_address>0x2000e3a4</load_address>
         <run_address>0x2000e3a4</run_address>
         <size>0x4</size>
         <input_file_ref idref="fl-f5"/>
      </object_component>
      <object_component id="oc-16d">
         <name>.text:abort:abort</name>
         <load_address>0x2000e3a8</load_address>
         <run_address>0x2000e3a8</run_address>
         <size>0x4</size>
         <input_file_ref idref="fl-f7"/>
      </object_component>
      <object_component id="oc-4cf">
         <name>.text</name>
         <load_address>0x2000e3ac</load_address>
         <run_address>0x2000e3ac</run_address>
         <size>0x2</size>
         <input_file_ref idref="fl-ec"/>
      </object_component>
      <object_component id="oc-346">
         <name>.const:g_ulPinToPadMap</name>
         <load_address>0x2000e9d0</load_address>
         <run_address>0x2000e9d0</run_address>
         <size>0x100</size>
         <input_file_ref idref="fl-24"/>
      </object_component>
      <object_component id="oc-33f">
         <name>.const:PRCM_PeriphRegsList</name>
         <load_address>0x2000ead0</load_address>
         <run_address>0x2000ead0</run_address>
         <size>0xa8</size>
         <input_file_ref idref="fl-25"/>
      </object_component>
      <object_component id="oc-2a1">
         <name>.const:PowerCC32XX_config</name>
         <load_address>0x2000eb78</load_address>
         <run_address>0x2000eb78</run_address>
         <size>0x44</size>
         <input_file_ref idref="fl-2"/>
      </object_component>
      <object_component id="oc-30b">
         <name>.const:portConfigs</name>
         <load_address>0x2000ebbc</load_address>
         <run_address>0x2000ebbc</run_address>
         <size>0x28</size>
         <input_file_ref idref="fl-11"/>
      </object_component>
      <object_component id="oc-302">
         <name>.const:.string:pinTable</name>
         <load_address>0x2000ebe4</load_address>
         <run_address>0x2000ebe4</run_address>
         <size>0x21</size>
         <input_file_ref idref="fl-11"/>
      </object_component>
      <object_component id="oc-113">
         <name>.const:g_pulEnRegs</name>
         <load_address>0x2000ec08</load_address>
         <run_address>0x2000ec08</run_address>
         <size>0x18</size>
         <input_file_ref idref="fl-23"/>
      </object_component>
      <object_component id="oc-598">
         <name>.const:g_pulPendRegs</name>
         <load_address>0x2000ec20</load_address>
         <run_address>0x2000ec20</run_address>
         <size>0x18</size>
         <input_file_ref idref="fl-23"/>
      </object_component>
      <object_component id="oc-2d6">
         <name>.const:GPIO_config</name>
         <load_address>0x2000ec38</load_address>
         <run_address>0x2000ec38</run_address>
         <size>0x10</size>
         <input_file_ref idref="fl-2"/>
      </object_component>
      <object_component id="oc-2d3">
         <name>.const</name>
         <load_address>0x2000ec48</load_address>
         <run_address>0x2000ec48</run_address>
         <size>0xb</size>
         <input_file_ref idref="fl-2"/>
      </object_component>
      <object_component id="oc-5cc">
         <name>.cinit..data.load</name>
         <load_address>0x2000eec8</load_address>
         <run_address>0x2000eec8</run_address>
         <size>0xcb</size>
      </object_component>
      <object_component id="oc-5ca">
         <name>__TI_handler_table</name>
         <load_address>0x2000ef94</load_address>
         <run_address>0x2000ef94</run_address>
         <size>0xc</size>
      </object_component>
      <object_component id="oc-5cd">
         <name>.cinit..bss.load</name>
         <load_address>0x2000efa0</load_address>
         <run_address>0x2000efa0</run_address>
         <size>0x8</size>
      </object_component>
      <object_component id="oc-5cb">
         <name>__TI_cinit_table</name>
         <load_address>0x2000efa8</load_address>
         <run_address>0x2000efa8</run_address>
         <size>0x10</size>
      </object_component>
      <object_component id="oc-3b9">
         <name>.data:gpioPinConfigs</name>
         <load_address>0x2000e920</load_address>
         <run_address>0x2000e920</run_address>
         <size>0x84</size>
         <input_file_ref idref="fl-2"/>
      </object_component>
      <object_component id="oc-35c">
         <name>.data:parkInfo</name>
         <load_address>0x2000e828</load_address>
         <run_address>0x2000e828</run_address>
         <size>0xf8</size>
         <input_file_ref idref="fl-2"/>
      </object_component>
      <object_component id="oc-2d0">
         <name>.data</name>
         <load_address>0x2000e9cc</load_address>
         <run_address>0x2000e9cc</run_address>
         <size>0x2</size>
         <input_file_ref idref="fl-11"/>
      </object_component>
      <object_component id="oc-29e">
         <name>.data:PowerCC32XX_module</name>
         <load_address>0x2000e6bc</load_address>
         <run_address>0x2000e6bc</run_address>
         <size>0x16c</size>
         <input_file_ref idref="fl-13"/>
      </object_component>
      <object_component id="oc-39d">
         <name>.data</name>
         <load_address>0x2000e9c9</load_address>
         <run_address>0x2000e9c9</run_address>
         <size>0x3</size>
         <input_file_ref idref="fl-1a"/>
      </object_component>
      <object_component id="oc-462">
         <name>.data:SemaphoreP_defaultParams</name>
         <load_address>0x2000e9b4</load_address>
         <run_address>0x2000e9b4</run_address>
         <size>0x8</size>
         <input_file_ref idref="fl-1a"/>
      </object_component>
      <object_component id="oc-45c">
         <name>.data</name>
         <load_address>0x2000e9c4</load_address>
         <run_address>0x2000e9c4</run_address>
         <size>0x5</size>
         <input_file_ref idref="fl-1b"/>
      </object_component>
      <object_component id="oc-4a9">
         <name>.data:HwiP_dispatchTable</name>
         <load_address>0x2000e3b0</load_address>
         <run_address>0x2000e3b0</run_address>
         <size>0x30c</size>
         <input_file_ref idref="fl-1c"/>
      </object_component>
      <object_component id="oc-4b2">
         <name>.data</name>
         <load_address>0x2000e9bc</load_address>
         <run_address>0x2000e9bc</run_address>
         <size>0x8</size>
         <input_file_ref idref="fl-1c"/>
      </object_component>
      <object_component id="oc-521">
         <name>.data:$O1$$</name>
         <load_address>0x2000e9ac</load_address>
         <run_address>0x2000e9ac</run_address>
         <size>0x8</size>
         <input_file_ref idref="fl-e9"/>
      </object_component>
      <object_component id="oc-21e">
         <name>.data:$O1$$</name>
         <load_address>0x2000e9a4</load_address>
         <run_address>0x2000e9a4</run_address>
         <size>0x8</size>
         <input_file_ref idref="fl-f8"/>
      </object_component>
      <object_component id="oc-2d9">
         <name>.bss:powerNotifyObj</name>
         <uninitialized>true</uninitialized>
         <run_address>0x2000ee8c</run_address>
         <size>0x14</size>
         <input_file_ref idref="fl-11"/>
      </object_component>
      <object_component id="oc-2cf">
         <name>.bss</name>
         <uninitialized>true</uninitialized>
         <run_address>0x2000eec0</run_address>
         <size>0x4</size>
         <input_file_ref idref="fl-11"/>
      </object_component>
      <object_component id="oc-547">
         <name>.bss</name>
         <uninitialized>true</uninitialized>
         <run_address>0x2000eec4</run_address>
         <size>0x4</size>
         <input_file_ref idref="fl-1b"/>
      </object_component>
      <object_component id="oc-4ba">
         <name>.bss</name>
         <uninitialized>true</uninitialized>
         <run_address>0x2000eeb0</run_address>
         <size>0xd</size>
         <input_file_ref idref="fl-1f"/>
      </object_component>
      <object_component id="oc-3bc">
         <name>.common:gpioCallbackFunctions</name>
         <uninitialized>true</uninitialized>
         <run_address>0x2000ed84</run_address>
         <size>0x84</size>
      </object_component>
      <object_component id="oc-3bd">
         <name>.common:gpioUserArgs</name>
         <uninitialized>true</uninitialized>
         <run_address>0x2000ee08</run_address>
         <size>0x84</size>
      </object_component>
      <object_component id="oc-55c">
         <name>.common:PowerCC32XX_contextSave</name>
         <uninitialized>true</uninitialized>
         <run_address>0x2000ec58</run_address>
         <size>0x12c</size>
      </object_component>
      <object_component id="oc-e1">
         <name>.common:ClockP_ctrl</name>
         <uninitialized>true</uninitialized>
         <run_address>0x2000eea0</run_address>
         <size>0x10</size>
      </object_component>
      <object_component id="oc-2a">
         <name>.sysmem</name>
         <uninitialized>true</uninitialized>
         <run_address>0x20004040</run_address>
         <size>0x10</size>
         <input_file_ref idref="fl-e9"/>
      </object_component>
      <object_component id="oc-5d0">
         <name>.sysmem</name>
         <uninitialized>true</uninitialized>
         <run_address>0x20004040</run_address>
         <size>0x0</size>
      </object_component>
      <object_component id="oc-2d">
         <name>.stack</name>
         <uninitialized>true</uninitialized>
         <run_address>0x20003000</run_address>
         <size>0x4</size>
         <input_file_ref idref="fl-ea"/>
      </object_component>
      <object_component id="oc-5cf">
         <name>.stack</name>
         <uninitialized>true</uninitialized>
         <run_address>0x20003000</run_address>
         <size>0x0</size>
      </object_component>
      <object_component id="oc-27">
         <name>.resetVecs:retain</name>
         <load_address>0x20004000</load_address>
         <run_address>0x20004000</run_address>
         <size>0x40</size>
         <input_file_ref idref="fl-1e"/>
      </object_component>
      <object_component id="oc-bb">
         <name>.ramVecs</name>
         <uninitialized>true</uninitialized>
         <run_address>0x20000000</run_address>
         <size>0x30c</size>
         <input_file_ref idref="fl-1e"/>
      </object_component>
      <object_component id="oc-152">
         <name>.debug_info</name>
         <load_address>0x0</load_address>
         <run_address>0x0</run_address>
         <size>0x795</size>
         <input_file_ref idref="fl-1"/>
      </object_component>
      <object_component id="oc-168">
         <name>.debug_info</name>
         <load_address>0x795</load_address>
         <run_address>0x795</run_address>
         <size>0x1fe</size>
         <input_file_ref idref="fl-1"/>
      </object_component>
      <object_component id="oc-215">
         <name>.debug_info</name>
         <load_address>0x993</load_address>
         <run_address>0x993</run_address>
         <size>0x14a</size>
         <input_file_ref idref="fl-1"/>
      </object_component>
      <object_component id="oc-20f">
         <name>.debug_info</name>
         <load_address>0xadd</load_address>
         <run_address>0xadd</run_address>
         <size>0x156</size>
         <input_file_ref idref="fl-1"/>
      </object_component>
      <object_component id="oc-1b0">
         <name>.debug_info</name>
         <load_address>0xc33</load_address>
         <run_address>0xc33</run_address>
         <size>0x3b0</size>
         <input_file_ref idref="fl-1"/>
      </object_component>
      <object_component id="oc-1b5">
         <name>.debug_info</name>
         <load_address>0xfe3</load_address>
         <run_address>0xfe3</run_address>
         <size>0x4cf</size>
         <input_file_ref idref="fl-1"/>
      </object_component>
      <object_component id="oc-1ba">
         <name>.debug_info</name>
         <load_address>0x14b2</load_address>
         <run_address>0x14b2</run_address>
         <size>0x2a7</size>
         <input_file_ref idref="fl-1"/>
      </object_component>
      <object_component id="oc-139">
         <name>.debug_info</name>
         <load_address>0x1759</load_address>
         <run_address>0x1759</run_address>
         <size>0x100</size>
         <input_file_ref idref="fl-1"/>
      </object_component>
      <object_component id="oc-25c">
         <name>.debug_info</name>
         <load_address>0x1859</load_address>
         <run_address>0x1859</run_address>
         <size>0xf8</size>
         <input_file_ref idref="fl-1"/>
      </object_component>
      <object_component id="oc-1bf">
         <name>.debug_info</name>
         <load_address>0x1951</load_address>
         <run_address>0x1951</run_address>
         <size>0x65</size>
         <input_file_ref idref="fl-1"/>
      </object_component>
      <object_component id="oc-e7">
         <name>.debug_info</name>
         <load_address>0x19b6</load_address>
         <run_address>0x19b6</run_address>
         <size>0x26b</size>
         <input_file_ref idref="fl-1"/>
      </object_component>
      <object_component id="oc-1d2">
         <name>.debug_info</name>
         <load_address>0x1c21</load_address>
         <run_address>0x1c21</run_address>
         <size>0xa8</size>
         <input_file_ref idref="fl-1"/>
      </object_component>
      <object_component id="oc-1c3">
         <name>.debug_info</name>
         <load_address>0x1cc9</load_address>
         <run_address>0x1cc9</run_address>
         <size>0xa1</size>
         <input_file_ref idref="fl-1"/>
      </object_component>
      <object_component id="oc-261">
         <name>.debug_info</name>
         <load_address>0x1d6a</load_address>
         <run_address>0x1d6a</run_address>
         <size>0xb6</size>
         <input_file_ref idref="fl-1"/>
      </object_component>
      <object_component id="oc-10d">
         <name>.debug_info</name>
         <load_address>0x1e20</load_address>
         <run_address>0x1e20</run_address>
         <size>0x8b</size>
         <input_file_ref idref="fl-1"/>
      </object_component>
      <object_component id="oc-14d">
         <name>.debug_info</name>
         <load_address>0x1eab</load_address>
         <run_address>0x1eab</run_address>
         <size>0x2a4</size>
         <input_file_ref idref="fl-1"/>
      </object_component>
      <object_component id="oc-1cd">
         <name>.debug_info</name>
         <load_address>0x214f</load_address>
         <run_address>0x214f</run_address>
         <size>0xef</size>
         <input_file_ref idref="fl-1"/>
      </object_component>
      <object_component id="oc-134">
         <name>.debug_info</name>
         <load_address>0x223e</load_address>
         <run_address>0x223e</run_address>
         <size>0xbb</size>
         <input_file_ref idref="fl-1"/>
      </object_component>
      <object_component id="oc-aa">
         <name>.debug_info</name>
         <load_address>0x22f9</load_address>
         <run_address>0x22f9</run_address>
         <size>0x2c</size>
         <input_file_ref idref="fl-1"/>
      </object_component>
      <object_component id="oc-1c8">
         <name>.debug_info</name>
         <load_address>0x2325</load_address>
         <run_address>0x2325</run_address>
         <size>0x53</size>
         <input_file_ref idref="fl-1"/>
      </object_component>
      <object_component id="oc-1ac">
         <name>.debug_info</name>
         <load_address>0x2378</load_address>
         <run_address>0x2378</run_address>
         <size>0x6c6</size>
         <input_file_ref idref="fl-2"/>
      </object_component>
      <object_component id="oc-2d4">
         <name>.debug_info</name>
         <load_address>0x2a3e</load_address>
         <run_address>0x2a3e</run_address>
         <size>0x31e</size>
         <input_file_ref idref="fl-2"/>
      </object_component>
      <object_component id="oc-3ba">
         <name>.debug_info</name>
         <load_address>0x2d5c</load_address>
         <run_address>0x2d5c</run_address>
         <size>0x102</size>
         <input_file_ref idref="fl-2"/>
      </object_component>
      <object_component id="oc-2d7">
         <name>.debug_info</name>
         <load_address>0x2e5e</load_address>
         <run_address>0x2e5e</run_address>
         <size>0xfc</size>
         <input_file_ref idref="fl-2"/>
      </object_component>
      <object_component id="oc-2a2">
         <name>.debug_info</name>
         <load_address>0x2f5a</load_address>
         <run_address>0x2f5a</run_address>
         <size>0x10a</size>
         <input_file_ref idref="fl-2"/>
      </object_component>
      <object_component id="oc-35d">
         <name>.debug_info</name>
         <load_address>0x3064</load_address>
         <run_address>0x3064</run_address>
         <size>0xf7</size>
         <input_file_ref idref="fl-2"/>
      </object_component>
      <object_component id="oc-1ef">
         <name>.debug_info</name>
         <load_address>0x315b</load_address>
         <run_address>0x315b</run_address>
         <size>0x151</size>
         <input_file_ref idref="fl-2"/>
      </object_component>
      <object_component id="oc-15c">
         <name>.debug_info</name>
         <load_address>0x32ac</load_address>
         <run_address>0x32ac</run_address>
         <size>0x197</size>
         <input_file_ref idref="fl-2"/>
      </object_component>
      <object_component id="oc-24d">
         <name>.debug_info</name>
         <load_address>0x3443</load_address>
         <run_address>0x3443</run_address>
         <size>0x198</size>
         <input_file_ref idref="fl-2"/>
      </object_component>
      <object_component id="oc-248">
         <name>.debug_info</name>
         <load_address>0x35db</load_address>
         <run_address>0x35db</run_address>
         <size>0x878</size>
         <input_file_ref idref="fl-2"/>
      </object_component>
      <object_component id="oc-143">
         <name>.debug_info</name>
         <load_address>0x3e53</load_address>
         <run_address>0x3e53</run_address>
         <size>0x137</size>
         <input_file_ref idref="fl-2"/>
      </object_component>
      <object_component id="oc-243">
         <name>.debug_info</name>
         <load_address>0x3f8a</load_address>
         <run_address>0x3f8a</run_address>
         <size>0x223</size>
         <input_file_ref idref="fl-2"/>
      </object_component>
      <object_component id="oc-257">
         <name>.debug_info</name>
         <load_address>0x41ad</load_address>
         <run_address>0x41ad</run_address>
         <size>0x518</size>
         <input_file_ref idref="fl-2"/>
      </object_component>
      <object_component id="oc-252">
         <name>.debug_info</name>
         <load_address>0x46c5</load_address>
         <run_address>0x46c5</run_address>
         <size>0xbb</size>
         <input_file_ref idref="fl-2"/>
      </object_component>
      <object_component id="oc-400">
         <name>.debug_info</name>
         <load_address>0x4780</load_address>
         <run_address>0x4780</run_address>
         <size>0x62</size>
         <input_file_ref idref="fl-2"/>
      </object_component>
      <object_component id="oc-120">
         <name>.debug_info</name>
         <load_address>0x47e2</load_address>
         <run_address>0x47e2</run_address>
         <size>0x14f</size>
         <input_file_ref idref="fl-3"/>
      </object_component>
      <object_component id="oc-36">
         <name>.debug_info</name>
         <load_address>0x4931</load_address>
         <run_address>0x4931</run_address>
         <size>0x84</size>
         <input_file_ref idref="fl-3"/>
      </object_component>
      <object_component id="oc-155">
         <name>.debug_info</name>
         <load_address>0x49b5</load_address>
         <run_address>0x49b5</run_address>
         <size>0x18a</size>
         <input_file_ref idref="fl-d"/>
      </object_component>
      <object_component id="oc-202">
         <name>.debug_info</name>
         <load_address>0x4b3f</load_address>
         <run_address>0x4b3f</run_address>
         <size>0x15e</size>
         <input_file_ref idref="fl-d"/>
      </object_component>
      <object_component id="oc-104">
         <name>.debug_info</name>
         <load_address>0x4c9d</load_address>
         <run_address>0x4c9d</run_address>
         <size>0x2c</size>
         <input_file_ref idref="fl-d"/>
      </object_component>
      <object_component id="oc-ec">
         <name>.debug_info</name>
         <load_address>0x4cc9</load_address>
         <run_address>0x4cc9</run_address>
         <size>0x35</size>
         <input_file_ref idref="fl-d"/>
      </object_component>
      <object_component id="oc-1ab">
         <name>.debug_info</name>
         <load_address>0x4cfe</load_address>
         <run_address>0x4cfe</run_address>
         <size>0x435</size>
         <input_file_ref idref="fl-e"/>
      </object_component>
      <object_component id="oc-23c">
         <name>.debug_info</name>
         <load_address>0x5133</load_address>
         <run_address>0x5133</run_address>
         <size>0x3b0</size>
         <input_file_ref idref="fl-e"/>
      </object_component>
      <object_component id="oc-13e">
         <name>.debug_info</name>
         <load_address>0x54e3</load_address>
         <run_address>0x54e3</run_address>
         <size>0x110</size>
         <input_file_ref idref="fl-e"/>
      </object_component>
      <object_component id="oc-30f">
         <name>.debug_info</name>
         <load_address>0x55f3</load_address>
         <run_address>0x55f3</run_address>
         <size>0x5a8</size>
         <input_file_ref idref="fl-11"/>
      </object_component>
      <object_component id="oc-303">
         <name>.debug_info</name>
         <load_address>0x5b9b</load_address>
         <run_address>0x5b9b</run_address>
         <size>0xdc</size>
         <input_file_ref idref="fl-11"/>
      </object_component>
      <object_component id="oc-30c">
         <name>.debug_info</name>
         <load_address>0x5c77</load_address>
         <run_address>0x5c77</run_address>
         <size>0xe2</size>
         <input_file_ref idref="fl-11"/>
      </object_component>
      <object_component id="oc-2d1">
         <name>.debug_info</name>
         <load_address>0x5d59</load_address>
         <run_address>0x5d59</run_address>
         <size>0x11a</size>
         <input_file_ref idref="fl-11"/>
      </object_component>
      <object_component id="oc-2da">
         <name>.debug_info</name>
         <load_address>0x5e73</load_address>
         <run_address>0x5e73</run_address>
         <size>0xe8</size>
         <input_file_ref idref="fl-11"/>
      </object_component>
      <object_component id="oc-308">
         <name>.debug_info</name>
         <load_address>0x5f5b</load_address>
         <run_address>0x5f5b</run_address>
         <size>0x1a4</size>
         <input_file_ref idref="fl-11"/>
      </object_component>
      <object_component id="oc-3dc">
         <name>.debug_info</name>
         <load_address>0x60ff</load_address>
         <run_address>0x60ff</run_address>
         <size>0x187</size>
         <input_file_ref idref="fl-11"/>
      </object_component>
      <object_component id="oc-20a">
         <name>.debug_info</name>
         <load_address>0x6286</load_address>
         <run_address>0x6286</run_address>
         <size>0x185</size>
         <input_file_ref idref="fl-11"/>
      </object_component>
      <object_component id="oc-2ff">
         <name>.debug_info</name>
         <load_address>0x640b</load_address>
         <run_address>0x640b</run_address>
         <size>0x1f1</size>
         <input_file_ref idref="fl-11"/>
      </object_component>
      <object_component id="oc-1f8">
         <name>.debug_info</name>
         <load_address>0x65fc</load_address>
         <run_address>0x65fc</run_address>
         <size>0x372</size>
         <input_file_ref idref="fl-11"/>
      </object_component>
      <object_component id="oc-2de">
         <name>.debug_info</name>
         <load_address>0x696e</load_address>
         <run_address>0x696e</run_address>
         <size>0x1dd</size>
         <input_file_ref idref="fl-11"/>
      </object_component>
      <object_component id="oc-1fd">
         <name>.debug_info</name>
         <load_address>0x6b4b</load_address>
         <run_address>0x6b4b</run_address>
         <size>0x1de</size>
         <input_file_ref idref="fl-11"/>
      </object_component>
      <object_component id="oc-315">
         <name>.debug_info</name>
         <load_address>0x6d29</load_address>
         <run_address>0x6d29</run_address>
         <size>0x1bb</size>
         <input_file_ref idref="fl-11"/>
      </object_component>
      <object_component id="oc-1e9">
         <name>.debug_info</name>
         <load_address>0x6ee4</load_address>
         <run_address>0x6ee4</run_address>
         <size>0x21c</size>
         <input_file_ref idref="fl-11"/>
      </object_component>
      <object_component id="oc-3e7">
         <name>.debug_info</name>
         <load_address>0x7100</load_address>
         <run_address>0x7100</run_address>
         <size>0x72</size>
         <input_file_ref idref="fl-11"/>
      </object_component>
      <object_component id="oc-34c">
         <name>.debug_info</name>
         <load_address>0x7172</load_address>
         <run_address>0x7172</run_address>
         <size>0x5aa</size>
         <input_file_ref idref="fl-13"/>
      </object_component>
      <object_component id="oc-29f">
         <name>.debug_info</name>
         <load_address>0x771c</load_address>
         <run_address>0x771c</run_address>
         <size>0xf3</size>
         <input_file_ref idref="fl-13"/>
      </object_component>
      <object_component id="oc-4d6">
         <name>.debug_info</name>
         <load_address>0x780f</load_address>
         <run_address>0x780f</run_address>
         <size>0x16d</size>
         <input_file_ref idref="fl-13"/>
      </object_component>
      <object_component id="oc-556">
         <name>.debug_info</name>
         <load_address>0x797c</load_address>
         <run_address>0x797c</run_address>
         <size>0x25b</size>
         <input_file_ref idref="fl-13"/>
      </object_component>
      <object_component id="oc-4dc">
         <name>.debug_info</name>
         <load_address>0x7bd7</load_address>
         <run_address>0x7bd7</run_address>
         <size>0x197</size>
         <input_file_ref idref="fl-13"/>
      </object_component>
      <object_component id="oc-4e2">
         <name>.debug_info</name>
         <load_address>0x7d6e</load_address>
         <run_address>0x7d6e</run_address>
         <size>0x127</size>
         <input_file_ref idref="fl-13"/>
      </object_component>
      <object_component id="oc-4ed">
         <name>.debug_info</name>
         <load_address>0x7e95</load_address>
         <run_address>0x7e95</run_address>
         <size>0x12d</size>
         <input_file_ref idref="fl-13"/>
      </object_component>
      <object_component id="oc-56c">
         <name>.debug_info</name>
         <load_address>0x7fc2</load_address>
         <run_address>0x7fc2</run_address>
         <size>0x190</size>
         <input_file_ref idref="fl-13"/>
      </object_component>
      <object_component id="oc-4f3">
         <name>.debug_info</name>
         <load_address>0x8152</load_address>
         <run_address>0x8152</run_address>
         <size>0x16d</size>
         <input_file_ref idref="fl-13"/>
      </object_component>
      <object_component id="oc-573">
         <name>.debug_info</name>
         <load_address>0x82bf</load_address>
         <run_address>0x82bf</run_address>
         <size>0x1fe</size>
         <input_file_ref idref="fl-13"/>
      </object_component>
      <object_component id="oc-4f9">
         <name>.debug_info</name>
         <load_address>0x84bd</load_address>
         <run_address>0x84bd</run_address>
         <size>0x177</size>
         <input_file_ref idref="fl-13"/>
      </object_component>
      <object_component id="oc-440">
         <name>.debug_info</name>
         <load_address>0x8634</load_address>
         <run_address>0x8634</run_address>
         <size>0x2dc</size>
         <input_file_ref idref="fl-13"/>
      </object_component>
      <object_component id="oc-41d">
         <name>.debug_info</name>
         <load_address>0x8910</load_address>
         <run_address>0x8910</run_address>
         <size>0x13f</size>
         <input_file_ref idref="fl-13"/>
      </object_component>
      <object_component id="oc-2ec">
         <name>.debug_info</name>
         <load_address>0x8a4f</load_address>
         <run_address>0x8a4f</run_address>
         <size>0x1df</size>
         <input_file_ref idref="fl-13"/>
      </object_component>
      <object_component id="oc-2c5">
         <name>.debug_info</name>
         <load_address>0x8c2e</load_address>
         <run_address>0x8c2e</run_address>
         <size>0x246</size>
         <input_file_ref idref="fl-13"/>
      </object_component>
      <object_component id="oc-29a">
         <name>.debug_info</name>
         <load_address>0x8e74</load_address>
         <run_address>0x8e74</run_address>
         <size>0x193</size>
         <input_file_ref idref="fl-13"/>
      </object_component>
      <object_component id="oc-1e2">
         <name>.debug_info</name>
         <load_address>0x9007</load_address>
         <run_address>0x9007</run_address>
         <size>0x151</size>
         <input_file_ref idref="fl-13"/>
      </object_component>
      <object_component id="oc-519">
         <name>.debug_info</name>
         <load_address>0x9158</load_address>
         <run_address>0x9158</run_address>
         <size>0x130</size>
[...]
      </symbol>
      <symbol id="sm-10f">
         <name>GPIO_pinLowerBound</name>
         <value>0x2000ec48</value>
         <object_component_ref idref="oc-2d3"/>
      </symbol>
      <symbol id="sm-11f">
         <name>main</name>
         <value>0x2000e2b7</value>
         <object_component_ref idref="oc-11f"/>
      </symbol>
      <symbol id="sm-139">
         <name>GPIO_setCallback</name>
         <value>0x2000e0dd</value>
         <object_component_ref idref="oc-201"/>
      </symbol>
      <symbol id="sm-1fc">
         <name>GPIO_setInterruptConfig</name>
         <value>0x2000d5b9</value>
         <object_component_ref idref="oc-2fc"/>
      </symbol>
      <symbol id="sm-1fd">
         <name>GPIO_setConfig</name>
         <value>0x2000c60d</value>
         <object_component_ref idref="oc-1f5"/>
      </symbol>
      <symbol id="sm-1fe">
         <name>GPIO_init</name>
         <value>0x2000cfa9</value>
         <object_component_ref idref="oc-1e7"/>
      </symbol>
      <symbol id="sm-1ff">
         <name>GPIO_toggle</name>
         <value>0x2000d6e1</value>
         <object_component_ref idref="oc-313"/>
      </symbol>
      <symbol id="sm-200">
         <name>GPIO_disableInt</name>
         <value>0x2000da7d</value>
         <object_component_ref idref="oc-3d9"/>
      </symbol>
      <symbol id="sm-201">
         <name>GPIO_enableInt</name>
         <value>0x2000dac5</value>
         <object_component_ref idref="oc-207"/>
      </symbol>
      <symbol id="sm-202">
         <name>GPIO_write</name>
         <value>0x2000d36d</value>
         <object_component_ref idref="oc-1fb"/>
      </symbol>
      <symbol id="sm-203">
         <name>GPIO_hwiIntFxn</name>
         <value>0x2000d681</value>
         <object_component_ref idref="oc-305"/>
      </symbol>
      <symbol id="sm-33c">
         <name>PowerCC32XX_contextSave</name>
         <value>0x2000ec58</value>
      </symbol>
      <symbol id="sm-33d">
         <name>PowerCC32XX_configureWakeup</name>
         <value>0x2000cd2d</value>
         <object_component_ref idref="oc-298"/>
      </symbol>
      <symbol id="sm-33e">
         <name>Power_registerNotify</name>
         <value>0x2000e01d</value>
         <object_component_ref idref="oc-2c3"/>
      </symbol>
      <symbol id="sm-33f">
         <name>PowerCC32XX_restoreParkedPin</name>
         <value>0x2000df99</value>
         <object_component_ref idref="oc-572"/>
      </symbol>
      <symbol id="sm-340">
         <name>Power_sleep</name>
         <value>0x2000c8a9</value>
         <object_component_ref idref="oc-43f"/>
      </symbol>
      <symbol id="sm-341">
         <name>Power_idleFunc</name>
         <value>0x2000e1b9</value>
         <object_component_ref idref="oc-518"/>
      </symbol>
      <symbol id="sm-342">
         <name>Power_getConstraintMask</name>
         <value>0x2000e365</value>
         <object_component_ref idref="oc-41c"/>
      </symbol>
      <symbol id="sm-343">
         <name>Power_disablePolicy</name>
         <value>0x2000e27d</value>
         <object_component_ref idref="oc-3ae"/>
      </symbol>
      <symbol id="sm-344">
         <name>Power_init</name>
         <value>0x2000d265</value>
         <object_component_ref idref="oc-1e1"/>
      </symbol>
      <symbol id="sm-345">
         <name>PowerCC32XX_setParkState</name>
         <value>0x2000d61d</value>
         <object_component_ref idref="oc-3c2"/>
      </symbol>
      <symbol id="sm-346">
         <name>Power_getDependencyCount</name>
         <value>0x2000e291</value>
         <object_component_ref idref="oc-56b"/>
      </symbol>
      <symbol id="sm-347">
         <name>Power_enablePolicy</name>
         <value>0x2000e319</value>
         <object_component_ref idref="oc-385"/>
      </symbol>
      <symbol id="sm-348">
         <name>PowerCC32XX_parkPin</name>
         <value>0x2000d99d</value>
         <object_component_ref idref="oc-555"/>
      </symbol>
      <symbol id="sm-349">
         <name>PowerCC32XX_module</name>
         <value>0x2000e6bc</value>
         <object_component_ref idref="oc-29e"/>
      </symbol>
      <symbol id="sm-34a">
         <name>Power_getTransitionLatency</name>
         <value>0x2000e1a1</value>
         <object_component_ref idref="oc-428"/>
      </symbol>
      <symbol id="sm-34b">
         <name>Power_setDependency</name>
         <value>0x2000d3ed</value>
         <object_component_ref idref="oc-2ea"/>
      </symbol>
      <symbol id="sm-35c">
         <name>PowerCC32XX_enterLPDS</name>
         <value>0x2000dc25</value>
         <object_component_ref idref="oc-4e7"/>
      </symbol>
      <symbol id="sm-35d">
         <name>PowerCC32XX_resumeLPDS</name>
         <value>0x2000d8a9</value>
         <object_component_ref idref="oc-55e"/>
      </symbol>
      <symbol id="sm-36d">
         <name>List_put</name>
         <value>0x2000e06d</value>
         <object_component_ref idref="oc-3a1"/>
      </symbol>
      <symbol id="sm-3e9">
         <name>SemaphoreP_defaultParams</name>
         <value>0x2000e9b4</value>
         <object_component_ref idref="oc-462"/>
      </symbol>
      <symbol id="sm-3ea">
         <name>SemaphoreP_construct</name>
         <value>0x2000d94d</value>
         <object_component_ref idref="oc-466"/>
      </symbol>
      <symbol id="sm-3eb">
         <name>SemaphoreP_create</name>
         <value>0x2000e215</value>
         <object_component_ref idref="oc-367"/>
      </symbol>
      <symbol id="sm-3ec">
         <name>SemaphoreP_post</name>
         <value>0x2000dc69</value>
         <object_component_ref idref="oc-2c9"/>
      </symbol>
      <symbol id="sm-3ed">
         <name>SemaphoreP_pend</name>
         <value>0x2000cdd5</value>
         <object_component_ref idref="oc-2bd"/>
      </symbol>
      <symbol id="sm-3ee">
         <name>SemaphoreP_delete</name>
         <value>0x2000e3a1</value>
         <object_component_ref idref="oc-2b7"/>
      </symbol>
      <symbol id="sm-3ef">
         <name>SemaphoreP_createBinary</name>
         <value>0x2000e169</value>
         <object_component_ref idref="oc-2a5"/>
      </symbol>
      <symbol id="sm-3f0">
         <name>SemaphoreP_Params_init</name>
         <value>0x2000e329</value>
         <object_component_ref idref="oc-361"/>
      </symbol>
      <symbol id="sm-3f1">
         <name>clkFxn</name>
         <value>0x2000e093</value>
         <object_component_ref idref="oc-397"/>
      </symbol>
      <symbol id="sm-4b4">
         <name>ClockP_ctrl</name>
         <value>0x2000eea0</value>
      </symbol>
      <symbol id="sm-4b5">
         <name>ClockP_doTick</name>
         <value>0x2000e399</value>
         <object_component_ref idref="oc-450"/>
      </symbol>
      <symbol id="sm-4b6">
         <name>ClockP_startup</name>
         <value>0x2000df01</value>
         <object_component_ref idref="oc-4c6"/>
      </symbol>
      <symbol id="sm-4b7">
         <name>ClockP_stop</name>
         <value>0x2000db9d</value>
         <object_component_ref idref="oc-48e"/>
      </symbol>
      <symbol id="sm-4b8">
         <name>ClockP_getTicksUntilInterrupt</name>
         <value>0x2000decd</value>
         <object_component_ref idref="oc-422"/>
      </symbol>
      <symbol id="sm-4b9">
         <name>ClockP_setTicks</name>
         <value>0x2000e2f9</value>
         <object_component_ref idref="oc-44a"/>
      </symbol>
      <symbol id="sm-4ba">
         <name>ClockP_tickPeriod</name>
         <value>0x2000e9c4</value>
         <object_component_ref idref="oc-45c"/>
      </symbol>
      <symbol id="sm-4bb">
         <name>ClockP_getSystemTicks</name>
         <value>0x2000e2e9</value>
         <object_component_ref idref="oc-42e"/>
      </symbol>
      <symbol id="sm-4bc">
         <name>ClockP_destruct</name>
         <value>0x2000dd75</value>
         <object_component_ref idref="oc-391"/>
      </symbol>
      <symbol id="sm-4bd">
         <name>ClockP_start</name>
         <value>0x2000df69</value>
         <object_component_ref idref="oc-37f"/>
      </symbol>
      <symbol id="sm-4be">
         <name>ClockP_sysTickHandler</name>
         <value>0x2000d8fd</value>
         <object_component_ref idref="oc-79"/>
      </symbol>
      <symbol id="sm-4bf">
         <name>ClockP_isActive</name>
         <value>0x2000e371</value>
         <object_component_ref idref="oc-38b"/>
      </symbol>
      <symbol id="sm-4c0">
         <name>ClockP_getCpuFreq</name>
         <value>0x2000e2d9</value>
         <object_component_ref idref="oc-410"/>
      </symbol>
      <symbol id="sm-4c1">
         <name>ClockP_add</name>
         <value>0x2000e2c9</value>
         <object_component_ref idref="oc-379"/>
      </symbol>
      <symbol id="sm-532">
         <name>HwiP_construct</name>
         <value>0x2000d0c9</value>
         <object_component_ref idref="oc-3d2"/>
      </symbol>
      <symbol id="sm-533">
         <name>HwiP_inISR</name>
         <value>0x2000e255</value>
         <object_component_ref idref="oc-3a8"/>
      </symbol>
      <symbol id="sm-534">
         <name>HwiP_dispatch</name>
         <value>0x2000e095</value>
         <object_component_ref idref="oc-4ac"/>
      </symbol>
      <symbol id="sm-535">
         <name>HwiP_swiPIntNum</name>
         <value>0x2000e9c0</value>
         <object_component_ref idref="oc-4b2"/>
      </symbol>
      <symbol id="sm-536">
         <name>HwiP_Params_init</name>
         <value>0x2000e2a5</value>
         <object_component_ref idref="oc-2f0"/>
      </symbol>
      <symbol id="sm-537">
         <name>HwiP_disable</name>
         <value>0x2000e339</value>
         <object_component_ref idref="oc-2ab"/>
      </symbol>
      <symbol id="sm-538">
         <name>HwiP_key</name>
         <value>0x2000e9bc</value>
         <object_component_ref idref="oc-4b2"/>
      </symbol>
      <symbol id="sm-539">
         <name>HwiP_create</name>
         <value>0x2000dfc9</value>
         <object_component_ref idref="oc-2f6"/>
      </symbol>
      <symbol id="sm-53a">
         <name>HwiP_post</name>
         <value>0x2000e39d</value>
         <object_component_ref idref="oc-50e"/>
      </symbol>
      <symbol id="sm-53b">
         <name>HwiP_enable</name>
         <value>0x2000e347</value>
         <object_component_ref idref="oc-160"/>
      </symbol>
      <symbol id="sm-53c">
         <name>HwiP_restore</name>
         <value>0x2000e309</value>
         <object_component_ref idref="oc-2b1"/>
      </symbol>
      <symbol id="sm-56c">
         <name>PowerCC32XX_initPolicy</name>
         <value>0x2000d8fb</value>
         <object_component_ref idref="oc-350"/>
      </symbol>
      <symbol id="sm-56d">
         <name>PowerCC32XX_sleepPolicy</name>
         <value>0x2000c46d</value>
         <object_component_ref idref="oc-356"/>
      </symbol>
      <symbol id="sm-5bd">
         <name>resetISR</name>
         <value>0x2000e185</value>
         <object_component_ref idref="oc-21"/>
      </symbol>
      <symbol id="sm-5be">
         <name>resetVectorAddr</name>
         <value>0x2000e198</value>
         <object_component_ref idref="oc-21"/>
      </symbol>
      <symbol id="sm-5bf">
         <name>initVectors</name>
         <value>0x2000de5d</value>
         <object_component_ref idref="oc-59"/>
      </symbol>
      <symbol id="sm-5c0">
         <name>resetVectors</name>
         <value>0x20004000</value>
         <object_component_ref idref="oc-27"/>
      </symbol>
      <symbol id="sm-5f0">
         <name>SwiP_disable</name>
         <value>0x2000e115</value>
         <object_component_ref idref="oc-416"/>
      </symbol>
      <symbol id="sm-5f1">
         <name>SwiP_restore</name>
         <value>0x2000dcad</value>
         <object_component_ref idref="oc-456"/>
      </symbol>
      <symbol id="sm-5fc">
         <name>CPUcpsid</name>
         <value>0x2000e23f</value>
         <object_component_ref idref="oc-a3"/>
      </symbol>
      <symbol id="sm-642">
         <name>IntVTableBaseSet</name>
         <value>0x2000e269</value>
         <object_component_ref idref="oc-af"/>
      </symbol>
      <symbol id="sm-643">
         <name>IntEnable</name>
         <value>0x2000cc85</value>
         <object_component_ref idref="oc-b5"/>
      </symbol>
      <symbol id="sm-644">
         <name>IntMasterDisable</name>
         <value>0x2000e37b</value>
         <object_component_ref idref="oc-53"/>
      </symbol>
      <symbol id="sm-645">
         <name>IntPendSet</name>
         <value>0x2000d155</value>
         <object_component_ref idref="oc-581"/>
      </symbol>
      <symbol id="sm-67f">
         <name>PinModeGet</name>
         <value>0x2000df35</value>
         <object_component_ref idref="oc-28b"/>
      </symbol>
      <symbol id="sm-680">
         <name>PinConfigSet</name>
         <value>0x2000d1dd</value>
         <object_component_ref idref="oc-2e4"/>
      </symbol>
      <symbol id="sm-681">
         <name>PinModeSet</name>
         <value>0x2000dd35</value>
         <object_component_ref idref="oc-291"/>
      </symbol>
      <symbol id="sm-682">
         <name>PinToPadGet</name>
         <value>0x2000e0f9</value>
         <object_component_ref idref="oc-54f"/>
      </symbol>
      <symbol id="sm-74b">
         <name>PRCMLPDSRestoreInfoSet</name>
         <value>0x2000dbe1</value>
         <object_component_ref idref="oc-563"/>
      </symbol>
      <symbol id="sm-74c">
         <name>PRCMPeripheralReset</name>
         <value>0x2000d7fd</value>
         <object_component_ref idref="oc-27f"/>
      </symbol>
      <symbol id="sm-74d">
         <name>PRCMLPDSEnter</name>
         <value>0x2000db0d</value>
         <object_component_ref idref="oc-4fe"/>
      </symbol>
      <symbol id="sm-74e">
         <name>PRCMPeripheralClkEnable</name>
         <value>0x2000db55</value>
         <object_component_ref idref="oc-279"/>
      </symbol>
      <symbol id="sm-74f">
         <name>PRCMLPDSEnterKeepDebugIf</name>
         <value>0x2000dded</value>
         <object_component_ref idref="oc-504"/>
      </symbol>
      <symbol id="sm-750">
         <name>PRCMCC3200MCUInit</name>
         <value>0x2000c041</value>
         <object_component_ref idref="oc-1db"/>
      </symbol>
      <symbol id="sm-751">
         <name>PRCMHIBRegWrite</name>
         <value>0x2000e1ff</value>
         <object_component_ref idref="oc-26d"/>
      </symbol>
      <symbol id="sm-752">
         <name>PRCMSysResetCauseGet</name>
         <value>0x2000d741</value>
         <object_component_ref idref="oc-266"/>
      </symbol>
      <symbol id="sm-753">
         <name>PRCMPeripheralClkDisable</name>
         <value>0x2000dff5</value>
         <object_component_ref idref="oc-285"/>
      </symbol>
      <symbol id="sm-754">
         <name>PRCMHIBRegRead</name>
         <value>0x2000e1e9</value>
         <object_component_ref idref="oc-273"/>
      </symbol>
      <symbol id="sm-75a">
         <name>UtilsDelay</name>
         <value>0x2000e38d</value>
         <object_component_ref idref="oc-26c"/>
      </symbol>
      <symbol id="sm-76a">
         <name>FlashDisable</name>
         <value>0x2000da35</value>
         <object_component_ref idref="oc-579"/>
      </symbol>
      <symbol id="sm-777">
         <name>__aeabi_lmul</name>
         <value>0x2000e1d1</value>
         <object_component_ref idref="oc-445"/>
      </symbol>
      <symbol id="sm-792">
         <name>memcpy</name>
         <value>0x2000ce75</value>
         <object_component_ref idref="oc-3b"/>
      </symbol>
      <symbol id="sm-793">
         <name>__aeabi_memcpy</name>
         <value>0x2000ce75</value>
         <object_component_ref idref="oc-3b"/>
      </symbol>
      <symbol id="sm-794">
         <name>__aeabi_memcpy8</name>
         <value>0x2000ce75</value>
         <object_component_ref idref="oc-3b"/>
      </symbol>
      <symbol id="sm-795">
         <name>__aeabi_memcpy4</name>
         <value>0x2000ce75</value>
         <object_component_ref idref="oc-3b"/>
      </symbol>
      <symbol id="sm-7a2">
         <name>__aeabi_uldivmod</name>
         <value>0x2000cf11</value>
         <object_component_ref idref="oc-43a"/>
      </symbol>
      <symbol id="sm-7b6">
         <name>__TI_zero_init_nomemset</name>
         <value>0x2000e131</value>
         <object_component_ref idref="oc-47"/>
      </symbol>
      <symbol id="sm-7cd">
         <name>__TI_decompress_none</name>
         <value>0x2000e355</value>
         <object_component_ref idref="oc-1a"/>
      </symbol>
      <symbol id="sm-7f0">
         <name>__TI_decompress_lzss</name>
         <value>0x2000d551</value>
         <object_component_ref idref="oc-14"/>
      </symbol>
      <symbol id="sm-879">
         <name>_sys_memory</name>
         <value>0x20004040</value>
         <object_component_ref idref="oc-2a"/>
      </symbol>
      <symbol id="sm-87a">
         <name>free</name>
         <value>0x2000cae1</value>
         <object_component_ref idref="oc-372"/>
      </symbol>
      <symbol id="sm-87b">
         <name>memalign</name>
         <value>0x2000c9e1</value>
         <object_component_ref idref="oc-4a2"/>
      </symbol>
      <symbol id="sm-87c">
         <name>malloc</name>
         <value>0x2000e385</value>
         <object_component_ref idref="oc-3cc"/>
      </symbol>
      <symbol id="sm-87d">
         <name>aligned_alloc</name>
         <value>0x2000c9e1</value>
         <object_component_ref idref="oc-4a2"/>
      </symbol>
      <symbol id="sm-88f">
         <name>__stack</name>
         <value>0x20003000</value>
         <object_component_ref idref="oc-2d"/>
      </symbol>
      <symbol id="sm-890">
         <name>_c_int00_noargs</name>
         <value>0x2000e0b9</value>
         <object_component_ref idref="oc-c5"/>
      </symbol>
      <symbol id="sm-89b">
         <name>__aeabi_idiv0</name>
         <value>0x2000e3ad</value>
         <object_component_ref idref="oc-4cf"/>
      </symbol>
      <symbol id="sm-89c">
         <name>__aeabi_ldiv0</name>
         <value>0x2000e3ad</value>
         <object_component_ref idref="oc-4cf"/>
      </symbol>
      <symbol id="sm-8cb">
         <name>__TI_auto_init_nobinit_nopinit</name>
         <value>0x2000dcf1</value>
         <object_component_ref idref="oc-179"/>
      </symbol>
      <symbol id="sm-8d5">
         <name>_system_pre_init</name>
         <value>0x2000e3a5</value>
         <object_component_ref idref="oc-119"/>
      </symbol>
      <symbol id="sm-8e1">
         <name>C$$EXIT</name>
         <value>0x2000e3a9</value>
         <object_component_ref idref="oc-16d"/>
      </symbol>
      <symbol id="sm-8e2">
         <name>abort</name>
         <value>0x2000e3a9</value>
         <object_component_ref idref="oc-16d"/>
      </symbol>
      <symbol id="sm-8f7">
         <name>_nop</name>
         <value>0x2000ddeb</value>
         <object_component_ref idref="oc-31d"/>
      </symbol>
      <symbol id="sm-8f8">
         <name>_lock</name>
         <value>0x2000e9a4</value>
         <object_component_ref idref="oc-21e"/>
      </symbol>
      <symbol id="sm-8f9">
         <name>_unlock</name>
         <value>0x2000e9a8</value>
         <object_component_ref idref="oc-21e"/>
      </symbol>
      <symbol id="sm-906">
         <name>__TI_static_base__</name>
         <value>0x2000eec8</value>
      </symbol>
      <symbol id="sm-909">
         <name>ITM_flush</name>
         <value>0x0</value>
      </symbol>
      <symbol id="sm-90a">
         <name>ITM_restore</name>
         <value>0x0</value>
      </symbol>
      <symbol id="sm-90b">
         <name>__mpu_init</name>
         <value>0x0</value>
      </symbol>
      <symbol id="sm-90c">
         <name>_system_post_cinit</name>
         <value>0x0</value>
      </symbol>
      <symbol id="sm-90d">
         <name>NoRTOS_start</name>
         <value>0x2000e347</value>
      </symbol>
   </symbol_table>
   <title>Link successful</title>
</link_info>
