******************************************************************************
                  TI ARM Linker Unix v20.2.7                   
******************************************************************************
>> Linked Thu Dec  1 13:37:52 2022

OUTPUT FILE NAME:   <gpiointerrupt_CC3220S_LAUNCHXL_nortos_ccs.out>
ENTRY POINT SYMBOL: "resetISR"  address: 2000e185


MEMORY CONFIGURATION

         name            origin    length      used     unused   attr    fill
----------------------  --------  ---------  --------  --------  ----  --------
  SRAM2                 20000000   00004000  0000130c  00002cf4  RW X
  SRAM                  20004000   0003c000  0000afaf  00031051  RW X
  LOG_DATA              90000000   00040000  00000000  00040000  R   


SEGMENT ALLOCATION MAP

run origin  load origin   length   init length attrs members
----------  ----------- ---------- ----------- ----- -------
20003000    20003000    00001000   00000000    rw-
  20003000    20003000    00001000   00000000    rw- .stack
20004000    20004000    00000040   00000040    r--
  20004000    20004000    00000040   00000040    r-- .resetVecs
20004040    20004040    00008000   00000000    rw-
  20004040    20004040    00008000   00000000    rw- .sysmem
2000c040    2000c040    0000236e   0000236e    r-x
  2000c040    2000c040    0000236e   0000236e    r-x .text
2000e3b0    2000e3b0    0000061e   00000000    rw-
  2000e3b0    2000e3b0    0000061e   00000000    rw- .data
2000e9d0    2000e9d0    00000283   00000283    r--
  2000e9d0    2000e9d0    00000283   00000283    r-- .const
2000ec58    2000ec58    00000270   00000000    rw-
  2000ec58    2000ec58    00000270   00000000    rw- .bss
2000eec8    2000eec8    000000f0   000000f0    r--
  2000eec8    2000eec8    000000f0   000000f0    r-- .cinit


SECTION ALLOCATION MAP

 output                                  attributes/
section   page    origin      length       input sections
--------  ----  ----------  ----------   ----------------
.text      0    2000c040    0000236e     
                  2000c040    0000042c     driverlib.a : prcm.obj (.text:PRCMCC3200MCUInit)
                  2000c46c    000001a0     nortos_cc32xx.a : PowerCC32XX_nortos.oem4 (.text:PowerCC32XX_sleepPolicy)
                  2000c60c    00000154     drivers_cc32xx.a : GPIOCC32XX.oem4 (.text:GPIO_setConfig)
                  2000c760    00000148                      : PowerCC32XX.oem4 (.text:parkPins)
                  2000c8a8    00000138                      : PowerCC32XX.oem4 (.text:Power_sleep)
                  2000c9e0    00000100     rtsv7M4_T_le_eabi.lib : memory.c.obj (.text:aligned_alloc)
                  2000cae0    000000e4                           : memory.c.obj (.text:free)
                  2000cbc4    000000c0     drivers_cc32xx.a : PowerCC32XX.oem4 (.text:restoreParkedPins)
                  2000cc84    000000a8     driverlib.a : interrupt.obj (.text:IntEnable)
                  2000cd2c    000000a8     drivers_cc32xx.a : PowerCC32XX.oem4 (.text:PowerCC32XX_configureWakeup)
                  2000cdd4    000000a0     nortos_cc32xx.a : SemaphoreP_nortos.oem4 (.text:SemaphoreP_pend)
                  2000ce74    0000009c     rtsv7M4_T_le_eabi.lib : memcpy_t2.asm.obj (.text)
                  2000cf10    00000096                           : ull_div_t2.asm.obj (.text)
                  2000cfa6    00000002     ti_drivers_config.obj (.text:Board_initHook)
                  2000cfa8    00000090     drivers_cc32xx.a : GPIOCC32XX.oem4 (.text:GPIO_init)
                  2000d038    00000090                      : PowerCC32XX.oem4 (.text:restoreNVICRegs)
                  2000d0c8    0000008c     nortos_cc32xx.a : HwiPCC32XX_nortos.oem4 (.text:HwiP_construct)
                  2000d154    00000088     driverlib.a : interrupt.obj (.text:IntPendSet)
                  2000d1dc    00000088                 : pin.obj (.text:PinConfigSet)
                  2000d264    00000084     drivers_cc32xx.a : PowerCC32XX.oem4 (.text:Power_init)
                  2000d2e8    00000084                      : PowerCC32XX.oem4 (.text:saveNVICRegs)
                  2000d36c    00000080                      : GPIOCC32XX.oem4 (.text:GPIO_write)
                  2000d3ec    00000080                      : PowerCC32XX.oem4 (.text:Power_setDependency)
                  2000d46c    00000074                      : GPIOCC32XX.oem4 (.text:powerNotifyFxn)
                  2000d4e0    00000070     rtsv7M4_T_le_eabi.lib : memory.c.obj (.text:split)
                  2000d550    00000068                           : copy_decompress_lzss.c.obj (.text:decompress:lzss:__TI_decompress_lzss)
                  2000d5b8    00000064     drivers_cc32xx.a : GPIOCC32XX.oem4 (.text:GPIO_setInterruptConfig)
                  2000d61c    00000064                      : PowerCC32XX.oem4 (.text:PowerCC32XX_setParkState)
                  2000d680    00000060                      : GPIOCC32XX.oem4 (.text:GPIO_hwiIntFxn)
                  2000d6e0    00000060                      : GPIOCC32XX.oem4 (.text:GPIO_toggle)
                  2000d740    00000060     driverlib.a : prcm.obj (.text:PRCMSysResetCauseGet)
                  2000d7a0    0000005c     nortos_cc32xx.a : ClockPSysTick_nortos.oem4 (.text:sysTickInit)
                  2000d7fc    00000058     driverlib.a : prcm.obj (.text:PRCMPeripheralReset)
                  2000d854    00000054     gpiointerrupt.obj (.text:mainThread)
                  2000d8a8    00000052     drivers_cc32xx.a : PowerCC32XX_asm.oem4 (.text:PowerCC32XX_resumeLPDS)
                  2000d8fa    00000002     nortos_cc32xx.a : PowerCC32XX_nortos.oem4 (.text:PowerCC32XX_initPolicy)
                  2000d8fc    00000050                     : ClockPSysTick_nortos.oem4 (.text:ClockP_sysTickHandler)
                  2000d94c    00000050                     : SemaphoreP_nortos.oem4 (.text:SemaphoreP_construct)
                  2000d99c    0000004c     drivers_cc32xx.a : PowerCC32XX.oem4 (.text:PowerCC32XX_parkPin)
                  2000d9e8    0000004c                      : PowerCC32XX.oem4 (.text:restorePeriphClocks)
                  2000da34    00000048     driverlib.a : flash.obj (.text:FlashDisable)
                  2000da7c    00000048     drivers_cc32xx.a : GPIOCC32XX.oem4 (.text:GPIO_disableInt)
                  2000dac4    00000048                      : GPIOCC32XX.oem4 (.text:GPIO_enableInt)
                  2000db0c    00000048     driverlib.a : prcm.obj (.text:PRCMLPDSEnter)
                  2000db54    00000048                 : prcm.obj (.text:PRCMPeripheralClkEnable)
                  2000db9c    00000044     nortos_cc32xx.a : ClockPSysTick_nortos.oem4 (.text:ClockP_stop)
                  2000dbe0    00000044     driverlib.a : prcm.obj (.text:PRCMLPDSRestoreInfoSet)
                  2000dc24    00000044     drivers_cc32xx.a : PowerCC32XX_asm.oem4 (.text:PowerCC32XX_enterLPDS)
                  2000dc68    00000044     nortos_cc32xx.a : SemaphoreP_nortos.oem4 (.text:SemaphoreP_post)
                  2000dcac    00000044                     : SwiP_nortos.oem4 (.text:SwiP_restore)
                  2000dcf0    00000044     rtsv7M4_T_le_eabi.lib : autoinit.c.obj (.text:__TI_auto_init_nobinit_nopinit:__TI_auto_init_nobinit_nopinit)
                  2000dd34    00000040     driverlib.a : pin.obj (.text:PinModeSet)
                  2000dd74    0000003c     nortos_cc32xx.a : ClockPSysTick_nortos.oem4 (.text:ClockP_destruct)
                  2000ddb0    0000003a                     : PowerCC32XX_nortos.oem4 (.text:getCountsRTC)
                  2000ddea    00000002     rtsv7M4_T_le_eabi.lib : _lock.c.obj (.text:_nop)
                  2000ddec    00000038     driverlib.a : prcm.obj (.text:PRCMLPDSEnterKeepDebugIf)
                  2000de24    00000038     nortos_cc32xx.a : ClockPSysTick_nortos.oem4 (.text:addToList)
                  2000de5c    00000038                     : startup_cc32xx_ccs.oem4 (.text:initVectors)
                  2000de94    00000038     drivers_cc32xx.a : PowerCC32XX.oem4 (.text:notify)
                  2000decc    00000034     nortos_cc32xx.a : ClockPSysTick_nortos.oem4 (.text:ClockP_getTicksUntilInterrupt)
                  2000df00    00000034                     : ClockPSysTick_nortos.oem4 (.text:ClockP_startup)
                  2000df34    00000034     driverlib.a : pin.obj (.text:PinModeGet)
                  2000df68    00000030     nortos_cc32xx.a : ClockPSysTick_nortos.oem4 (.text:ClockP_start)
                  2000df98    00000030     drivers_cc32xx.a : PowerCC32XX.oem4 (.text:PowerCC32XX_restoreParkedPin)
                  2000dfc8    0000002a     nortos_cc32xx.a : HwiPCC32XX_nortos.oem4 (.text:HwiP_create)
                  2000dff2    00000002                     : startup_cc32xx_ccs.oem4 (.text:busFaultHandler)
                  2000dff4    00000028     driverlib.a : prcm.obj (.text:PRCMPeripheralClkDisable)
                  2000e01c    00000028     drivers_cc32xx.a : PowerCC32XX.oem4 (.text:Power_registerNotify)
                  2000e044    00000028     rtsv7M4_T_le_eabi.lib : memory.c.obj (.text:free_list_insert)
                  2000e06c    00000026     drivers_cc32xx.a : List.oem4 (.text:List_put)
                  2000e092    00000002     nortos_cc32xx.a : SemaphoreP_nortos.oem4 (.text:clkFxn)
                  2000e094    00000024                     : HwiPCC32XX_nortos.oem4 (.text:HwiP_dispatch)
                  2000e0b8    00000024     rtsv7M4_T_le_eabi.lib : boot_cortex_m.c.obj (.text:_c_int00_noargs:_c_int00_noargs)
                  2000e0dc    0000001c     drivers_cc32xx.a : GPIO.oem4 (.text:GPIO_setCallback)
                  2000e0f8    0000001c     driverlib.a : pin.obj (.text:PinToPadGet)
                  2000e114    0000001c     nortos_cc32xx.a : SwiP_nortos.oem4 (.text:SwiP_disable)
                  2000e130    0000001c     rtsv7M4_T_le_eabi.lib : copy_zero_init.c.obj (.text:decompress:ZI:__TI_zero_init_nomemset:__TI_zero_init_nomemset)
                  2000e14c    0000001c                           : memory.c.obj (.text:free_list_remove)
                  2000e168    0000001a     nortos_cc32xx.a : SemaphoreP_nortos.oem4 (.text:SemaphoreP_createBinary)
                  2000e182    00000002                     : startup_cc32xx_ccs.oem4 (.text:defaultHandler)
                  2000e184    0000001a                     : startup_cc32xx_ccs.oem4 (.text:resetISR)
                  2000e19e    00000002                     : startup_cc32xx_ccs.oem4 (.text:faultISR)
                  2000e1a0    00000018     drivers_cc32xx.a : PowerCC32XX.oem4 (.text:Power_getTransitionLatency)
                  2000e1b8    00000018                      : PowerCC32XX.oem4 (.text:Power_idleFunc)
                  2000e1d0    00000018     rtsv7M4_T_le_eabi.lib : ll_mul_t2.asm.obj (.text)
                  2000e1e8    00000016     driverlib.a : prcm.obj (.text:PRCMHIBRegRead)
                  2000e1fe    00000016                 : prcm.obj (.text:PRCMHIBRegWrite)
                  2000e214    00000016     nortos_cc32xx.a : SemaphoreP_nortos.oem4 (.text:SemaphoreP_create)
                  2000e22a    00000014     ti_drivers_config.obj (.text:Board_init)
                  2000e23e    00000014     driverlib.a : cpu.obj (.text:CPUcpsid)
                  2000e252    00000002     gpiointerrupt.obj (.text:gpioButtonFxn1)
                  2000e254    00000014     nortos_cc32xx.a : HwiPCC32XX_nortos.oem4 (.text:HwiP_inISR)
                  2000e268    00000014     driverlib.a : interrupt.obj (.text:IntVTableBaseSet)
                  2000e27c    00000014     drivers_cc32xx.a : PowerCC32XX.oem4 (.text:Power_disablePolicy)
                  2000e290    00000014                      : PowerCC32XX.oem4 (.text:Power_getDependencyCount)
                  2000e2a4    00000012     nortos_cc32xx.a : HwiPCC32XX_nortos.oem4 (.text:HwiP_Params_init)
                  2000e2b6    00000012     main_nortos.obj (.text:main)
                  2000e2c8    00000010     nortos_cc32xx.a : ClockPSysTick_nortos.oem4 (.text:ClockP_add)
                  2000e2d8    00000010                     : ClockPSysTick_nortos.oem4 (.text:ClockP_getCpuFreq)
                  2000e2e8    00000010                     : ClockPSysTick_nortos.oem4 (.text:ClockP_getSystemTicks)
                  2000e2f8    00000010                     : ClockPSysTick_nortos.oem4 (.text:ClockP_setTicks)
                  2000e308    00000010                     : HwiPCC32XX_nortos.oem4 (.text:HwiP_restore)
                  2000e318    00000010     drivers_cc32xx.a : PowerCC32XX.oem4 (.text:Power_enablePolicy)
                  2000e328    00000010     nortos_cc32xx.a : SemaphoreP_nortos.oem4 (.text:SemaphoreP_Params_init)
                  2000e338    0000000e                     : HwiPCC32XX_nortos.oem4 (.text:HwiP_disable)
                  2000e346    0000000e                     : HwiPCC32XX_nortos.oem4 (.text:HwiP_enable)
                  2000e354    0000000e     rtsv7M4_T_le_eabi.lib : copy_decompress_none.c.obj (.text:decompress:none:__TI_decompress_none)
                  2000e362    00000002     nortos_cc32xx.a : startup_cc32xx_ccs.oem4 (.text:nmiISR)
                  2000e364    0000000c     drivers_cc32xx.a : PowerCC32XX.oem4 (.text:Power_getConstraintMask)
                  2000e370    0000000a     nortos_cc32xx.a : ClockPSysTick_nortos.oem4 (.text:ClockP_isActive)
                  2000e37a    0000000a     driverlib.a : interrupt.obj (.text:IntMasterDisable)
                  2000e384    00000008     rtsv7M4_T_le_eabi.lib : memory.c.obj (.text:malloc)
                  2000e38c    00000006     driverlib.a : utils.obj (.text:UtilsDelay)
                  2000e392    00000006     gpiointerrupt.obj (.text:gpioButtonFxn0)
                  2000e398    00000004     nortos_cc32xx.a : ClockPSysTick_nortos.oem4 (.text:ClockP_doTick)
                  2000e39c    00000004                     : HwiPCC32XX_nortos.oem4 (.text:HwiP_post)
                  2000e3a0    00000004                     : SemaphoreP_nortos.oem4 (.text:SemaphoreP_delete)
                  2000e3a4    00000004     rtsv7M4_T_le_eabi.lib : pre_init.c.obj (.text:_system_pre_init)
                  2000e3a8    00000004                           : exit.c.obj (.text:abort:abort)
                  2000e3ac    00000002                           : div0.asm.obj (.text)

.const     0    2000e9d0    00000283     
                  2000e9d0    00000100     driverlib.a : pin.obj (.const:g_ulPinToPadMap)
                  2000ead0    000000a8                 : prcm.obj (.const:PRCM_PeriphRegsList)
                  2000eb78    00000044     ti_drivers_config.obj (.const:PowerCC32XX_config)
                  2000ebbc    00000028     drivers_cc32xx.a : GPIOCC32XX.oem4 (.const:portConfigs)
                  2000ebe4    00000021                      : GPIOCC32XX.oem4 (.const:.string:pinTable)
                  2000ec05    00000003     --HOLE-- [fill = 0]
                  2000ec08    00000018     driverlib.a : interrupt.obj (.const:g_pulEnRegs)
                  2000ec20    00000018                 : interrupt.obj (.const:g_pulPendRegs)
                  2000ec38    00000010     ti_drivers_config.obj (.const:GPIO_config)
                  2000ec48    0000000b     ti_drivers_config.obj (.const)

.cinit     0    2000eec8    000000f0     
                  2000eec8    000000cb     (.cinit..data.load) [load image, compression = lzss]
                  2000ef93    00000001     --HOLE-- [fill = 0]
                  2000ef94    0000000c     (__TI_handler_table)
                  2000efa0    00000008     (.cinit..bss.load) [load image, compression = zero_init]
                  2000efa8    00000010     (__TI_cinit_table)

.init_array 
*          0    20004000    00000000     UNINITIALIZED

.ramVecs   0    20000000    0000030c     NOLOAD SECTION
                  20000000    0000030c     nortos_cc32xx.a : startup_cc32xx_ccs.oem4 (.ramVecs)

.stack     0    20003000    00001000     UNINITIALIZED
                  20003000    00000004     rtsv7M4_T_le_eabi.lib : boot_cortex_m.c.obj (.stack)
                  20003004    00000ffc     --HOLE--

.resetVecs 
*          0    20004000    00000040     
                  20004000    00000040     nortos_cc32xx.a : startup_cc32xx_ccs.oem4 (.resetVecs:retain)

.sysmem    0    20004040    00008000     UNINITIALIZED
                  20004040    00000010     rtsv7M4_T_le_eabi.lib : memory.c.obj (.sysmem)
                  20004050    00007ff0     --HOLE--

.data      0    2000e3b0    0000061e     UNINITIALIZED
                  2000e3b0    0000030c     nortos_cc32xx.a : HwiPCC32XX_nortos.oem4 (.data:HwiP_dispatchTable)
                  2000e6bc    0000016c     drivers_cc32xx.a : PowerCC32XX.oem4 (.data:PowerCC32XX_module)
                  2000e828    000000f8     ti_drivers_config.obj (.data:parkInfo)
                  2000e920    00000084     ti_drivers_config.obj (.data:gpioPinConfigs)
                  2000e9a4    00000008     rtsv7M4_T_le_eabi.lib : _lock.c.obj (.data:$O1$$)
                  2000e9ac    00000008                           : memory.c.obj (.data:$O1$$)
                  2000e9b4    00000008     nortos_cc32xx.a : SemaphoreP_nortos.oem4 (.data:SemaphoreP_defaultParams)
                  2000e9bc    00000008                     : HwiPCC32XX_nortos.oem4 (.data)
                  2000e9c4    00000005                     : ClockPSysTick_nortos.oem4 (.data)
                  2000e9c9    00000003                     : SemaphoreP_nortos.oem4 (.data)
                  2000e9cc    00000002     drivers_cc32xx.a : GPIOCC32XX.oem4 (.data)

.bss       0    2000ec58    00000270     UNINITIALIZED
                  2000ec58    0000012c     (.common:PowerCC32XX_contextSave)
                  2000ed84    00000084     (.common:gpioCallbackFunctions)
                  2000ee08    00000084     (.common:gpioUserArgs)
                  2000ee8c    00000014     drivers_cc32xx.a : GPIOCC32XX.oem4 (.bss:powerNotifyObj)
                  2000eea0    00000010     (.common:ClockP_ctrl)
                  2000eeb0    0000000d     nortos_cc32xx.a : SwiP_nortos.oem4 (.bss)
                  2000eebd    00000003     --HOLE--
                  2000eec0    00000004     drivers_cc32xx.a : GPIOCC32XX.oem4 (.bss)
                  2000eec4    00000004     nortos_cc32xx.a : ClockPSysTick_nortos.oem4 (.bss)

.log_data 
*          0    90000000    00000000     COPY SECTION

__llvm_prf_cnts 
*          0    20004000    00000000     UNINITIALIZED

MODULE SUMMARY

       Module                       code   ro data   rw data
       ------                       ----   -------   -------
    ./
       gpiointerrupt.obj            92     0         0      
       main_nortos.obj              18     0         0      
    +--+----------------------------+------+---------+---------+
       Total:                       110    0         0      
                                                            
    ./syscfg/
       ti_drivers_config.obj        22     95        644    
    +--+----------------------------+------+---------+---------+
       Total:                       22     95        644    
                                                            
    /Applications/ti/ccs1210/ccs/tools/compiler/ti-cgt-arm_20.2.7.LTS/lib/rtsv7M4_T_le_eabi.lib
       memory.c.obj                 672    0         8      
       memcpy_t2.asm.obj            156    0         0      
       ull_div_t2.asm.obj           150    0         0      
       copy_decompress_lzss.c.obj   104    0         0      
       autoinit.c.obj               68     0         0      
       boot_cortex_m.c.obj          36     0         0      
       copy_zero_init.c.obj         28     0         0      
       ll_mul_t2.asm.obj            24     0         0      
       copy_decompress_none.c.obj   14     0         0      
       _lock.c.obj                  2      0         8      
       exit.c.obj                   4      0         0      
       pre_init.c.obj               4      0         0      
       div0.asm.obj                 2      0         0      
    +--+----------------------------+------+---------+---------+
       Total:                       1264   0         16     
                                                            
    /Applications/ti/simplelink_cc32xx_sdk_6_10_00_05/kernel/nortos/lib/ccs/m4/nortos_cc32xx.a
       HwiPCC32XX_nortos.oem4       304    0         788    
       startup_cc32xx_ccs.oem4      90     64        780    
       ClockPSysTick_nortos.oem4    586    0         25     
       PowerCC32XX_nortos.oem4      476    0         0      
       SemaphoreP_nortos.oem4       378    0         11     
       SwiP_nortos.oem4             96     0         13     
    +--+----------------------------+------+---------+---------+
       Total:                       1930   64        1617   
                                                            
    /Applications/ti/simplelink_cc32xx_sdk_6_10_00_05/source/ti/devices/cc32xx/driverlib/ccs/Release/driverlib.a
       prcm.obj                     1604   168       0      
       pin.obj                      280    256       0      
       interrupt.obj                334    48        0      
       flash.obj                    72     0         0      
       cpu.obj                      20     0         0      
       utils.obj                    6      0         0      
    +--+----------------------------+------+---------+---------+
       Total:                       2316   472       0      
                                                            
    /Applications/ti/simplelink_cc32xx_sdk_6_10_00_05/source/ti/drivers/lib/ccs/m4/drivers_cc32xx.a
       PowerCC32XX.oem4             2048   0         664    
       GPIOCC32XX.oem4              1164   73        26     
       PowerCC32XX_asm.oem4         150    0         0      
       List.oem4                    38     0         0      
       GPIO.oem4                    28     0         0      
    +--+----------------------------+------+---------+---------+
       Total:                       3428   73        690    
                                                            
       Heap:                        0      0         32768  
       Stack:                       0      0         4096   
       Linker Generated:            0      239       0      
    +--+----------------------------+------+---------+---------+
       Grand Total:                 9070   943       39831  


LINKER GENERATED COPY TABLES

__TI_cinit_table @ 2000efa8 records: 2, size/record: 8, table size: 16
	.data: load addr=2000eec8, load size=000000cb bytes, run addr=2000e3b0, run size=0000061e bytes, compression=lzss
	.bss: load addr=2000efa0, load size=00000008 bytes, run addr=2000ec58, run size=00000270 bytes, compression=zero_init


LINKER GENERATED HANDLER TABLE

__TI_handler_table @ 2000ef94 records: 3, size/record: 4, table size: 12
	index: 0, handler: __TI_decompress_lzss
	index: 1, handler: __TI_decompress_none
	index: 2, handler: __TI_zero_init


GLOBAL SYMBOLS: SORTED ALPHABETICALLY BY Name 

address   name                          
-------   ----                          
2000e22b  Board_init                    
2000cfa7  Board_initHook                
2000e3a9  C$$EXIT                       
2000ec4a  CONFIG_GPIO_BUTTON_0_CONST    
2000ec4b  CONFIG_GPIO_BUTTON_1_CONST    
2000ec4c  CONFIG_GPIO_LED_0_CONST       
2000ec4d  CONFIG_I2C_0_CONST            
2000ec4f  CONFIG_TIMER_0_CONST          
2000ec51  CONFIG_UART_0_CONST           
2000e23f  CPUcpsid                      
2000e2c9  ClockP_add                    
2000eea0  ClockP_ctrl                   
2000dd75  ClockP_destruct               
2000e399  ClockP_doTick                 
2000e2d9  ClockP_getCpuFreq             
2000e2e9  ClockP_getSystemTicks         
2000decd  ClockP_getTicksUntilInterrupt 
2000e371  ClockP_isActive               
2000e2f9  ClockP_setTicks               
2000df69  ClockP_start                  
2000df01  ClockP_startup                
2000db9d  ClockP_stop                   
2000d8fd  ClockP_sysTickHandler         
2000e9c4  ClockP_tickPeriod             
2000da35  FlashDisable                  
2000ec38  GPIO_config                   
2000da7d  GPIO_disableInt               
2000dac5  GPIO_enableInt                
2000d681  GPIO_hwiIntFxn                
2000cfa9  GPIO_init                     
2000ec48  GPIO_pinLowerBound            
2000ec49  GPIO_pinUpperBound            
2000e0dd  GPIO_setCallback              
2000c60d  GPIO_setConfig                
2000d5b9  GPIO_setInterruptConfig       
2000d6e1  GPIO_toggle                   
2000d36d  GPIO_write                    
2000e2a5  HwiP_Params_init              
2000d0c9  HwiP_construct                
2000dfc9  HwiP_create                   
2000e339  HwiP_disable                  
2000e095  HwiP_dispatch                 
2000e347  HwiP_enable                   
2000e255  HwiP_inISR                    
2000e9bc  HwiP_key                      
2000e39d  HwiP_post                     
2000e309  HwiP_restore                  
2000e9c0  HwiP_swiPIntNum               
2000ec4e  I2C_count                     
UNDEFED   ITM_flush                     
UNDEFED   ITM_restore                   
2000cc85  IntEnable                     
2000e37b  IntMasterDisable              
2000d155  IntPendSet                    
2000e269  IntVTableBaseSet              
2000e06d  List_put                      
2000e347  NoRTOS_start                  
2000c041  PRCMCC3200MCUInit             
2000e1e9  PRCMHIBRegRead                
2000e1ff  PRCMHIBRegWrite               
2000db0d  PRCMLPDSEnter                 
2000dded  PRCMLPDSEnterKeepDebugIf      
2000dbe1  PRCMLPDSRestoreInfoSet        
2000dff5  PRCMPeripheralClkDisable      
2000db55  PRCMPeripheralClkEnable       
2000d7fd  PRCMPeripheralReset           
2000d741  PRCMSysResetCauseGet          
2000d1dd  PinConfigSet                  
2000df35  PinModeGet                    
2000dd35  PinModeSet                    
2000e0f9  PinToPadGet                   
2000eb78  PowerCC32XX_config            
2000cd2d  PowerCC32XX_configureWakeup   
2000ec58  PowerCC32XX_contextSave       
2000dc25  PowerCC32XX_enterLPDS         
2000d8fb  PowerCC32XX_initPolicy        
2000e6bc  PowerCC32XX_module            
2000d99d  PowerCC32XX_parkPin           
2000df99  PowerCC32XX_restoreParkedPin  
2000d8a9  PowerCC32XX_resumeLPDS        
2000d61d  PowerCC32XX_setParkState      
2000c46d  PowerCC32XX_sleepPolicy       
2000e27d  Power_disablePolicy           
2000e319  Power_enablePolicy            
2000e365  Power_getConstraintMask       
2000e291  Power_getDependencyCount      
2000e1a1  Power_getTransitionLatency    
2000e1b9  Power_idleFunc                
2000d265  Power_init                    
2000e01d  Power_registerNotify          
2000d3ed  Power_setDependency           
2000c8a9  Power_sleep                   
2000e329  SemaphoreP_Params_init        
2000d94d  SemaphoreP_construct          
2000e215  SemaphoreP_create             
2000e169  SemaphoreP_createBinary       
2000e9b4  SemaphoreP_defaultParams      
2000e3a1  SemaphoreP_delete             
2000cdd5  SemaphoreP_pend               
2000dc69  SemaphoreP_post               
2000e115  SwiP_disable                  
2000dcad  SwiP_restore                  
2000ec50  Timer_count                   
2000ec52  UART_count                    
2000e38d  UtilsDelay                    
20004000  __STACK_END                   
00001000  __STACK_SIZE                  
00008000  __SYSMEM_SIZE                 
2000efa8  __TI_CINIT_Base               
2000efb8  __TI_CINIT_Limit              
2000ef94  __TI_Handler_Table_Base       
2000efa0  __TI_Handler_Table_Limit      
2000dcf1  __TI_auto_init_nobinit_nopinit
2000d551  __TI_decompress_lzss          
2000e355  __TI_decompress_none          
ffffffff  __TI_pprof_out_hndl           
ffffffff  __TI_prof_data_size           
ffffffff  __TI_prof_data_start          
2000eec8  __TI_static_base__            
2000e131  __TI_zero_init_nomemset       
2000e3ad  __aeabi_idiv0                 
2000e3ad  __aeabi_ldiv0                 
2000e1d1  __aeabi_lmul                  
2000ce75  __aeabi_memcpy                
2000ce75  __aeabi_memcpy4               
2000ce75  __aeabi_memcpy8               
2000cf11  __aeabi_uldivmod              
ffffffff  __binit__                     
ffffffff  __c_args__                    
UNDEFED   __mpu_init                    
20003000  __stack                       
20004000  __start___llvm_prf_cnts       
20004000  __stop___llvm_prf_cnts        
2000e0b9  _c_int00_noargs               
2000e9a4  _lock                         
2000ddeb  _nop                          
20004040  _sys_memory                   
UNDEFED   _system_post_cinit            
2000e3a5  _system_pre_init              
2000e9a8  _unlock                       
2000e3a9  abort                         
2000c9e1  aligned_alloc                 
ffffffff  binit                         
2000e093  clkFxn                        
2000cae1  free                          
2000e393  gpioButtonFxn0                
2000e253  gpioButtonFxn1                
2000ed84  gpioCallbackFunctions         
2000e920  gpioPinConfigs                
2000ee08  gpioUserArgs                  
2000de5d  initVectors                   
2000e2b7  main                          
2000d855  mainThread                    
2000e385  malloc                        
2000c9e1  memalign                      
2000ce75  memcpy                        
2000e828  parkInfo                      
2000e185  resetISR                      
2000e198  resetVectorAddr               
20004000  resetVectors                  


GLOBAL SYMBOLS: SORTED BY Symbol Address 

address   name                          
-------   ----                          
00001000  __STACK_SIZE                  
00008000  __SYSMEM_SIZE                 
20003000  __stack                       
20004000  __STACK_END                   
20004000  __start___llvm_prf_cnts       
20004000  __stop___llvm_prf_cnts        
20004000  resetVectors                  
20004040  _sys_memory                   
2000c041  PRCMCC3200MCUInit             
2000c46d  PowerCC32XX_sleepPolicy       
2000c60d  GPIO_setConfig                
2000c8a9  Power_sleep                   
2000c9e1  aligned_alloc                 
2000c9e1  memalign                      
2000cae1  free                          
2000cc85  IntEnable                     
2000cd2d  PowerCC32XX_configureWakeup   
2000cdd5  SemaphoreP_pend               
2000ce75  __aeabi_memcpy                
2000ce75  __aeabi_memcpy4               
2000ce75  __aeabi_memcpy8               
2000ce75  memcpy                        
2000cf11  __aeabi_uldivmod              
2000cfa7  Board_initHook                
2000cfa9  GPIO_init                     
2000d0c9  HwiP_construct                
2000d155  IntPendSet                    
2000d1dd  PinConfigSet                  
2000d265  Power_init                    
2000d36d  GPIO_write                    
2000d3ed  Power_setDependency           
2000d551  __TI_decompress_lzss          
2000d5b9  GPIO_setInterruptConfig       
2000d61d  PowerCC32XX_setParkState      
2000d681  GPIO_hwiIntFxn                
2000d6e1  GPIO_toggle                   
2000d741  PRCMSysResetCauseGet          
2000d7fd  PRCMPeripheralReset           
2000d855  mainThread                    
2000d8a9  PowerCC32XX_resumeLPDS        
2000d8fb  PowerCC32XX_initPolicy        
2000d8fd  ClockP_sysTickHandler         
2000d94d  SemaphoreP_construct          
2000d99d  PowerCC32XX_parkPin           
2000da35  FlashDisable                  
2000da7d  GPIO_disableInt               
2000dac5  GPIO_enableInt                
2000db0d  PRCMLPDSEnter                 
2000db55  PRCMPeripheralClkEnable       
2000db9d  ClockP_stop                   
2000dbe1  PRCMLPDSRestoreInfoSet        
2000dc25  PowerCC32XX_enterLPDS         
2000dc69  SemaphoreP_post               
2000dcad  SwiP_restore                  
2000dcf1  __TI_auto_init_nobinit_nopinit
2000dd35  PinModeSet                    
2000dd75  ClockP_destruct               
2000ddeb  _nop                          
2000dded  PRCMLPDSEnterKeepDebugIf      
2000de5d  initVectors                   
2000decd  ClockP_getTicksUntilInterrupt 
2000df01  ClockP_startup                
2000df35  PinModeGet                    
2000df69  ClockP_start                  
2000df99  PowerCC32XX_restoreParkedPin  
2000dfc9  HwiP_create                   
2000dff5  PRCMPeripheralClkDisable      
2000e01d  Power_registerNotify          
2000e06d  List_put                      
2000e093  clkFxn                        
2000e095  HwiP_dispatch                 
2000e0b9  _c_int00_noargs               
2000e0dd  GPIO_setCallback              
2000e0f9  PinToPadGet                   
2000e115  SwiP_disable                  
2000e131  __TI_zero_init_nomemset       
2000e169  SemaphoreP_createBinary       
2000e185  resetISR                      
2000e198  resetVectorAddr               
2000e1a1  Power_getTransitionLatency    
2000e1b9  Power_idleFunc                
2000e1d1  __aeabi_lmul                  
2000e1e9  PRCMHIBRegRead                
2000e1ff  PRCMHIBRegWrite               
2000e215  SemaphoreP_create             
2000e22b  Board_init                    
2000e23f  CPUcpsid                      
2000e253  gpioButtonFxn1                
2000e255  HwiP_inISR                    
2000e269  IntVTableBaseSet              
2000e27d  Power_disablePolicy           
2000e291  Power_getDependencyCount      
2000e2a5  HwiP_Params_init              
2000e2b7  main                          
2000e2c9  ClockP_add                    
2000e2d9  ClockP_getCpuFreq             
2000e2e9  ClockP_getSystemTicks         
2000e2f9  ClockP_setTicks               
2000e309  HwiP_restore                  
2000e319  Power_enablePolicy            
2000e329  SemaphoreP_Params_init        
2000e339  HwiP_disable                  
2000e347  HwiP_enable                   
2000e347  NoRTOS_start                  
2000e355  __TI_decompress_none          
2000e365  Power_getConstraintMask       
2000e371  ClockP_isActive               
2000e37b  IntMasterDisable              
2000e385  malloc                        
2000e38d  UtilsDelay                    
2000e393  gpioButtonFxn0                
2000e399  ClockP_doTick                 
2000e39d  HwiP_post                     
2000e3a1  SemaphoreP_delete             
2000e3a5  _system_pre_init              
2000e3a9  C$$EXIT                       
2000e3a9  abort                         
2000e3ad  __aeabi_idiv0                 
2000e3ad  __aeabi_ldiv0                 
2000e6bc  PowerCC32XX_module            
2000e828  parkInfo                      
2000e920  gpioPinConfigs                
2000e9a4  _lock                         
2000e9a8  _unlock                       
2000e9b4  SemaphoreP_defaultParams      
2000e9bc  HwiP_key                      
2000e9c0  HwiP_swiPIntNum               
2000e9c4  ClockP_tickPeriod             
2000eb78  PowerCC32XX_config            
2000ec38  GPIO_config                   
2000ec48  GPIO_pinLowerBound            
2000ec49  GPIO_pinUpperBound            
2000ec4a  CONFIG_GPIO_BUTTON_0_CONST    
2000ec4b  CONFIG_GPIO_BUTTON_1_CONST    
2000ec4c  CONFIG_GPIO_LED_0_CONST       
2000ec4d  CONFIG_I2C_0_CONST            
2000ec4e  I2C_count                     
2000ec4f  CONFIG_TIMER_0_CONST          
2000ec50  Timer_count                   
2000ec51  CONFIG_UART_0_CONST           
2000ec52  UART_count                    
2000ec58  PowerCC32XX_contextSave       
2000ed84  gpioCallbackFunctions         
2000ee08  gpioUserArgs                  
2000eea0  ClockP_ctrl                   
2000eec8  __TI_static_base__            
2000ef94  __TI_Handler_Table_Base       
2000efa0  __TI_Handler_Table_Limit      
2000efa8  __TI_CINIT_Base               
2000efb8  __TI_CINIT_Limit              
ffffffff  __TI_pprof_out_hndl           
ffffffff  __TI_prof_data_size           
ffffffff  __TI_prof_data_start          
ffffffff  __binit__                     
ffffffff  __c_args__                    
ffffffff  binit                         
UNDEFED   ITM_flush                     
UNDEFED   ITM_restore                   
UNDEFED   __mpu_init                    
UNDEFED   _system_post_cinit            

[160 symbols]
