<?xml version="1.0" encoding="ISO-8859-1" ?>
<link_info>
   <banner>TI ARM Linker Unix v20.2.7.LTS</banner>
   <copyright>Copyright (c) 1996-2018 Texas Instruments Incorporated</copyright>
   <link_time>0x6371a49a</link_time>
   <link_errors>0x0</link_errors>
   <output_file>uart2echo_CC3220S_LAUNCHXL_nortos_ccs.out</output_file>
   <entry_point>
      <name>resetISR</name>
      <address>0x20011c6d</address>
   </entry_point>
   <input_file_list>
      <input_file id="fl-1">
         <path>./</path>
         <kind>object</kind>
         <file>main_nortos.obj</file>
         <name>main_nortos.obj</name>
      </input_file>
      <input_file id="fl-2">
         <path>./</path>
         <kind>object</kind>
         <file>uart2echo.obj</file>
         <name>uart2echo.obj</name>
      </input_file>
      <input_file id="fl-3">
         <path>./syscfg/</path>
         <kind>object</kind>
         <file>ti_drivers_config.obj</file>
         <name>ti_drivers_config.obj</name>
      </input_file>
      <input_file id="fl-c">
         <kind>object</kind>
         <file>&lt;internal&gt;</file>
         <name>&lt;internal&gt;</name>
      </input_file>
      <input_file id="fl-d">
         <path>/Applications/ti/simplelink_cc32xx_sdk_6_10_00_05/source/ti/drivers/lib/ccs/m4/</path>
         <kind>archive</kind>
         <file>drivers_cc32xx.a</file>
         <name>UART2.oem4</name>
      </input_file>
      <input_file id="fl-e">
         <path>/Applications/ti/simplelink_cc32xx_sdk_6_10_00_05/source/ti/drivers/lib/ccs/m4/</path>
         <kind>archive</kind>
         <file>drivers_cc32xx.a</file>
         <name>RingBuf.oem4</name>
      </input_file>
      <input_file id="fl-f">
         <path>/Applications/ti/simplelink_cc32xx_sdk_6_10_00_05/source/ti/drivers/lib/ccs/m4/</path>
         <kind>archive</kind>
         <file>drivers_cc32xx.a</file>
         <name>GPIOCC32XX.oem4</name>
      </input_file>
      <input_file id="fl-10">
         <path>/Applications/ti/simplelink_cc32xx_sdk_6_10_00_05/source/ti/drivers/lib/ccs/m4/</path>
         <kind>archive</kind>
         <file>drivers_cc32xx.a</file>
         <name>PowerCC32XX.oem4</name>
      </input_file>
      <input_file id="fl-11">
         <path>/Applications/ti/simplelink_cc32xx_sdk_6_10_00_05/source/ti/drivers/lib/ccs/m4/</path>
         <kind>archive</kind>
         <file>drivers_cc32xx.a</file>
         <name>PowerCC32XX_asm.oem4</name>
      </input_file>
      <input_file id="fl-12">
         <path>/Applications/ti/simplelink_cc32xx_sdk_6_10_00_05/source/ti/drivers/lib/ccs/m4/</path>
         <kind>archive</kind>
         <file>drivers_cc32xx.a</file>
         <name>UART2CC32XX.oem4</name>
      </input_file>
      <input_file id="fl-13">
         <path>/Applications/ti/simplelink_cc32xx_sdk_6_10_00_05/source/ti/drivers/lib/ccs/m4/</path>
         <kind>archive</kind>
         <file>drivers_cc32xx.a</file>
         <name>List.oem4</name>
      </input_file>
      <input_file id="fl-14">
         <path>/Applications/ti/simplelink_cc32xx_sdk_6_10_00_05/source/ti/drivers/lib/ccs/m4/</path>
         <kind>archive</kind>
         <file>drivers_cc32xx.a</file>
         <name>UDMACC32XX.oem4</name>
      </input_file>
      <input_file id="fl-15">
         <path>/Applications/ti/simplelink_cc32xx_sdk_6_10_00_05/kernel/nortos/lib/ccs/m4/</path>
         <kind>archive</kind>
         <file>nortos_cc32xx.a</file>
         <name>NoRTOS.oem4</name>
      </input_file>
      <input_file id="fl-16">
         <path>/Applications/ti/simplelink_cc32xx_sdk_6_10_00_05/kernel/nortos/lib/ccs/m4/</path>
         <kind>archive</kind>
         <file>nortos_cc32xx.a</file>
         <name>SemaphoreP_nortos.oem4</name>
      </input_file>
      <input_file id="fl-17">
         <path>/Applications/ti/simplelink_cc32xx_sdk_6_10_00_05/kernel/nortos/lib/ccs/m4/</path>
         <kind>archive</kind>
         <file>nortos_cc32xx.a</file>
         <name>ClockPSysTick_nortos.oem4</name>
      </input_file>
      <input_file id="fl-18">
         <path>/Applications/ti/simplelink_cc32xx_sdk_6_10_00_05/kernel/nortos/lib/ccs/m4/</path>
         <kind>archive</kind>
         <file>nortos_cc32xx.a</file>
         <name>HwiPCC32XX_nortos.oem4</name>
      </input_file>
      <input_file id="fl-19">
         <path>/Applications/ti/simplelink_cc32xx_sdk_6_10_00_05/kernel/nortos/lib/ccs/m4/</path>
         <kind>archive</kind>
         <file>nortos_cc32xx.a</file>
         <name>PowerCC32XX_nortos.oem4</name>
      </input_file>
      <input_file id="fl-1a">
         <path>/Applications/ti/simplelink_cc32xx_sdk_6_10_00_05/kernel/nortos/lib/ccs/m4/</path>
         <kind>archive</kind>
         <file>nortos_cc32xx.a</file>
         <name>startup_cc32xx_ccs.oem4</name>
      </input_file>
      <input_file id="fl-1b">
         <path>/Applications/ti/simplelink_cc32xx_sdk_6_10_00_05/kernel/nortos/lib/ccs/m4/</path>
         <kind>archive</kind>
         <file>nortos_cc32xx.a</file>
         <name>SwiP_nortos.oem4</name>
      </input_file>
      <input_file id="fl-1c">
         <path>/Applications/ti/simplelink_cc32xx_sdk_6_10_00_05/kernel/nortos/lib/ccs/m4/</path>
         <kind>archive</kind>
         <file>nortos_cc32xx.a</file>
         <name>QueueP_nortos.oem4</name>
      </input_file>
      <input_file id="fl-1d">
         <path>/Applications/ti/simplelink_cc32xx_sdk_6_10_00_05/source/ti/devices/cc32xx/driverlib/ccs/Release/</path>
         <kind>archive</kind>
         <file>driverlib.a</file>
         <name>cpu.obj</name>
      </input_file>
      <input_file id="fl-1e">
         <path>/Applications/ti/simplelink_cc32xx_sdk_6_10_00_05/source/ti/devices/cc32xx/driverlib/ccs/Release/</path>
         <kind>archive</kind>
         <file>driverlib.a</file>
         <name>interrupt.obj</name>
      </input_file>
      <input_file id="fl-1f">
         <path>/Applications/ti/simplelink_cc32xx_sdk_6_10_00_05/source/ti/devices/cc32xx/driverlib/ccs/Release/</path>
         <kind>archive</kind>
         <file>driverlib.a</file>
         <name>pin.obj</name>
      </input_file>
      <input_file id="fl-20">
         <path>/Applications/ti/simplelink_cc32xx_sdk_6_10_00_05/source/ti/devices/cc32xx/driverlib/ccs/Release/</path>
         <kind>archive</kind>
         <file>driverlib.a</file>
         <name>prcm.obj</name>
      </input_file>
      <input_file id="fl-21">
         <path>/Applications/ti/simplelink_cc32xx_sdk_6_10_00_05/source/ti/devices/cc32xx/driverlib/ccs/Release/</path>
         <kind>archive</kind>
         <file>driverlib.a</file>
         <name>uart.obj</name>
      </input_file>
      <input_file id="fl-22">
         <path>/Applications/ti/simplelink_cc32xx_sdk_6_10_00_05/source/ti/devices/cc32xx/driverlib/ccs/Release/</path>
         <kind>archive</kind>
         <file>driverlib.a</file>
         <name>udma.obj</name>
      </input_file>
      <input_file id="fl-23">
         <path>/Applications/ti/simplelink_cc32xx_sdk_6_10_00_05/source/ti/devices/cc32xx/driverlib/ccs/Release/</path>
         <kind>archive</kind>
         <file>driverlib.a</file>
         <name>utils.obj</name>
      </input_file>
      <input_file id="fl-24">
         <path>/Applications/ti/simplelink_cc32xx_sdk_6_10_00_05/source/ti/devices/cc32xx/driverlib/ccs/Release/</path>
         <kind>archive</kind>
         <file>driverlib.a</file>
         <name>flash.obj</name>
      </input_file>
      <input_file id="fl-da">
         <path>/Applications/ti/ccs1210/ccs/tools/compiler/ti-cgt-arm_20.2.7.LTS/lib/</path>
         <kind>archive</kind>
         <file>rtsv7M4_T_le_eabi.lib</file>
         <name>printf.c.obj</name>
      </input_file>
      <input_file id="fl-db">
         <path>/Applications/ti/ccs1210/ccs/tools/compiler/ti-cgt-arm_20.2.7.LTS/lib/</path>
         <kind>archive</kind>
         <file>rtsv7M4_T_le_eabi.lib</file>
         <name>_printfi.c.obj</name>
      </input_file>
      <input_file id="fl-dc">
         <path>/Applications/ti/ccs1210/ccs/tools/compiler/ti-cgt-arm_20.2.7.LTS/lib/</path>
         <kind>archive</kind>
         <file>rtsv7M4_T_le_eabi.lib</file>
         <name>fgetc.c.obj</name>
      </input_file>
      <input_file id="fl-dd">
         <path>/Applications/ti/ccs1210/ccs/tools/compiler/ti-cgt-arm_20.2.7.LTS/lib/</path>
         <kind>archive</kind>
         <file>rtsv7M4_T_le_eabi.lib</file>
         <name>fputc.c.obj</name>
      </input_file>
      <input_file id="fl-de">
         <path>/Applications/ti/ccs1210/ccs/tools/compiler/ti-cgt-arm_20.2.7.LTS/lib/</path>
         <kind>archive</kind>
         <file>rtsv7M4_T_le_eabi.lib</file>
         <name>fputs.c.obj</name>
      </input_file>
      <input_file id="fl-df">
         <path>/Applications/ti/ccs1210/ccs/tools/compiler/ti-cgt-arm_20.2.7.LTS/lib/</path>
         <kind>archive</kind>
         <file>rtsv7M4_T_le_eabi.lib</file>
         <name>_bufread.c.obj</name>
      </input_file>
      <input_file id="fl-e0">
         <path>/Applications/ti/ccs1210/ccs/tools/compiler/ti-cgt-arm_20.2.7.LTS/lib/</path>
         <kind>archive</kind>
         <file>rtsv7M4_T_le_eabi.lib</file>
         <name>_io_perm.c.obj</name>
      </input_file>
      <input_file id="fl-e1">
         <path>/Applications/ti/ccs1210/ccs/tools/compiler/ti-cgt-arm_20.2.7.LTS/lib/</path>
         <kind>archive</kind>
         <file>rtsv7M4_T_le_eabi.lib</file>
         <name>setvbuf.c.obj</name>
      </input_file>
      <input_file id="fl-e2">
         <path>/Applications/ti/ccs1210/ccs/tools/compiler/ti-cgt-arm_20.2.7.LTS/lib/</path>
         <kind>archive</kind>
         <file>rtsv7M4_T_le_eabi.lib</file>
         <name>fd_add_t2.asm.obj</name>
      </input_file>
      <input_file id="fl-e3">
         <path>/Applications/ti/ccs1210/ccs/tools/compiler/ti-cgt-arm_20.2.7.LTS/lib/</path>
         <kind>archive</kind>
         <file>rtsv7M4_T_le_eabi.lib</file>
         <name>fd_cmp_t2.asm.obj</name>
      </input_file>
      <input_file id="fl-e4">
         <path>/Applications/ti/ccs1210/ccs/tools/compiler/ti-cgt-arm_20.2.7.LTS/lib/</path>
         <kind>archive</kind>
         <file>rtsv7M4_T_le_eabi.lib</file>
         <name>fd_div_t2.asm.obj</name>
      </input_file>
      <input_file id="fl-e5">
         <path>/Applications/ti/ccs1210/ccs/tools/compiler/ti-cgt-arm_20.2.7.LTS/lib/</path>
         <kind>archive</kind>
         <file>rtsv7M4_T_le_eabi.lib</file>
         <name>fd_mul_t2.asm.obj</name>
      </input_file>
      <input_file id="fl-e6">
         <path>/Applications/ti/ccs1210/ccs/tools/compiler/ti-cgt-arm_20.2.7.LTS/lib/</path>
         <kind>archive</kind>
         <file>rtsv7M4_T_le_eabi.lib</file>
         <name>fd_toi_t2.asm.obj</name>
      </input_file>
      <input_file id="fl-e7">
         <path>/Applications/ti/ccs1210/ccs/tools/compiler/ti-cgt-arm_20.2.7.LTS/lib/</path>
         <kind>archive</kind>
         <file>rtsv7M4_T_le_eabi.lib</file>
         <name>i_tofd_t2.asm.obj</name>
      </input_file>
      <input_file id="fl-e8">
         <path>/Applications/ti/ccs1210/ccs/tools/compiler/ti-cgt-arm_20.2.7.LTS/lib/</path>
         <kind>archive</kind>
         <file>rtsv7M4_T_le_eabi.lib</file>
         <name>ll_mul_t2.asm.obj</name>
      </input_file>
      <input_file id="fl-e9">
         <path>/Applications/ti/ccs1210/ccs/tools/compiler/ti-cgt-arm_20.2.7.LTS/lib/</path>
         <kind>archive</kind>
         <file>rtsv7M4_T_le_eabi.lib</file>
         <name>memcpy_t2.asm.obj</name>
      </input_file>
      <input_file id="fl-ea">
         <path>/Applications/ti/ccs1210/ccs/tools/compiler/ti-cgt-arm_20.2.7.LTS/lib/</path>
         <kind>archive</kind>
         <file>rtsv7M4_T_le_eabi.lib</file>
         <name>memset_t2.asm.obj</name>
      </input_file>
      <input_file id="fl-eb">
         <path>/Applications/ti/ccs1210/ccs/tools/compiler/ti-cgt-arm_20.2.7.LTS/lib/</path>
         <kind>archive</kind>
         <file>rtsv7M4_T_le_eabi.lib</file>
         <name>ull_div_t2.asm.obj</name>
      </input_file>
      <input_file id="fl-ec">
         <path>/Applications/ti/ccs1210/ccs/tools/compiler/ti-cgt-arm_20.2.7.LTS/lib/</path>
         <kind>archive</kind>
         <file>rtsv7M4_T_le_eabi.lib</file>
         <name>copy_zero_init.c.obj</name>
      </input_file>
      <input_file id="fl-ed">
         <path>/Applications/ti/ccs1210/ccs/tools/compiler/ti-cgt-arm_20.2.7.LTS/lib/</path>
         <kind>archive</kind>
         <file>rtsv7M4_T_le_eabi.lib</file>
         <name>copy_decompress_none.c.obj</name>
      </input_file>
      <input_file id="fl-ee">
         <path>/Applications/ti/ccs1210/ccs/tools/compiler/ti-cgt-arm_20.2.7.LTS/lib/</path>
         <kind>archive</kind>
         <file>rtsv7M4_T_le_eabi.lib</file>
         <name>copy_decompress_lzss.c.obj</name>
      </input_file>
      <input_file id="fl-ef">
         <path>/Applications/ti/ccs1210/ccs/tools/compiler/ti-cgt-arm_20.2.7.LTS/lib/</path>
         <kind>archive</kind>
         <file>rtsv7M4_T_le_eabi.lib</file>
         <name>exit.c.obj</name>
      </input_file>
      <input_file id="fl-f0">
         <path>/Applications/ti/ccs1210/ccs/tools/compiler/ti-cgt-arm_20.2.7.LTS/lib/</path>
         <kind>archive</kind>
         <file>rtsv7M4_T_le_eabi.lib</file>
         <name>_lock.c.obj</name>
      </input_file>
      <input_file id="fl-f1">
         <path>/Applications/ti/ccs1210/ccs/tools/compiler/ti-cgt-arm_20.2.7.LTS/lib/</path>
         <kind>archive</kind>
         <file>rtsv7M4_T_le_eabi.lib</file>
         <name>_ltoa.c.obj</name>
      </input_file>
      <input_file id="fl-f2">
         <path>/Applications/ti/ccs1210/ccs/tools/compiler/ti-cgt-arm_20.2.7.LTS/lib/</path>
         <kind>archive</kind>
         <file>rtsv7M4_T_le_eabi.lib</file>
         <name>atoi.c.obj</name>
      </input_file>
      <input_file id="fl-f3">
         <path>/Applications/ti/ccs1210/ccs/tools/compiler/ti-cgt-arm_20.2.7.LTS/lib/</path>
         <kind>archive</kind>
         <file>rtsv7M4_T_le_eabi.lib</file>
         <name>ctype.c.obj</name>
      </input_file>
      <input_file id="fl-f4">
         <path>/Applications/ti/ccs1210/ccs/tools/compiler/ti-cgt-arm_20.2.7.LTS/lib/</path>
         <kind>archive</kind>
         <file>rtsv7M4_T_le_eabi.lib</file>
         <name>defs.c.obj</name>
      </input_file>
      <input_file id="fl-f5">
         <path>/Applications/ti/ccs1210/ccs/tools/compiler/ti-cgt-arm_20.2.7.LTS/lib/</path>
         <kind>archive</kind>
         <file>rtsv7M4_T_le_eabi.lib</file>
         <name>memccpy.c.obj</name>
      </input_file>
      <input_file id="fl-f6">
         <path>/Applications/ti/ccs1210/ccs/tools/compiler/ti-cgt-arm_20.2.7.LTS/lib/</path>
         <kind>archive</kind>
         <file>rtsv7M4_T_le_eabi.lib</file>
         <name>memchr.c.obj</name>
      </input_file>
      <input_file id="fl-f7">
         <path>/Applications/ti/ccs1210/ccs/tools/compiler/ti-cgt-arm_20.2.7.LTS/lib/</path>
         <kind>archive</kind>
         <file>rtsv7M4_T_le_eabi.lib</file>
         <name>memory.c.obj</name>
      </input_file>
      <input_file id="fl-f8">
         <path>/Applications/ti/ccs1210/ccs/tools/compiler/ti-cgt-arm_20.2.7.LTS/lib/</path>
         <kind>archive</kind>
         <file>rtsv7M4_T_le_eabi.lib</file>
         <name>strchr.c.obj</name>
      </input_file>
      <input_file id="fl-f9">
         <path>/Applications/ti/ccs1210/ccs/tools/compiler/ti-cgt-arm_20.2.7.LTS/lib/</path>
         <kind>archive</kind>
         <file>rtsv7M4_T_le_eabi.lib</file>
         <name>strlen.c.obj</name>
      </input_file>
      <input_file id="fl-fa">
         <path>/Applications/ti/ccs1210/ccs/tools/compiler/ti-cgt-arm_20.2.7.LTS/lib/</path>
         <kind>archive</kind>
         <file>rtsv7M4_T_le_eabi.lib</file>
         <name>boot_cortex_m.c.obj</name>
      </input_file>
      <input_file id="fl-fb">
         <path>/Applications/ti/ccs1210/ccs/tools/compiler/ti-cgt-arm_20.2.7.LTS/lib/</path>
         <kind>archive</kind>
         <file>rtsv7M4_T_le_eabi.lib</file>
         <name>write.c.obj</name>
      </input_file>
      <input_file id="fl-fc">
         <path>/Applications/ti/ccs1210/ccs/tools/compiler/ti-cgt-arm_20.2.7.LTS/lib/</path>
         <kind>archive</kind>
         <file>rtsv7M4_T_le_eabi.lib</file>
         <name>host_device.c.obj</name>
      </input_file>
      <input_file id="fl-fd">
         <path>/Applications/ti/ccs1210/ccs/tools/compiler/ti-cgt-arm_20.2.7.LTS/lib/</path>
         <kind>archive</kind>
         <file>rtsv7M4_T_le_eabi.lib</file>
         <name>read.c.obj</name>
      </input_file>
      <input_file id="fl-fe">
         <path>/Applications/ti/ccs1210/ccs/tools/compiler/ti-cgt-arm_20.2.7.LTS/lib/</path>
         <kind>archive</kind>
         <file>rtsv7M4_T_le_eabi.lib</file>
         <name>errno.c.obj</name>
      </input_file>
      <input_file id="fl-ff">
         <path>/Applications/ti/ccs1210/ccs/tools/compiler/ti-cgt-arm_20.2.7.LTS/lib/</path>
         <kind>archive</kind>
         <file>rtsv7M4_T_le_eabi.lib</file>
         <name>wcslen.c.obj</name>
      </input_file>
      <input_file id="fl-100">
         <path>/Applications/ti/ccs1210/ccs/tools/compiler/ti-cgt-arm_20.2.7.LTS/lib/</path>
         <kind>archive</kind>
         <file>rtsv7M4_T_le_eabi.lib</file>
         <name>s_frexp.c.obj</name>
      </input_file>
      <input_file id="fl-101">
         <path>/Applications/ti/ccs1210/ccs/tools/compiler/ti-cgt-arm_20.2.7.LTS/lib/</path>
         <kind>archive</kind>
         <file>rtsv7M4_T_le_eabi.lib</file>
         <name>s_scalbn.c.obj</name>
      </input_file>
      <input_file id="fl-102">
         <path>/Applications/ti/ccs1210/ccs/tools/compiler/ti-cgt-arm_20.2.7.LTS/lib/</path>
         <kind>archive</kind>
         <file>rtsv7M4_T_le_eabi.lib</file>
         <name>fflush.c.obj</name>
      </input_file>
      <input_file id="fl-103">
         <path>/Applications/ti/ccs1210/ccs/tools/compiler/ti-cgt-arm_20.2.7.LTS/lib/</path>
         <kind>archive</kind>
         <file>rtsv7M4_T_le_eabi.lib</file>
         <name>fopen.c.obj</name>
      </input_file>
      <input_file id="fl-104">
         <path>/Applications/ti/ccs1210/ccs/tools/compiler/ti-cgt-arm_20.2.7.LTS/lib/</path>
         <kind>archive</kind>
         <file>rtsv7M4_T_le_eabi.lib</file>
         <name>fseek.c.obj</name>
      </input_file>
      <input_file id="fl-105">
         <path>/Applications/ti/ccs1210/ccs/tools/compiler/ti-cgt-arm_20.2.7.LTS/lib/</path>
         <kind>archive</kind>
         <file>rtsv7M4_T_le_eabi.lib</file>
         <name>div0.asm.obj</name>
      </input_file>
      <input_file id="fl-106">
         <path>/Applications/ti/ccs1210/ccs/tools/compiler/ti-cgt-arm_20.2.7.LTS/lib/</path>
         <kind>archive</kind>
         <file>rtsv7M4_T_le_eabi.lib</file>
         <name>autoinit.c.obj</name>
      </input_file>
      <input_file id="fl-107">
         <path>/Applications/ti/ccs1210/ccs/tools/compiler/ti-cgt-arm_20.2.7.LTS/lib/</path>
         <kind>archive</kind>
         <file>rtsv7M4_T_le_eabi.lib</file>
         <name>pre_init.c.obj</name>
      </input_file>
      <input_file id="fl-108">
         <path>/Applications/ti/ccs1210/ccs/tools/compiler/ti-cgt-arm_20.2.7.LTS/lib/</path>
         <kind>archive</kind>
         <file>rtsv7M4_T_le_eabi.lib</file>
         <name>cpy_tbl.c.obj</name>
      </input_file>
      <input_file id="fl-109">
         <path>/Applications/ti/ccs1210/ccs/tools/compiler/ti-cgt-arm_20.2.7.LTS/lib/</path>
         <kind>archive</kind>
         <file>rtsv7M4_T_le_eabi.lib</file>
         <name>args_main.c.obj</name>
      </input_file>
      <input_file id="fl-10a">
         <path>/Applications/ti/ccs1210/ccs/tools/compiler/ti-cgt-arm_20.2.7.LTS/lib/</path>
         <kind>archive</kind>
         <file>rtsv7M4_T_le_eabi.lib</file>
         <name>hostclose.c.obj</name>
      </input_file>
      <input_file id="fl-10b">
         <path>/Applications/ti/ccs1210/ccs/tools/compiler/ti-cgt-arm_20.2.7.LTS/lib/</path>
         <kind>archive</kind>
         <file>rtsv7M4_T_le_eabi.lib</file>
         <name>hostlseek.c.obj</name>
      </input_file>
      <input_file id="fl-10c">
         <path>/Applications/ti/ccs1210/ccs/tools/compiler/ti-cgt-arm_20.2.7.LTS/lib/</path>
         <kind>archive</kind>
         <file>rtsv7M4_T_le_eabi.lib</file>
         <name>hostopen.c.obj</name>
      </input_file>
      <input_file id="fl-10d">
         <path>/Applications/ti/ccs1210/ccs/tools/compiler/ti-cgt-arm_20.2.7.LTS/lib/</path>
         <kind>archive</kind>
         <file>rtsv7M4_T_le_eabi.lib</file>
         <name>hostread.c.obj</name>
      </input_file>
      <input_file id="fl-10e">
         <path>/Applications/ti/ccs1210/ccs/tools/compiler/ti-cgt-arm_20.2.7.LTS/lib/</path>
         <kind>archive</kind>
         <file>rtsv7M4_T_le_eabi.lib</file>
         <name>hostrename.c.obj</name>
      </input_file>
      <input_file id="fl-10f">
         <path>/Applications/ti/ccs1210/ccs/tools/compiler/ti-cgt-arm_20.2.7.LTS/lib/</path>
         <kind>archive</kind>
         <file>rtsv7M4_T_le_eabi.lib</file>
         <name>hostunlink.c.obj</name>
      </input_file>
      <input_file id="fl-110">
         <path>/Applications/ti/ccs1210/ccs/tools/compiler/ti-cgt-arm_20.2.7.LTS/lib/</path>
         <kind>archive</kind>
         <file>rtsv7M4_T_le_eabi.lib</file>
         <name>hostwrite.c.obj</name>
      </input_file>
      <input_file id="fl-111">
         <path>/Applications/ti/ccs1210/ccs/tools/compiler/ti-cgt-arm_20.2.7.LTS/lib/</path>
         <kind>archive</kind>
         <file>rtsv7M4_T_le_eabi.lib</file>
         <name>trgmsg.c.obj</name>
      </input_file>
      <input_file id="fl-112">
         <path>/Applications/ti/ccs1210/ccs/tools/compiler/ti-cgt-arm_20.2.7.LTS/lib/</path>
         <kind>archive</kind>
         <file>rtsv7M4_T_le_eabi.lib</file>
         <name>open.c.obj</name>
      </input_file>
      <input_file id="fl-113">
         <path>/Applications/ti/ccs1210/ccs/tools/compiler/ti-cgt-arm_20.2.7.LTS/lib/</path>
         <kind>archive</kind>
         <file>rtsv7M4_T_le_eabi.lib</file>
         <name>lseek.c.obj</name>
      </input_file>
      <input_file id="fl-114">
         <path>/Applications/ti/ccs1210/ccs/tools/compiler/ti-cgt-arm_20.2.7.LTS/lib/</path>
         <kind>archive</kind>
         <file>rtsv7M4_T_le_eabi.lib</file>
         <name>s_copysign.c.obj</name>
      </input_file>
      <input_file id="fl-115">
         <path>/Applications/ti/ccs1210/ccs/tools/compiler/ti-cgt-arm_20.2.7.LTS/lib/</path>
         <kind>archive</kind>
         <file>rtsv7M4_T_le_eabi.lib</file>
         <name>fclose.c.obj</name>
      </input_file>
      <input_file id="fl-116">
         <path>/Applications/ti/ccs1210/ccs/tools/compiler/ti-cgt-arm_20.2.7.LTS/lib/</path>
         <kind>archive</kind>
         <file>rtsv7M4_T_le_eabi.lib</file>
         <name>getdevice.c.obj</name>
      </input_file>
      <input_file id="fl-117">
         <path>/Applications/ti/ccs1210/ccs/tools/compiler/ti-cgt-arm_20.2.7.LTS/lib/</path>
         <kind>archive</kind>
         <file>rtsv7M4_T_le_eabi.lib</file>
         <name>strcmp.c.obj</name>
      </input_file>
      <input_file id="fl-118">
         <path>/Applications/ti/ccs1210/ccs/tools/compiler/ti-cgt-arm_20.2.7.LTS/lib/</path>
         <kind>archive</kind>
         <file>rtsv7M4_T_le_eabi.lib</file>
         <name>strcpy.c.obj</name>
      </input_file>
      <input_file id="fl-119">
         <path>/Applications/ti/ccs1210/ccs/tools/compiler/ti-cgt-arm_20.2.7.LTS/lib/</path>
         <kind>archive</kind>
         <file>rtsv7M4_T_le_eabi.lib</file>
         <name>strncpy.c.obj</name>
      </input_file>
      <input_file id="fl-11a">
         <path>/Applications/ti/ccs1210/ccs/tools/compiler/ti-cgt-arm_20.2.7.LTS/lib/</path>
         <kind>archive</kind>
         <file>rtsv7M4_T_le_eabi.lib</file>
         <name>remove.c.obj</name>
      </input_file>
      <input_file id="fl-11b">
         <path>/Applications/ti/ccs1210/ccs/tools/compiler/ti-cgt-arm_20.2.7.LTS/lib/</path>
         <kind>archive</kind>
         <file>rtsv7M4_T_le_eabi.lib</file>
         <name>close.c.obj</name>
      </input_file>
      <input_file id="fl-11c">
         <path>/Applications/ti/ccs1210/ccs/tools/compiler/ti-cgt-arm_20.2.7.LTS/lib/</path>
         <kind>archive</kind>
         <file>rtsv7M4_T_le_eabi.lib</file>
         <name>unlink.c.obj</name>
      </input_file>
   </input_file_list>
   <object_component_list>
      <object_component id="oc-37c">
         <name>.text:__TI_printfi</name>
         <load_address>0x2000c040</load_address>
         <run_address>0x2000c040</run_address>
         <size>0xa4e</size>
         <input_file_ref idref="fl-db"/>
      </object_component>
      <object_component id="oc-1d6">
         <name>.text:Board_initHook</name>
         <load_address>0x2000ca8e</load_address>
         <run_address>0x2000ca8e</run_address>
         <size>0x2</size>
         <input_file_ref idref="fl-3"/>
      </object_component>
      <object_component id="oc-1c4">
         <name>.text:PRCMCC3200MCUInit</name>
         <load_address>0x2000ca90</load_address>
         <run_address>0x2000ca90</run_address>
         <size>0x42c</size>
         <input_file_ref idref="fl-20"/>
      </object_component>
      <object_component id="oc-375">
         <name>.text:UART2_writeTimeout</name>
         <load_address>0x2000cebc</load_address>
         <run_address>0x2000cebc</run_address>
         <size>0x298</size>
         <input_file_ref idref="fl-d"/>
      </object_component>
      <object_component id="oc-1ea">
         <name>.text:UART2_open</name>
         <load_address>0x2000d154</load_address>
         <run_address>0x2000d154</run_address>
         <size>0x294</size>
         <input_file_ref idref="fl-12"/>
      </object_component>
      <object_component id="oc-5d9">
         <name>.text:_pconv_a</name>
         <load_address>0x2000d3e8</load_address>
         <run_address>0x2000d3e8</run_address>
         <size>0x268</size>
         <input_file_ref idref="fl-db"/>
      </object_component>
      <object_component id="oc-35b">
         <name>.text:UART2CC32XX_hwiIntFxn</name>
         <load_address>0x2000d650</load_address>
         <run_address>0x2000d650</run_address>
         <size>0x234</size>
         <input_file_ref idref="fl-12"/>
      </object_component>
      <object_component id="oc-3a5">
         <name>.text:UART2_readTimeout</name>
         <load_address>0x2000d884</load_address>
         <run_address>0x2000d884</run_address>
         <size>0x200</size>
         <input_file_ref idref="fl-d"/>
      </object_component>
      <object_component id="oc-5c7">
         <name>.text:_pconv_g</name>
         <load_address>0x2000da84</load_address>
         <run_address>0x2000da84</run_address>
         <size>0x1cc</size>
         <input_file_ref idref="fl-db"/>
      </object_component>
      <object_component id="oc-78e">
         <name>.text</name>
         <load_address>0x2000dc50</load_address>
         <run_address>0x2000dc50</run_address>
         <size>0x1b6</size>
         <input_file_ref idref="fl-e2"/>
      </object_component>
      <object_component id="oc-3e8">
         <name>.text:PowerCC32XX_initPolicy</name>
         <load_address>0x2000de06</load_address>
         <run_address>0x2000de06</run_address>
         <size>0x2</size>
         <input_file_ref idref="fl-19"/>
      </object_component>
      <object_component id="oc-3ee">
         <name>.text:PowerCC32XX_sleepPolicy</name>
         <load_address>0x2000de08</load_address>
         <run_address>0x2000de08</run_address>
         <size>0x1a0</size>
         <input_file_ref idref="fl-19"/>
      </object_component>
      <object_component id="oc-1de">
         <name>.text:GPIO_setConfig</name>
         <load_address>0x2000dfa8</load_address>
         <run_address>0x2000dfa8</run_address>
         <size>0x154</size>
         <input_file_ref idref="fl-f"/>
      </object_component>
      <object_component id="oc-845">
         <name>.text:parkPins</name>
         <load_address>0x2000e0fc</load_address>
         <run_address>0x2000e0fc</run_address>
         <size>0x148</size>
         <input_file_ref idref="fl-10"/>
      </object_component>
      <object_component id="oc-5d3">
         <name>.text:_pconv_e</name>
         <load_address>0x2000e244</load_address>
         <run_address>0x2000e244</run_address>
         <size>0x13c</size>
         <input_file_ref idref="fl-db"/>
      </object_component>
      <object_component id="oc-690">
         <name>.text:Power_sleep</name>
         <load_address>0x2000e380</load_address>
         <run_address>0x2000e380</run_address>
         <size>0x138</size>
         <input_file_ref idref="fl-10"/>
      </object_component>
      <object_component id="oc-774">
         <name>.text</name>
         <load_address>0x2000e4b8</load_address>
         <run_address>0x2000e4b8</run_address>
         <size>0x136</size>
         <input_file_ref idref="fl-e4"/>
      </object_component>
      <object_component id="oc-4c1">
         <name>.text:SemaphoreP_destruct</name>
         <load_address>0x2000e5ee</load_address>
         <run_address>0x2000e5ee</run_address>
         <size>0x2</size>
         <input_file_ref idref="fl-16"/>
      </object_component>
      <object_component id="oc-7a0">
         <name>.text:fcvt</name>
         <load_address>0x2000e5f0</load_address>
         <run_address>0x2000e5f0</run_address>
         <size>0x120</size>
         <input_file_ref idref="fl-db"/>
      </object_component>
      <object_component id="oc-601">
         <name>.text:fputs</name>
         <load_address>0x2000e710</load_address>
         <run_address>0x2000e710</run_address>
         <size>0x114</size>
         <input_file_ref idref="fl-de"/>
      </object_component>
      <object_component id="oc-31c">
         <name>.text:UART2_close</name>
         <load_address>0x2000e824</load_address>
         <run_address>0x2000e824</run_address>
         <size>0x108</size>
         <input_file_ref idref="fl-12"/>
      </object_component>
      <object_component id="oc-6f2">
         <name>.text:aligned_alloc</name>
         <load_address>0x2000e92c</load_address>
         <run_address>0x2000e92c</run_address>
         <size>0x100</size>
         <input_file_ref idref="fl-f7"/>
      </object_component>
      <object_component id="oc-76f">
         <name>.text</name>
         <load_address>0x2000ea2c</load_address>
         <run_address>0x2000ea2c</run_address>
         <size>0xfc</size>
         <input_file_ref idref="fl-e5"/>
      </object_component>
      <object_component id="oc-322">
         <name>.text:UART2CC32XX_initHw</name>
         <load_address>0x2000eb28</load_address>
         <run_address>0x2000eb28</run_address>
         <size>0xec</size>
         <input_file_ref idref="fl-12"/>
      </object_component>
      <object_component id="oc-54c">
         <name>.text:UART2Support_dmaStartRx</name>
         <load_address>0x2000ec14</load_address>
         <run_address>0x2000ec14</run_address>
         <size>0xe4</size>
         <input_file_ref idref="fl-12"/>
      </object_component>
      <object_component id="oc-40c">
         <name>.text:free</name>
         <load_address>0x2000ecf8</load_address>
         <run_address>0x2000ecf8</run_address>
         <size>0xe4</size>
         <input_file_ref idref="fl-f7"/>
      </object_component>
      <object_component id="oc-164">
         <name>.text:mainThread</name>
         <load_address>0x2000eddc</load_address>
         <run_address>0x2000eddc</run_address>
         <size>0xdc</size>
         <input_file_ref idref="fl-2"/>
      </object_component>
      <object_component id="oc-7fe">
         <name>.text:setvbuf</name>
         <load_address>0x2000eeb8</load_address>
         <run_address>0x2000eeb8</run_address>
         <size>0xdc</size>
         <input_file_ref idref="fl-e1"/>
      </object_component>
      <object_component id="oc-7b4">
         <name>.text:scalbn</name>
         <load_address>0x2000ef94</load_address>
         <run_address>0x2000ef94</run_address>
         <size>0xd0</size>
         <input_file_ref idref="fl-101"/>
      </object_component>
      <object_component id="oc-55e">
         <name>.text:UART2Support_dmaStartTx</name>
         <load_address>0x2000f064</load_address>
         <run_address>0x2000f064</run_address>
         <size>0xc8</size>
         <input_file_ref idref="fl-12"/>
      </object_component>
      <object_component id="oc-862">
         <name>.text:restoreParkedPins</name>
         <load_address>0x2000f12c</load_address>
         <run_address>0x2000f12c</run_address>
         <size>0xc0</size>
         <input_file_ref idref="fl-10"/>
      </object_component>
      <object_component id="oc-5bc">
         <name>.text:_ltostr</name>
         <load_address>0x2000f1ec</load_address>
         <run_address>0x2000f1ec</run_address>
         <size>0xb1</size>
         <input_file_ref idref="fl-db"/>
      </object_component>
      <object_component id="oc-34f">
         <name>.text:UART2CC32XX_eventCallback</name>
         <load_address>0x2000f29e</load_address>
         <run_address>0x2000f29e</run_address>
         <size>0x2</size>
         <input_file_ref idref="fl-12"/>
      </object_component>
      <object_component id="oc-b5">
         <name>.text:IntEnable</name>
         <load_address>0x2000f2a0</load_address>
         <run_address>0x2000f2a0</run_address>
         <size>0xa8</size>
         <input_file_ref idref="fl-1e"/>
      </object_component>
      <object_component id="oc-270">
         <name>.text:PowerCC32XX_configureWakeup</name>
         <load_address>0x2000f348</load_address>
         <run_address>0x2000f348</run_address>
         <size>0xa8</size>
         <input_file_ref idref="fl-10"/>
      </object_component>
      <object_component id="oc-295">
         <name>.text:SemaphoreP_pend</name>
         <load_address>0x2000f3f0</load_address>
         <run_address>0x2000f3f0</run_address>
         <size>0xa0</size>
         <input_file_ref idref="fl-16"/>
      </object_component>
      <object_component id="oc-61c">
         <name>.text:__TI_buff_read</name>
         <load_address>0x2000f490</load_address>
         <run_address>0x2000f490</run_address>
         <size>0x9c</size>
         <input_file_ref idref="fl-df"/>
      </object_component>
      <object_component id="oc-3b">
         <name>.text</name>
         <load_address>0x2000f52c</load_address>
         <run_address>0x2000f52c</run_address>
         <size>0x9c</size>
         <input_file_ref idref="fl-e9"/>
      </object_component>
      <object_component id="oc-68b">
         <name>.text</name>
         <load_address>0x2000f5c8</load_address>
         <run_address>0x2000f5c8</run_address>
         <size>0x96</size>
         <input_file_ref idref="fl-eb"/>
      </object_component>
      <object_component id="oc-3b0">
         <name>.text:_nop</name>
         <load_address>0x2000f65e</load_address>
         <run_address>0x2000f65e</run_address>
         <size>0x2</size>
         <input_file_ref idref="fl-f0"/>
      </object_component>
      <object_component id="oc-1d0">
         <name>.text:GPIO_init</name>
         <load_address>0x2000f660</load_address>
         <run_address>0x2000f660</run_address>
         <size>0x90</size>
         <input_file_ref idref="fl-f"/>
      </object_component>
      <object_component id="oc-856">
         <name>.text:restoreNVICRegs</name>
         <load_address>0x2000f6f0</load_address>
         <run_address>0x2000f6f0</run_address>
         <size>0x90</size>
         <input_file_ref idref="fl-10"/>
      </object_component>
      <object_component id="oc-32e">
         <name>.text:HwiP_construct</name>
         <load_address>0x2000f780</load_address>
         <run_address>0x2000f780</run_address>
         <size>0x8c</size>
         <input_file_ref idref="fl-18"/>
      </object_component>
      <object_component id="oc-608">
         <name>.text:fputc</name>
         <load_address>0x2000f80c</load_address>
         <run_address>0x2000f80c</run_address>
         <size>0x8c</size>
         <input_file_ref idref="fl-dd"/>
      </object_component>
      <object_component id="oc-95c">
         <name>.text:IntPendSet</name>
         <load_address>0x2000f898</load_address>
         <run_address>0x2000f898</run_address>
         <size>0x88</size>
         <input_file_ref idref="fl-1e"/>
      </object_component>
      <object_component id="oc-2bc">
         <name>.text:PinConfigSet</name>
         <load_address>0x2000f920</load_address>
         <run_address>0x2000f920</run_address>
         <size>0x88</size>
         <input_file_ref idref="fl-1f"/>
      </object_component>
      <object_component id="oc-5c2">
         <name>.text:__aeabi_cdcmple</name>
         <load_address>0x2000f9a8</load_address>
         <run_address>0x2000f9a8</run_address>
         <size>0x86</size>
         <input_file_ref idref="fl-e3"/>
      </object_component>
      <object_component id="oc-779">
         <name>.text:__aeabi_cdrcmple</name>
         <load_address>0x2000fa2e</load_address>
         <run_address>0x2000fa2e</run_address>
         <size>0x86</size>
         <input_file_ref idref="fl-e3"/>
      </object_component>
      <object_component id="oc-1ca">
         <name>.text:Power_init</name>
         <load_address>0x2000fab4</load_address>
         <run_address>0x2000fab4</run_address>
         <size>0x84</size>
         <input_file_ref idref="fl-10"/>
      </object_component>
      <object_component id="oc-398">
         <name>.text:fgetc</name>
         <load_address>0x2000fb38</load_address>
         <run_address>0x2000fb38</run_address>
         <size>0x84</size>
         <input_file_ref idref="fl-dc"/>
      </object_component>
      <object_component id="oc-84b">
         <name>.text:saveNVICRegs</name>
         <load_address>0x2000fbbc</load_address>
         <run_address>0x2000fbbc</run_address>
         <size>0x84</size>
         <input_file_ref idref="fl-10"/>
      </object_component>
      <object_component id="oc-1f0">
         <name>.text:GPIO_write</name>
         <load_address>0x2000fc40</load_address>
         <run_address>0x2000fc40</run_address>
         <size>0x80</size>
         <input_file_ref idref="fl-f"/>
      </object_component>
      <object_component id="oc-2c2">
         <name>.text:Power_setDependency</name>
         <load_address>0x2000fcc0</load_address>
         <run_address>0x2000fcc0</run_address>
         <size>0x80</size>
         <input_file_ref idref="fl-10"/>
      </object_component>
      <object_component id="oc-316">
         <name>.text:UDMACC32XX_open</name>
         <load_address>0x2000fd40</load_address>
         <run_address>0x2000fd40</run_address>
         <size>0x7c</size>
         <input_file_ref idref="fl-14"/>
      </object_component>
      <object_component id="oc-9d">
         <name>.text</name>
         <load_address>0x2000fdbc</load_address>
         <run_address>0x2000fdbc</run_address>
         <size>0x7a</size>
         <input_file_ref idref="fl-ea"/>
      </object_component>
      <object_component id="oc-552">
         <name>.text:UART2CC32XX_readCallback</name>
         <load_address>0x2000fe36</load_address>
         <run_address>0x2000fe36</run_address>
         <size>0x74</size>
         <input_file_ref idref="fl-12"/>
      </object_component>
      <object_component id="oc-73">
         <name>.text:busFaultHandler</name>
         <load_address>0x2000feaa</load_address>
         <run_address>0x2000feaa</run_address>
         <size>0x2</size>
         <input_file_ref idref="fl-1a"/>
      </object_component>
      <object_component id="oc-996">
         <name>.text:__TI_closefile</name>
         <load_address>0x2000feac</load_address>
         <run_address>0x2000feac</run_address>
         <size>0x74</size>
         <input_file_ref idref="fl-115"/>
      </object_component>
      <object_component id="oc-2b4">
         <name>.text:powerNotifyFxn</name>
         <load_address>0x2000ff20</load_address>
         <run_address>0x2000ff20</run_address>
         <size>0x74</size>
         <input_file_ref idref="fl-f"/>
      </object_component>
      <object_component id="oc-891">
         <name>.text:split</name>
         <load_address>0x2000ff94</load_address>
         <run_address>0x2000ff94</run_address>
         <size>0x70</size>
         <input_file_ref idref="fl-f7"/>
      </object_component>
      <object_component id="oc-799">
         <name>.text:_mcpy</name>
         <load_address>0x20010004</load_address>
         <run_address>0x20010004</run_address>
         <size>0x6e</size>
         <input_file_ref idref="fl-db"/>
      </object_component>
      <object_component id="oc-431">
         <name>.text:clkFxn</name>
         <load_address>0x20010072</load_address>
         <run_address>0x20010072</run_address>
         <size>0x2</size>
         <input_file_ref idref="fl-16"/>
      </object_component>
      <object_component id="oc-9c3">
         <name>.text:HOSTrename</name>
         <load_address>0x20010074</load_address>
         <run_address>0x20010074</run_address>
         <size>0x6c</size>
         <input_file_ref idref="fl-10e"/>
      </object_component>
      <object_component id="oc-9b7">
         <name>.text:HOSTlseek</name>
         <load_address>0x200100e0</load_address>
         <run_address>0x200100e0</run_address>
         <size>0x68</size>
         <input_file_ref idref="fl-10b"/>
      </object_component>
      <object_component id="oc-14">
         <name>.text:decompress:lzss:__TI_decompress_lzss</name>
         <load_address>0x20010148</load_address>
         <run_address>0x20010148</run_address>
         <size>0x68</size>
         <input_file_ref idref="fl-ee"/>
      </object_component>
      <object_component id="oc-1fc">
         <name>.text:printf</name>
         <load_address>0x200101b0</load_address>
         <run_address>0x200101b0</run_address>
         <size>0x68</size>
         <input_file_ref idref="fl-da"/>
      </object_component>
      <object_component id="oc-2d4">
         <name>.text:GPIO_setInterruptConfig</name>
         <load_address>0x20010218</load_address>
         <run_address>0x20010218</run_address>
         <size>0x64</size>
         <input_file_ref idref="fl-f"/>
      </object_component>
      <object_component id="oc-30a">
         <name>.text:PowerCC32XX_setParkState</name>
         <load_address>0x2001027c</load_address>
         <run_address>0x2001027c</run_address>
         <size>0x64</size>
         <input_file_ref idref="fl-10"/>
      </object_component>
      <object_component id="oc-8e7">
         <name>.text:fseek</name>
         <load_address>0x200102e0</load_address>
         <run_address>0x200102e0</run_address>
         <size>0x64</size>
         <input_file_ref idref="fl-104"/>
      </object_component>
      <object_component id="oc-4fe">
         <name>.text:uDMAChannelAttributeDisable</name>
         <load_address>0x20010344</load_address>
         <run_address>0x20010344</run_address>
         <size>0x64</size>
         <input_file_ref idref="fl-22"/>
      </object_component>
      <object_component id="oc-7e2">
         <name>.text:__TI_wrt_ok</name>
         <load_address>0x200103a8</load_address>
         <run_address>0x200103a8</run_address>
         <size>0x62</size>
         <input_file_ref idref="fl-e0"/>
      </object_component>
      <object_component id="oc-6d">
         <name>.text:defaultHandler</name>
         <load_address>0x2001040a</load_address>
         <run_address>0x2001040a</run_address>
         <size>0x2</size>
         <input_file_ref idref="fl-1a"/>
      </object_component>
      <object_component id="oc-2e3">
         <name>.text:GPIO_hwiIntFxn</name>
         <load_address>0x2001040c</load_address>
         <run_address>0x2001040c</run_address>
         <size>0x60</size>
         <input_file_ref idref="fl-f"/>
      </object_component>
      <object_component id="oc-99f">
         <name>.text:HOSTopen</name>
         <load_address>0x2001046c</load_address>
         <run_address>0x2001046c</run_address>
         <size>0x60</size>
         <input_file_ref idref="fl-10c"/>
      </object_component>
      <object_component id="oc-23e">
         <name>.text:PRCMSysResetCauseGet</name>
         <load_address>0x200104cc</load_address>
         <run_address>0x200104cc</run_address>
         <size>0x60</size>
         <input_file_ref idref="fl-20"/>
      </object_component>
      <object_component id="oc-558">
         <name>.text:UART2Support_dmaStopTx</name>
         <load_address>0x2001052c</load_address>
         <run_address>0x2001052c</run_address>
         <size>0x5e</size>
         <input_file_ref idref="fl-12"/>
      </object_component>
      <object_component id="oc-67">
         <name>.text:faultISR</name>
         <load_address>0x2001058a</load_address>
         <run_address>0x2001058a</run_address>
         <size>0x2</size>
         <input_file_ref idref="fl-1a"/>
      </object_component>
      <object_component id="oc-9dd">
         <name>.text:close</name>
         <load_address>0x2001058c</load_address>
         <run_address>0x2001058c</run_address>
         <size>0x5c</size>
         <input_file_ref idref="fl-11b"/>
      </object_component>
      <object_component id="oc-7ae">
         <name>.text:frexp</name>
         <load_address>0x200105e8</load_address>
         <run_address>0x200105e8</run_address>
         <size>0x5c</size>
         <input_file_ref idref="fl-100"/>
      </object_component>
      <object_component id="oc-735">
         <name>.text:sysTickInit</name>
         <load_address>0x20010644</load_address>
         <run_address>0x20010644</run_address>
         <size>0x5c</size>
         <input_file_ref idref="fl-17"/>
      </object_component>
      <object_component id="oc-9ab">
         <name>.text:HOSTread</name>
         <load_address>0x200106a0</load_address>
         <run_address>0x200106a0</run_address>
         <size>0x58</size>
         <input_file_ref idref="fl-10d"/>
      </object_component>
      <object_component id="oc-9b1">
         <name>.text:HOSTwrite</name>
         <load_address>0x200106f8</load_address>
         <run_address>0x200106f8</run_address>
         <size>0x58</size>
         <input_file_ref idref="fl-110"/>
      </object_component>
      <object_component id="oc-257">
         <name>.text:PRCMPeripheralReset</name>
         <load_address>0x20010750</load_address>
         <run_address>0x20010750</run_address>
         <size>0x58</size>
         <input_file_ref idref="fl-20"/>
      </object_component>
      <object_component id="oc-4d3">
         <name>.text:Power_releaseDependency</name>
         <load_address>0x200107a8</load_address>
         <run_address>0x200107a8</run_address>
         <size>0x58</size>
         <input_file_ref idref="fl-10"/>
      </object_component>
      <object_component id="oc-5cd">
         <name>.text:_pconv_f</name>
         <load_address>0x20010800</load_address>
         <run_address>0x20010800</run_address>
         <size>0x56</size>
         <input_file_ref idref="fl-db"/>
      </object_component>
      <object_component id="oc-783">
         <name>.text:__TI_ltoa</name>
         <load_address>0x20010856</load_address>
         <run_address>0x20010856</run_address>
         <size>0x54</size>
         <input_file_ref idref="fl-f1"/>
      </object_component>
      <object_component id="oc-939">
         <name>.text:PowerCC32XX_resumeLPDS</name>
         <load_address>0x200108aa</load_address>
         <run_address>0x200108aa</run_address>
         <size>0x52</size>
         <input_file_ref idref="fl-11"/>
      </object_component>
      <object_component id="oc-793">
         <name>.text:_ecpy</name>
         <load_address>0x200108fc</load_address>
         <run_address>0x200108fc</run_address>
         <size>0x52</size>
         <input_file_ref idref="fl-db"/>
      </object_component>
      <object_component id="oc-61">
         <name>.text:nmiISR</name>
         <load_address>0x2001094e</load_address>
         <run_address>0x2001094e</run_address>
         <size>0x2</size>
         <input_file_ref idref="fl-1a"/>
      </object_component>
      <object_component id="oc-79">
         <name>.text:ClockP_sysTickHandler</name>
         <load_address>0x20010950</load_address>
         <run_address>0x20010950</run_address>
         <size>0x50</size>
         <input_file_ref idref="fl-17"/>
      </object_component>
      <object_component id="oc-33a">
         <name>.text:SemaphoreP_construct</name>
         <load_address>0x200109a0</load_address>
         <run_address>0x200109a0</run_address>
         <size>0x50</size>
         <input_file_ref idref="fl-16"/>
      </object_component>
      <object_component id="oc-546">
         <name>.text:UART2Support_dmaStopRx</name>
         <load_address>0x200109f0</load_address>
         <run_address>0x200109f0</run_address>
         <size>0x50</size>
         <input_file_ref idref="fl-12"/>
      </object_component>
      <object_component id="oc-930">
         <name>.text:PowerCC32XX_parkPin</name>
         <load_address>0x20010a40</load_address>
         <run_address>0x20010a40</run_address>
         <size>0x4c</size>
         <input_file_ref idref="fl-10"/>
      </object_component>
      <object_component id="oc-7ee">
         <name>.text:__TI_doflush</name>
         <load_address>0x20010a8c</load_address>
         <run_address>0x20010a8c</run_address>
         <size>0x4c</size>
         <input_file_ref idref="fl-102"/>
      </object_component>
      <object_component id="oc-5b6">
         <name>.text:atoi</name>
         <load_address>0x20010ad8</load_address>
         <run_address>0x20010ad8</run_address>
         <size>0x4c</size>
         <input_file_ref idref="fl-f2"/>
      </object_component>
      <object_component id="oc-85c">
         <name>.text:restorePeriphClocks</name>
         <load_address>0x20010b24</load_address>
         <run_address>0x20010b24</run_address>
         <size>0x4c</size>
         <input_file_ref idref="fl-10"/>
      </object_component>
      <object_component id="oc-616">
         <name>.text:__TI_rd_ok</name>
         <load_address>0x20010b70</load_address>
         <run_address>0x20010b70</run_address>
         <size>0x4a</size>
         <input_file_ref idref="fl-e0"/>
      </object_component>
      <object_component id="oc-839">
         <name>.text</name>
         <load_address>0x20010bba</load_address>
         <run_address>0x20010bba</run_address>
         <size>0x2</size>
         <input_file_ref idref="fl-105"/>
      </object_component>
      <object_component id="oc-954">
         <name>.text:FlashDisable</name>
         <load_address>0x20010bbc</load_address>
         <run_address>0x20010bbc</run_address>
         <size>0x48</size>
         <input_file_ref idref="fl-24"/>
      </object_component>
      <object_component id="oc-46c">
         <name>.text:GPIO_disableInt</name>
         <load_address>0x20010c04</load_address>
         <run_address>0x20010c04</run_address>
         <size>0x48</size>
         <input_file_ref idref="fl-f"/>
      </object_component>
      <object_component id="oc-2da">
         <name>.text:GPIO_enableInt</name>
         <load_address>0x20010c4c</load_address>
         <run_address>0x20010c4c</run_address>
         <size>0x48</size>
         <input_file_ref idref="fl-f"/>
      </object_component>
      <object_component id="oc-868">
         <name>.text:PRCMLPDSEnter</name>
         <load_address>0x20010c94</load_address>
         <run_address>0x20010c94</run_address>
         <size>0x48</size>
         <input_file_ref idref="fl-20"/>
      </object_component>
      <object_component id="oc-251">
         <name>.text:PRCMPeripheralClkEnable</name>
         <load_address>0x20010cdc</load_address>
         <run_address>0x20010cdc</run_address>
         <size>0x48</size>
         <input_file_ref idref="fl-20"/>
      </object_component>
      <object_component id="oc-570">
         <name>.text:Power_releaseConstraint</name>
         <load_address>0x20010d24</load_address>
         <run_address>0x20010d24</run_address>
         <size>0x48</size>
         <input_file_ref idref="fl-10"/>
      </object_component>
      <object_component id="oc-171">
         <name>.text:exit</name>
         <load_address>0x20010d6c</load_address>
         <run_address>0x20010d6c</run_address>
         <size>0x48</size>
         <input_file_ref idref="fl-ef"/>
      </object_component>
      <object_component id="oc-77e">
         <name>.text</name>
         <load_address>0x20010db4</load_address>
         <run_address>0x20010db4</run_address>
         <size>0x48</size>
         <input_file_ref idref="fl-e6"/>
      </object_component>
      <object_component id="oc-52e">
         <name>.text:RingBuf_put</name>
         <load_address>0x20010dfc</load_address>
         <run_address>0x20010dfc</run_address>
         <size>0x46</size>
         <input_file_ref idref="fl-e"/>
      </object_component>
      <object_component id="oc-5a9">
         <name>.text:ClockP_stop</name>
         <load_address>0x20010e44</load_address>
         <run_address>0x20010e44</run_address>
         <size>0x44</size>
         <input_file_ref idref="fl-17"/>
      </object_component>
      <object_component id="oc-9a5">
         <name>.text:HOSTclose</name>
         <load_address>0x20010e88</load_address>
         <run_address>0x20010e88</run_address>
         <size>0x44</size>
         <input_file_ref idref="fl-10a"/>
      </object_component>
      <object_component id="oc-9bd">
         <name>.text:HOSTunlink</name>
         <load_address>0x20010ecc</load_address>
         <run_address>0x20010ecc</run_address>
         <size>0x44</size>
         <input_file_ref idref="fl-10f"/>
      </object_component>
      <object_component id="oc-93e">
         <name>.text:PRCMLPDSRestoreInfoSet</name>
         <load_address>0x20010f10</load_address>
         <run_address>0x20010f10</run_address>
         <size>0x44</size>
         <input_file_ref idref="fl-20"/>
      </object_component>
      <object_component id="oc-851">
         <name>.text:PowerCC32XX_enterLPDS</name>
         <load_address>0x20010f54</load_address>
         <run_address>0x20010f54</run_address>
         <size>0x44</size>
         <input_file_ref idref="fl-11"/>
      </object_component>
      <object_component id="oc-2a1">
         <name>.text:SemaphoreP_post</name>
         <load_address>0x20010f98</load_address>
         <run_address>0x20010f98</run_address>
         <size>0x44</size>
         <input_file_ref idref="fl-16"/>
      </object_component>
      <object_component id="oc-6a7">
         <name>.text:SwiP_restore</name>
         <load_address>0x20010fdc</load_address>
         <run_address>0x20010fdc</run_address>
         <size>0x44</size>
         <input_file_ref idref="fl-1b"/>
      </object_component>
      <object_component id="oc-812">
         <name>.text:UART2Support_enableInts</name>
         <load_address>0x20011020</load_address>
         <run_address>0x20011020</run_address>
         <size>0x44</size>
         <input_file_ref idref="fl-12"/>
      </object_component>
      <object_component id="oc-177">
         <name>.text:__TI_auto_init_nobinit_nopinit:__TI_auto_init_nobinit_nopinit</name>
         <load_address>0x20011064</load_address>
         <run_address>0x20011064</run_address>
         <size>0x44</size>
         <input_file_ref idref="fl-106"/>
      </object_component>
      <object_component id="oc-a14">
         <name>.text:getdevice</name>
         <load_address>0x200110a8</load_address>
         <run_address>0x200110a8</run_address>
         <size>0x44</size>
         <input_file_ref idref="fl-116"/>
      </object_component>
      <object_component id="oc-346">
         <name>.text:ClockP_construct</name>
         <load_address>0x200110ec</load_address>
         <run_address>0x200110ec</run_address>
         <size>0x40</size>
         <input_file_ref idref="fl-17"/>
      </object_component>
      <object_component id="oc-269">
         <name>.text:PinModeSet</name>
         <load_address>0x2001112c</load_address>
         <run_address>0x2001112c</run_address>
         <size>0x40</size>
         <input_file_ref idref="fl-1f"/>
      </object_component>
      <object_component id="oc-39f">
         <name>.text:UART2_readFull</name>
         <load_address>0x2001116c</load_address>
         <run_address>0x2001116c</run_address>
         <size>0x40</size>
         <input_file_ref idref="fl-d"/>
      </object_component>
      <object_component id="oc-310">
         <name>.text:UDMACC32XX_init</name>
         <load_address>0x200111ac</load_address>
         <run_address>0x200111ac</run_address>
         <size>0x40</size>
         <input_file_ref idref="fl-14"/>
      </object_component>
      <object_component id="oc-56a">
         <name>.text:RingBuf_putAdvance</name>
         <load_address>0x200111ec</load_address>
         <run_address>0x200111ec</run_address>
         <size>0x3e</size>
         <input_file_ref idref="fl-e"/>
      </object_component>
      <object_component id="oc-7a6">
         <name>.text:_fcpy</name>
         <load_address>0x2001122a</load_address>
         <run_address>0x2001122a</run_address>
         <size>0x3e</size>
         <input_file_ref idref="fl-db"/>
      </object_component>
      <object_component id="oc-42b">
         <name>.text:ClockP_destruct</name>
         <load_address>0x20011268</load_address>
         <run_address>0x20011268</run_address>
         <size>0x3c</size>
         <input_file_ref idref="fl-17"/>
      </object_component>
      <object_component id="oc-74f">
         <name>.text:Power_setConstraint</name>
         <load_address>0x200112a4</load_address>
         <run_address>0x200112a4</run_address>
         <size>0x3c</size>
         <input_file_ref idref="fl-10"/>
      </object_component>
      <object_component id="oc-631">
         <name>.text:UART2Support_dmaRefreshRx</name>
         <load_address>0x200112e0</load_address>
         <run_address>0x200112e0</run_address>
         <size>0x3c</size>
         <input_file_ref idref="fl-12"/>
      </object_component>
      <object_component id="oc-685">
         <name>.text:getCountsRTC</name>
         <load_address>0x2001131c</load_address>
         <run_address>0x2001131c</run_address>
         <size>0x3a</size>
         <input_file_ref idref="fl-19"/>
      </object_component>
      <object_component id="oc-86e">
         <name>.text:PRCMLPDSEnterKeepDebugIf</name>
         <load_address>0x20011358</load_address>
         <run_address>0x20011358</run_address>
         <size>0x38</size>
         <input_file_ref idref="fl-20"/>
      </object_component>
      <object_component id="oc-62b">
         <name>.text:UART2_rxEnable</name>
         <load_address>0x20011390</load_address>
         <run_address>0x20011390</run_address>
         <size>0x38</size>
         <input_file_ref idref="fl-d"/>
      </object_component>
      <object_component id="oc-9ec">
         <name>.text:__TI_writemsg</name>
         <load_address>0x200113c8</load_address>
         <run_address>0x200113c8</run_address>
         <size>0x38</size>
         <input_file_ref idref="fl-111"/>
      </object_component>
      <object_component id="oc-db">
         <name>.text:addToList</name>
         <load_address>0x20011400</load_address>
         <run_address>0x20011400</run_address>
         <size>0x38</size>
         <input_file_ref idref="fl-17"/>
      </object_component>
      <object_component id="oc-59">
         <name>.text:initVectors</name>
         <load_address>0x20011438</load_address>
         <run_address>0x20011438</run_address>
         <size>0x38</size>
         <input_file_ref idref="fl-1a"/>
      </object_component>
      <object_component id="oc-83f">
         <name>.text:notify</name>
         <load_address>0x20011470</load_address>
         <run_address>0x20011470</run_address>
         <size>0x38</size>
         <input_file_ref idref="fl-10"/>
      </object_component>
      <object_component id="oc-4af">
         <name>.text:UART2_rxDisable</name>
         <load_address>0x200114a8</load_address>
         <run_address>0x200114a8</run_address>
         <size>0x36</size>
         <input_file_ref idref="fl-d"/>
      </object_component>
      <object_component id="oc-a36">
         <name>.text:strncpy</name>
         <load_address>0x200114de</load_address>
         <run_address>0x200114de</run_address>
         <size>0x36</size>
         <input_file_ref idref="fl-119"/>
      </object_component>
      <object_component id="oc-673">
         <name>.text:ClockP_getTicksUntilInterrupt</name>
         <load_address>0x20011514</load_address>
         <run_address>0x20011514</run_address>
         <size>0x34</size>
         <input_file_ref idref="fl-17"/>
      </object_component>
      <object_component id="oc-51d">
         <name>.text:ClockP_startup</name>
         <load_address>0x20011548</load_address>
         <run_address>0x20011548</run_address>
         <size>0x34</size>
         <input_file_ref idref="fl-17"/>
      </object_component>
      <object_component id="oc-263">
         <name>.text:PinModeGet</name>
         <load_address>0x2001157c</load_address>
         <run_address>0x2001157c</run_address>
         <size>0x34</size>
         <input_file_ref idref="fl-1f"/>
      </object_component>
      <object_component id="oc-4d9">
         <name>.text:PowerCC32XX_restoreParkState</name>
         <load_address>0x200115b0</load_address>
         <run_address>0x200115b0</run_address>
         <size>0x34</size>
         <input_file_ref idref="fl-10"/>
      </object_component>
      <object_component id="oc-63d">
         <name>.text:RingBuf_getConsume</name>
         <load_address>0x200115e4</load_address>
         <run_address>0x200115e4</run_address>
         <size>0x34</size>
         <input_file_ref idref="fl-e"/>
      </object_component>
      <object_component id="oc-564">
         <name>.text:RingBuf_putPointer</name>
         <load_address>0x20011618</load_address>
         <run_address>0x20011618</run_address>
         <size>0x34</size>
         <input_file_ref idref="fl-e"/>
      </object_component>
      <object_component id="oc-591">
         <name>.text:UART2Support_sendData</name>
         <load_address>0x2001164c</load_address>
         <run_address>0x2001164c</run_address>
         <size>0x34</size>
         <input_file_ref idref="fl-12"/>
      </object_component>
      <object_component id="oc-4c7">
         <name>.text:UDMACC32XX_close</name>
         <load_address>0x20011680</load_address>
         <run_address>0x20011680</run_address>
         <size>0x34</size>
         <input_file_ref idref="fl-14"/>
      </object_component>
      <object_component id="oc-8f8">
         <name>.text:__TI_cleanup</name>
         <load_address>0x200116b4</load_address>
         <run_address>0x200116b4</run_address>
         <size>0x34</size>
         <input_file_ref idref="fl-103"/>
      </object_component>
      <object_component id="oc-9f2">
         <name>.text:__TI_readmsg</name>
         <load_address>0x200116e8</load_address>
         <run_address>0x200116e8</run_address>
         <size>0x34</size>
         <input_file_ref idref="fl-111"/>
      </object_component>
      <object_component id="oc-70a">
         <name>.text:UART2Support_disableRx</name>
         <load_address>0x2001171c</load_address>
         <run_address>0x2001171c</run_address>
         <size>0x32</size>
         <input_file_ref idref="fl-12"/>
      </object_component>
      <object_component id="oc-419">
         <name>.text:ClockP_start</name>
         <load_address>0x20011750</load_address>
         <run_address>0x20011750</run_address>
         <size>0x30</size>
         <input_file_ref idref="fl-17"/>
      </object_component>
      <object_component id="oc-94d">
         <name>.text:PowerCC32XX_restoreParkedPin</name>
         <load_address>0x20011780</load_address>
         <run_address>0x20011780</run_address>
         <size>0x30</size>
         <input_file_ref idref="fl-10"/>
      </object_component>
      <object_component id="oc-4b5">
         <name>.text:UARTDisable</name>
         <load_address>0x200117b0</load_address>
         <run_address>0x200117b0</run_address>
         <size>0x30</size>
         <input_file_ref idref="fl-21"/>
      </object_component>
      <object_component id="oc-a3c">
         <name>.text:finddevice</name>
         <load_address>0x200117e0</load_address>
         <run_address>0x200117e0</run_address>
         <size>0x30</size>
         <input_file_ref idref="fl-116"/>
      </object_component>
      <object_component id="oc-789">
         <name>.text</name>
         <load_address>0x20011810</load_address>
         <run_address>0x20011810</run_address>
         <size>0x2e</size>
         <input_file_ref idref="fl-e7"/>
      </object_component>
      <object_component id="oc-304">
         <name>.text:PowerCC32XX_getParkState</name>
         <load_address>0x20011840</load_address>
         <run_address>0x20011840</run_address>
         <size>0x2c</size>
         <input_file_ref idref="fl-10"/>
      </object_component>
      <object_component id="oc-9e3">
         <name>.text:unlink</name>
         <load_address>0x2001186c</load_address>
         <run_address>0x2001186c</run_address>
         <size>0x2c</size>
         <input_file_ref idref="fl-11c"/>
      </object_component>
      <object_component id="oc-2ce">
         <name>.text:HwiP_create</name>
         <load_address>0x20011898</load_address>
         <run_address>0x20011898</run_address>
         <size>0x2a</size>
         <input_file_ref idref="fl-18"/>
      </object_component>
      <object_component id="oc-637">
         <name>.text:RingBuf_getPointer</name>
         <load_address>0x200118c2</load_address>
         <run_address>0x200118c2</run_address>
         <size>0x2a</size>
         <input_file_ref idref="fl-e"/>
      </object_component>
      <object_component id="oc-25d">
         <name>.text:PRCMPeripheralClkDisable</name>
         <load_address>0x200118ec</load_address>
         <run_address>0x200118ec</run_address>
         <size>0x28</size>
         <input_file_ref idref="fl-20"/>
      </object_component>
      <object_component id="oc-29b">
         <name>.text:Power_registerNotify</name>
         <load_address>0x20011914</load_address>
         <run_address>0x20011914</run_address>
         <size>0x28</size>
         <input_file_ref idref="fl-10"/>
      </object_component>
      <object_component id="oc-6dd">
         <name>.text:free_list_insert</name>
         <load_address>0x2001193c</load_address>
         <run_address>0x2001193c</run_address>
         <size>0x28</size>
         <input_file_ref idref="fl-f7"/>
      </object_component>
      <object_component id="oc-988">
         <name>.text:lseek</name>
         <load_address>0x20011964</load_address>
         <run_address>0x20011964</run_address>
         <size>0x28</size>
         <input_file_ref idref="fl-113"/>
      </object_component>
      <object_component id="oc-622">
         <name>.text:read</name>
         <load_address>0x2001198c</load_address>
         <run_address>0x2001198c</run_address>
         <size>0x28</size>
         <input_file_ref idref="fl-fd"/>
      </object_component>
      <object_component id="oc-540">
         <name>.text:uDMAChannelIsEnabled</name>
         <load_address>0x200119b4</load_address>
         <run_address>0x200119b4</run_address>
         <size>0x28</size>
         <input_file_ref idref="fl-22"/>
      </object_component>
      <object_component id="oc-7f4">
         <name>.text:write</name>
         <load_address>0x200119dc</load_address>
         <run_address>0x200119dc</run_address>
         <size>0x28</size>
         <input_file_ref idref="fl-fb"/>
      </object_component>
      <object_component id="oc-43b">
         <name>.text:List_put</name>
         <load_address>0x20011a04</load_address>
         <run_address>0x20011a04</run_address>
         <size>0x26</size>
         <input_file_ref idref="fl-13"/>
      </object_component>
      <object_component id="oc-71b">
         <name>.text:List_remove</name>
         <load_address>0x20011a2a</load_address>
         <run_address>0x20011a2a</run_address>
         <size>0x26</size>
         <input_file_ref idref="fl-13"/>
      </object_component>
      <object_component id="oc-512">
         <name>.text:HwiP_dispatch</name>
         <load_address>0x20011a50</load_address>
         <run_address>0x20011a50</run_address>
         <size>0x24</size>
         <input_file_ref idref="fl-18"/>
      </object_component>
      <object_component id="oc-2f8">
         <name>.text:PowerCC32XX_reset</name>
         <load_address>0x20011a74</load_address>
         <run_address>0x20011a74</run_address>
         <size>0x24</size>
         <input_file_ref idref="fl-10"/>
      </object_component>
      <object_component id="oc-4f2">
         <name>.text:UARTEnable</name>
         <load_address>0x20011a98</load_address>
         <run_address>0x20011a98</run_address>
         <size>0x24</size>
         <input_file_ref idref="fl-21"/>
      </object_component>
      <object_component id="oc-c5">
         <name>.text:_c_int00_noargs:_c_int00_noargs</name>
         <load_address>0x20011abc</load_address>
         <run_address>0x20011abc</run_address>
         <size>0x24</size>
         <input_file_ref idref="fl-fa"/>
      </object_component>
      <object_component id="oc-367">
         <name>.text:UART2CC32XX_writeTimeout</name>
         <load_address>0x20011ae0</load_address>
         <run_address>0x20011ae0</run_address>
         <size>0x22</size>
         <input_file_ref idref="fl-12"/>
      </object_component>
      <object_component id="oc-4bb">
         <name>.text:HwiP_destruct</name>
         <load_address>0x20011b02</load_address>
         <run_address>0x20011b02</run_address>
         <size>0x20</size>
         <input_file_ref idref="fl-18"/>
      </object_component>
      <object_component id="oc-4cd">
         <name>.text:Power_unregisterNotify</name>
         <load_address>0x20011b24</load_address>
         <run_address>0x20011b24</run_address>
         <size>0x20</size>
         <input_file_ref idref="fl-10"/>
      </object_component>
      <object_component id="oc-2f2">
         <name>.text:UART2CC32XX_getPowerMgrId</name>
         <load_address>0x20011b44</load_address>
         <run_address>0x20011b44</run_address>
         <size>0x20</size>
         <input_file_ref idref="fl-12"/>
      </object_component>
      <object_component id="oc-208">
         <name>.text:UART2_read</name>
         <load_address>0x20011b64</load_address>
         <run_address>0x20011b64</run_address>
         <size>0x20</size>
         <input_file_ref idref="fl-d"/>
      </object_component>
      <object_component id="oc-7e8">
         <name>.text:memchr</name>
         <load_address>0x20011b84</load_address>
         <run_address>0x20011b84</run_address>
         <size>0x20</size>
         <input_file_ref idref="fl-f6"/>
      </object_component>
      <object_component id="oc-334">
         <name>.text:SemaphoreP_constructBinary</name>
         <load_address>0x20011ba4</load_address>
         <run_address>0x20011ba4</run_address>
         <size>0x1e</size>
         <input_file_ref idref="fl-16"/>
      </object_component>
      <object_component id="oc-497">
         <name>.text:postNotifyFxn</name>
         <load_address>0x20011bc2</load_address>
         <run_address>0x20011bc2</run_address>
         <size>0x1e</size>
         <input_file_ref idref="fl-14"/>
      </object_component>
      <object_component id="oc-4df">
         <name>.text:PinToPadGet</name>
         <load_address>0x20011be0</load_address>
         <run_address>0x20011be0</run_address>
         <size>0x1c</size>
         <input_file_ref idref="fl-1f"/>
      </object_component>
      <object_component id="oc-667">
         <name>.text:SwiP_disable</name>
         <load_address>0x20011bfc</load_address>
         <run_address>0x20011bfc</run_address>
         <size>0x1c</size>
         <input_file_ref idref="fl-1b"/>
      </object_component>
      <object_component id="oc-6d7">
         <name>.text:free_list_remove</name>
         <load_address>0x20011c18</load_address>
         <run_address>0x20011c18</run_address>
         <size>0x1c</size>
         <input_file_ref idref="fl-f7"/>
      </object_component>
      <object_component id="oc-5df">
         <name>.text:memccpy</name>
         <load_address>0x20011c34</load_address>
         <run_address>0x20011c34</run_address>
         <size>0x1c</size>
         <input_file_ref idref="fl-f5"/>
      </object_component>
      <object_component id="oc-27d">
         <name>.text:SemaphoreP_createBinary</name>
         <load_address>0x20011c50</load_address>
         <run_address>0x20011c50</run_address>
         <size>0x1a</size>
         <input_file_ref idref="fl-16"/>
      </object_component>
      <object_component id="oc-21">
         <name>.text:resetISR</name>
         <load_address>0x20011c6c</load_address>
         <run_address>0x20011c6c</run_address>
         <size>0x1a</size>
         <input_file_ref idref="fl-1a"/>
      </object_component>
      <object_component id="oc-679">
         <name>.text:Power_getTransitionLatency</name>
         <load_address>0x20011c88</load_address>
         <run_address>0x20011c88</run_address>
         <size>0x18</size>
         <input_file_ref idref="fl-10"/>
      </object_component>
      <object_component id="oc-882">
         <name>.text:Power_idleFunc</name>
         <load_address>0x20011ca0</load_address>
         <run_address>0x20011ca0</run_address>
         <size>0x18</size>
         <input_file_ref idref="fl-10"/>
      </object_component>
      <object_component id="oc-597">
         <name>.text:UART2Support_txDone</name>
         <load_address>0x20011cb8</load_address>
         <run_address>0x20011cb8</run_address>
         <size>0x18</size>
         <input_file_ref idref="fl-12"/>
      </object_component>
      <object_component id="oc-1e4">
         <name>.text:UART2_Params_init</name>
         <load_address>0x20011cd0</load_address>
         <run_address>0x20011cd0</run_address>
         <size>0x18</size>
         <input_file_ref idref="fl-d"/>
      </object_component>
      <object_component id="oc-4a9">
         <name>.text:UARTDMADisable</name>
         <load_address>0x20011ce8</load_address>
         <run_address>0x20011ce8</run_address>
         <size>0x18</size>
         <input_file_ref idref="fl-21"/>
      </object_component>
      <object_component id="oc-4a3">
         <name>.text:UARTIntDisable</name>
         <load_address>0x20011d00</load_address>
         <run_address>0x20011d00</run_address>
         <size>0x18</size>
         <input_file_ref idref="fl-21"/>
      </object_component>
      <object_component id="oc-4f8">
         <name>.text:UARTIntEnable</name>
         <load_address>0x20011d18</load_address>
         <run_address>0x20011d18</run_address>
         <size>0x18</size>
         <input_file_ref idref="fl-21"/>
      </object_component>
      <object_component id="oc-696">
         <name>.text</name>
         <load_address>0x20011d30</load_address>
         <run_address>0x20011d30</run_address>
         <size>0x18</size>
         <input_file_ref idref="fl-e8"/>
      </object_component>
      <object_component id="oc-a53">
         <name>.text:strcmp</name>
         <load_address>0x20011d48</load_address>
         <run_address>0x20011d48</run_address>
         <size>0x18</size>
         <input_file_ref idref="fl-117"/>
      </object_component>
      <object_component id="oc-24b">
         <name>.text:PRCMHIBRegRead</name>
         <load_address>0x20011d60</load_address>
         <run_address>0x20011d60</run_address>
         <size>0x16</size>
         <input_file_ref idref="fl-20"/>
      </object_component>
      <object_component id="oc-245">
         <name>.text:PRCMHIBRegWrite</name>
         <load_address>0x20011d76</load_address>
         <run_address>0x20011d76</run_address>
         <size>0x16</size>
         <input_file_ref idref="fl-20"/>
      </object_component>
      <object_component id="oc-401">
         <name>.text:SemaphoreP_create</name>
         <load_address>0x20011d8c</load_address>
         <run_address>0x20011d8c</run_address>
         <size>0x16</size>
         <input_file_ref idref="fl-16"/>
      </object_component>
      <object_component id="oc-7ba">
         <name>.text:strchr</name>
         <load_address>0x20011da2</load_address>
         <run_address>0x20011da2</run_address>
         <size>0x16</size>
         <input_file_ref idref="fl-f8"/>
      </object_component>
      <object_component id="oc-158">
         <name>.text:Board_init</name>
         <load_address>0x20011db8</load_address>
         <run_address>0x20011db8</run_address>
         <size>0x14</size>
         <input_file_ref idref="fl-3"/>
      </object_component>
      <object_component id="oc-a3">
         <name>.text:CPUcpsid</name>
         <load_address>0x20011dcc</load_address>
         <run_address>0x20011dcc</run_address>
         <size>0x14</size>
         <input_file_ref idref="fl-1d"/>
      </object_component>
      <object_component id="oc-447">
         <name>.text:HwiP_inISR</name>
         <load_address>0x20011de0</load_address>
         <run_address>0x20011de0</run_address>
         <size>0x14</size>
         <input_file_ref idref="fl-18"/>
      </object_component>
      <object_component id="oc-af">
         <name>.text:IntVTableBaseSet</name>
         <load_address>0x20011df4</load_address>
         <run_address>0x20011df4</run_address>
         <size>0x14</size>
         <input_file_ref idref="fl-1e"/>
      </object_component>
      <object_component id="oc-44d">
         <name>.text:Power_disablePolicy</name>
         <load_address>0x20011e08</load_address>
         <run_address>0x20011e08</run_address>
         <size>0x14</size>
         <input_file_ref idref="fl-10"/>
      </object_component>
      <object_component id="oc-946">
         <name>.text:Power_getDependencyCount</name>
         <load_address>0x20011e1c</load_address>
         <run_address>0x20011e1c</run_address>
         <size>0x14</size>
         <input_file_ref idref="fl-10"/>
      </object_component>
      <object_component id="oc-a06">
         <name>.text:strcpy</name>
         <load_address>0x20011e30</load_address>
         <run_address>0x20011e30</run_address>
         <size>0x14</size>
         <input_file_ref idref="fl-118"/>
      </object_component>
      <object_component id="oc-5b0">
         <name>.text:strlen</name>
         <load_address>0x20011e44</load_address>
         <run_address>0x20011e44</run_address>
         <size>0x14</size>
         <input_file_ref idref="fl-f9"/>
      </object_component>
      <object_component id="oc-2c8">
         <name>.text:HwiP_Params_init</name>
         <load_address>0x20011e58</load_address>
         <run_address>0x20011e58</run_address>
         <size>0x12</size>
         <input_file_ref idref="fl-18"/>
      </object_component>
      <object_component id="oc-2fe">
         <name>.text:RingBuf_construct</name>
         <load_address>0x20011e6a</load_address>
         <run_address>0x20011e6a</run_address>
         <size>0x12</size>
         <input_file_ref idref="fl-e"/>
      </object_component>
      <object_component id="oc-4ec">
         <name>.text:UARTIntClear</name>
         <load_address>0x20011e7c</load_address>
         <run_address>0x20011e7c</run_address>
         <size>0x12</size>
[...]
         <object_component_ref idref="oc-4f8"/>
      </symbol>
      <symbol id="sm-aaa">
         <name>UARTIntDisable</name>
         <value>0x20011d01</value>
         <object_component_ref idref="oc-4a3"/>
      </symbol>
      <symbol id="sm-aab">
         <name>UARTRxErrorGet</name>
         <value>0x20011e8f</value>
         <object_component_ref idref="oc-534"/>
      </symbol>
      <symbol id="sm-aac">
         <name>UARTEnable</name>
         <value>0x20011a99</value>
         <object_component_ref idref="oc-4f2"/>
      </symbol>
      <symbol id="sm-aad">
         <name>UARTIntClear</name>
         <value>0x20011e7d</value>
         <object_component_ref idref="oc-4ec"/>
      </symbol>
      <symbol id="sm-aae">
         <name>UARTDMADisable</name>
         <value>0x20011ce9</value>
         <object_component_ref idref="oc-4a9"/>
      </symbol>
      <symbol id="sm-ae1">
         <name>uDMAChannelIsEnabled</name>
         <value>0x200119b5</value>
         <object_component_ref idref="oc-540"/>
      </symbol>
      <symbol id="sm-ae2">
         <name>uDMAErrorStatusGet</name>
         <value>0x20012025</value>
         <object_component_ref idref="oc-96b"/>
      </symbol>
      <symbol id="sm-ae3">
         <name>uDMAErrorStatusClear</name>
         <value>0x20012019</value>
         <object_component_ref idref="oc-971"/>
      </symbol>
      <symbol id="sm-ae4">
         <name>uDMAChannelAttributeDisable</name>
         <value>0x20010345</value>
         <object_component_ref idref="oc-4fe"/>
      </symbol>
      <symbol id="sm-ae8">
         <name>UtilsDelay</name>
         <value>0x20012075</value>
         <object_component_ref idref="oc-244"/>
      </symbol>
      <symbol id="sm-af8">
         <name>FlashDisable</name>
         <value>0x20010bbd</value>
         <object_component_ref idref="oc-954"/>
      </symbol>
      <symbol id="sm-b24">
         <name>printf</name>
         <value>0x200101b1</value>
         <object_component_ref idref="oc-1fc"/>
      </symbol>
      <symbol id="sm-c8e">
         <name>__TI_printfi</name>
         <value>0x2000c041</value>
         <object_component_ref idref="oc-37c"/>
      </symbol>
      <symbol id="sm-cac">
         <name>getc</name>
         <value>0x2000fb39</value>
         <object_component_ref idref="oc-398"/>
      </symbol>
      <symbol id="sm-cad">
         <name>getchar</name>
         <value>0x2001200d</value>
         <object_component_ref idref="oc-202"/>
      </symbol>
      <symbol id="sm-cae">
         <name>fgetc</name>
         <value>0x2000fb39</value>
         <object_component_ref idref="oc-398"/>
      </symbol>
      <symbol id="sm-cc3">
         <name>putc</name>
         <value>0x2000f80d</value>
         <object_component_ref idref="oc-608"/>
      </symbol>
      <symbol id="sm-cc4">
         <name>fputc</name>
         <value>0x2000f80d</value>
         <object_component_ref idref="oc-608"/>
      </symbol>
      <symbol id="sm-ce2">
         <name>fputs</name>
         <value>0x2000e711</value>
         <object_component_ref idref="oc-601"/>
      </symbol>
      <symbol id="sm-cfb">
         <name>__TI_buff_read</name>
         <value>0x2000f491</value>
         <object_component_ref idref="oc-61c"/>
      </symbol>
      <symbol id="sm-d20">
         <name>__TI_wrt_ok</name>
         <value>0x200103a9</value>
         <object_component_ref idref="oc-7e2"/>
      </symbol>
      <symbol id="sm-d21">
         <name>__TI_rd_ok</name>
         <value>0x20010b71</value>
         <object_component_ref idref="oc-616"/>
      </symbol>
      <symbol id="sm-d3d">
         <name>setvbuf</name>
         <value>0x2000eeb9</value>
         <object_component_ref idref="oc-7fe"/>
      </symbol>
      <symbol id="sm-d54">
         <name>__aeabi_dsub</name>
         <value>0x2000dc51</value>
         <object_component_ref idref="oc-78e"/>
      </symbol>
      <symbol id="sm-d55">
         <name>__aeabi_dadd</name>
         <value>0x2000dc5b</value>
         <object_component_ref idref="oc-78e"/>
      </symbol>
      <symbol id="sm-d77">
         <name>__aeabi_cdcmpeq</name>
         <value>0x2000f9a9</value>
         <object_component_ref idref="oc-5c2"/>
      </symbol>
      <symbol id="sm-d78">
         <name>__aeabi_cdcmple</name>
         <value>0x2000f9a9</value>
         <object_component_ref idref="oc-5c2"/>
      </symbol>
      <symbol id="sm-d79">
         <name>__aeabi_cdrcmple</name>
         <value>0x2000fa2f</value>
         <object_component_ref idref="oc-779"/>
      </symbol>
      <symbol id="sm-d8d">
         <name>__aeabi_ddiv</name>
         <value>0x2000e4b9</value>
         <object_component_ref idref="oc-774"/>
      </symbol>
      <symbol id="sm-d98">
         <name>__aeabi_dmul</name>
         <value>0x2000ea2d</value>
         <object_component_ref idref="oc-76f"/>
      </symbol>
      <symbol id="sm-da2">
         <name>__aeabi_d2iz</name>
         <value>0x20010db5</value>
         <object_component_ref idref="oc-77e"/>
      </symbol>
      <symbol id="sm-dac">
         <name>__aeabi_i2d</name>
         <value>0x20011811</value>
         <object_component_ref idref="oc-789"/>
      </symbol>
      <symbol id="sm-db5">
         <name>__aeabi_lmul</name>
         <value>0x20011d31</value>
         <object_component_ref idref="oc-696"/>
      </symbol>
      <symbol id="sm-dd0">
         <name>memcpy</name>
         <value>0x2000f52d</value>
         <object_component_ref idref="oc-3b"/>
      </symbol>
      <symbol id="sm-dd1">
         <name>__aeabi_memcpy</name>
         <value>0x2000f52d</value>
         <object_component_ref idref="oc-3b"/>
      </symbol>
      <symbol id="sm-dd2">
         <name>__aeabi_memcpy8</name>
         <value>0x2000f52d</value>
         <object_component_ref idref="oc-3b"/>
      </symbol>
      <symbol id="sm-dd3">
         <name>__aeabi_memcpy4</name>
         <value>0x2000f52d</value>
         <object_component_ref idref="oc-3b"/>
      </symbol>
      <symbol id="sm-de2">
         <name>__aeabi_memset</name>
         <value>0x2000fdbf</value>
         <object_component_ref idref="oc-9d"/>
      </symbol>
      <symbol id="sm-de3">
         <name>memset</name>
         <value>0x2000fdc5</value>
         <object_component_ref idref="oc-9d"/>
      </symbol>
      <symbol id="sm-de4">
         <name>__aeabi_memset8</name>
         <value>0x2000fdbf</value>
         <object_component_ref idref="oc-9d"/>
      </symbol>
      <symbol id="sm-de5">
         <name>__aeabi_memset4</name>
         <value>0x2000fdbf</value>
         <object_component_ref idref="oc-9d"/>
      </symbol>
      <symbol id="sm-de6">
         <name>__aeabi_memclr8</name>
         <value>0x2000fdbd</value>
         <object_component_ref idref="oc-9d"/>
      </symbol>
      <symbol id="sm-de7">
         <name>__aeabi_memclr4</name>
         <value>0x2000fdbd</value>
         <object_component_ref idref="oc-9d"/>
      </symbol>
      <symbol id="sm-de8">
         <name>__aeabi_memclr</name>
         <value>0x2000fdbd</value>
         <object_component_ref idref="oc-9d"/>
      </symbol>
      <symbol id="sm-df5">
         <name>__aeabi_uldivmod</name>
         <value>0x2000f5c9</value>
         <object_component_ref idref="oc-68b"/>
      </symbol>
      <symbol id="sm-e07">
         <name>__TI_zero_init</name>
         <value>0x20011ff5</value>
         <object_component_ref idref="oc-4d"/>
      </symbol>
      <symbol id="sm-e1e">
         <name>__TI_decompress_none</name>
         <value>0x20011f9d</value>
         <object_component_ref idref="oc-1a"/>
      </symbol>
      <symbol id="sm-e41">
         <name>__TI_decompress_lzss</name>
         <value>0x20010149</value>
         <object_component_ref idref="oc-14"/>
      </symbol>
      <symbol id="sm-e67">
         <name>C$$EXIT</name>
         <value>0x20012097</value>
         <object_component_ref idref="oc-16b"/>
      </symbol>
      <symbol id="sm-e68">
         <name>abort</name>
         <value>0x20012097</value>
         <object_component_ref idref="oc-16b"/>
      </symbol>
      <symbol id="sm-e69">
         <name>__TI_dtors_ptr</name>
         <value>0x2001364c</value>
         <object_component_ref idref="oc-213"/>
      </symbol>
      <symbol id="sm-e6a">
         <name>__TI_cleanup_ptr</name>
         <value>0x20013648</value>
         <object_component_ref idref="oc-213"/>
      </symbol>
      <symbol id="sm-e6b">
         <name>__TI_enable_exit_profile_output</name>
         <value>0x20013650</value>
         <object_component_ref idref="oc-213"/>
      </symbol>
      <symbol id="sm-e6c">
         <name>exit</name>
         <value>0x20010d6d</value>
         <object_component_ref idref="oc-171"/>
      </symbol>
      <symbol id="sm-e81">
         <name>_nop</name>
         <value>0x2000f65f</value>
         <object_component_ref idref="oc-3b0"/>
      </symbol>
      <symbol id="sm-e82">
         <name>_lock</name>
         <value>0x20013654</value>
         <object_component_ref idref="oc-216"/>
      </symbol>
      <symbol id="sm-e83">
         <name>_unlock</name>
         <value>0x20013658</value>
         <object_component_ref idref="oc-216"/>
      </symbol>
      <symbol id="sm-e92">
         <name>__TI_ltoa</name>
         <value>0x20010857</value>
         <object_component_ref idref="oc-783"/>
      </symbol>
      <symbol id="sm-ea8">
         <name>atoi</name>
         <value>0x20010ad9</value>
         <object_component_ref idref="oc-5b6"/>
      </symbol>
      <symbol id="sm-eb3">
         <name>_ctypes_</name>
         <value>0x2001368c</value>
         <object_component_ref idref="oc-768"/>
      </symbol>
      <symbol id="sm-ec8">
         <name>__TI_tmpnams</name>
         <value>0x20012c44</value>
      </symbol>
      <symbol id="sm-ec9">
         <name>__aeabi_stdout</name>
         <value>0x20013640</value>
         <object_component_ref idref="oc-806"/>
      </symbol>
      <symbol id="sm-eca">
         <name>__aeabi_stderr</name>
         <value>0x20013644</value>
         <object_component_ref idref="oc-806"/>
      </symbol>
      <symbol id="sm-ecb">
         <name>__aeabi_stdin</name>
         <value>0x2001363c</value>
         <object_component_ref idref="oc-806"/>
      </symbol>
      <symbol id="sm-ecc">
         <name>_ftable</name>
         <value>0x200133fc</value>
         <object_component_ref idref="oc-382"/>
      </symbol>
      <symbol id="sm-ecd">
         <name>__TI_ft_end</name>
         <value>0x20013638</value>
         <object_component_ref idref="oc-806"/>
      </symbol>
      <symbol id="sm-edd">
         <name>memccpy</name>
         <value>0x20011c35</value>
         <object_component_ref idref="oc-5df"/>
      </symbol>
      <symbol id="sm-eed">
         <name>memchr</name>
         <value>0x20011b85</value>
         <object_component_ref idref="oc-7e8"/>
      </symbol>
      <symbol id="sm-f76">
         <name>_sys_memory</name>
         <value>0x20004040</value>
         <object_component_ref idref="oc-2a"/>
      </symbol>
      <symbol id="sm-f77">
         <name>free</name>
         <value>0x2000ecf9</value>
         <object_component_ref idref="oc-40c"/>
      </symbol>
      <symbol id="sm-f78">
         <name>memalign</name>
         <value>0x2000e92d</value>
         <object_component_ref idref="oc-6f2"/>
      </symbol>
      <symbol id="sm-f79">
         <name>malloc</name>
         <value>0x20012061</value>
         <object_component_ref idref="oc-465"/>
      </symbol>
      <symbol id="sm-f7a">
         <name>aligned_alloc</name>
         <value>0x2000e92d</value>
         <object_component_ref idref="oc-6f2"/>
      </symbol>
      <symbol id="sm-f8a">
         <name>strchr</name>
         <value>0x20011da3</value>
         <object_component_ref idref="oc-7ba"/>
      </symbol>
      <symbol id="sm-f98">
         <name>strlen</name>
         <value>0x20011e45</value>
         <object_component_ref idref="oc-5b0"/>
      </symbol>
      <symbol id="sm-faa">
         <name>__stack</name>
         <value>0x20003000</value>
         <object_component_ref idref="oc-2d"/>
      </symbol>
      <symbol id="sm-fab">
         <name>_c_int00_noargs</name>
         <value>0x20011abd</value>
         <object_component_ref idref="oc-c5"/>
      </symbol>
      <symbol id="sm-fc5">
         <name>write</name>
         <value>0x200119dd</value>
         <object_component_ref idref="oc-7f4"/>
      </symbol>
      <symbol id="sm-fd6">
         <name>_stream</name>
         <value>0x200135e8</value>
         <object_component_ref idref="oc-80b"/>
      </symbol>
      <symbol id="sm-fd7">
         <name>_device</name>
         <value>0x20013570</value>
         <object_component_ref idref="oc-90b"/>
      </symbol>
      <symbol id="sm-fe7">
         <name>read</name>
         <value>0x2001198d</value>
         <object_component_ref idref="oc-622"/>
      </symbol>
      <symbol id="sm-ffd">
         <name>__aeabi_errno_addr</name>
         <value>0x20012059</value>
         <object_component_ref idref="oc-5eb"/>
      </symbol>
      <symbol id="sm-ffe">
         <name>errno</name>
         <value>0x20013684</value>
         <object_component_ref idref="oc-7ca"/>
      </symbol>
      <symbol id="sm-1017">
         <name>wcslen</name>
         <value>0x20011eb3</value>
         <object_component_ref idref="oc-5e5"/>
      </symbol>
      <symbol id="sm-1037">
         <name>frexpl</name>
         <value>0x200105e9</value>
         <object_component_ref idref="oc-7ae"/>
      </symbol>
      <symbol id="sm-1038">
         <name>frexp</name>
         <value>0x200105e9</value>
         <object_component_ref idref="oc-7ae"/>
      </symbol>
      <symbol id="sm-1056">
         <name>scalbn</name>
         <value>0x2000ef95</value>
         <object_component_ref idref="oc-7b4"/>
      </symbol>
      <symbol id="sm-1057">
         <name>scalbnl</name>
         <value>0x2000ef95</value>
         <object_component_ref idref="oc-7b4"/>
      </symbol>
      <symbol id="sm-1058">
         <name>ldexpl</name>
         <value>0x2000ef95</value>
         <object_component_ref idref="oc-7b4"/>
      </symbol>
      <symbol id="sm-1059">
         <name>ldexp</name>
         <value>0x2000ef95</value>
         <object_component_ref idref="oc-7b4"/>
      </symbol>
      <symbol id="sm-1069">
         <name>__TI_doflush</name>
         <value>0x20010a8d</value>
         <object_component_ref idref="oc-7ee"/>
      </symbol>
      <symbol id="sm-1079">
         <name>__TI_cleanup</name>
         <value>0x200116b5</value>
         <object_component_ref idref="oc-8f8"/>
      </symbol>
      <symbol id="sm-108b">
         <name>fseek</name>
         <value>0x200102e1</value>
         <object_component_ref idref="oc-8e7"/>
      </symbol>
      <symbol id="sm-1095">
         <name>__aeabi_idiv0</name>
         <value>0x20010bbb</value>
         <object_component_ref idref="oc-839"/>
      </symbol>
      <symbol id="sm-1096">
         <name>__aeabi_ldiv0</name>
         <value>0x20010bbb</value>
         <object_component_ref idref="oc-839"/>
      </symbol>
      <symbol id="sm-10be">
         <name>__TI_auto_init_nobinit_nopinit</name>
         <value>0x20011065</value>
         <object_component_ref idref="oc-177"/>
      </symbol>
      <symbol id="sm-10c8">
         <name>_system_pre_init</name>
         <value>0x20012093</value>
         <object_component_ref idref="oc-119"/>
      </symbol>
      <symbol id="sm-10db">
         <name>HOSTclose</name>
         <value>0x20010e89</value>
         <object_component_ref idref="oc-9a5"/>
      </symbol>
      <symbol id="sm-10ec">
         <name>HOSTlseek</name>
         <value>0x200100e1</value>
         <object_component_ref idref="oc-9b7"/>
      </symbol>
      <symbol id="sm-10fe">
         <name>parmbuf</name>
         <value>0x20012e75</value>
      </symbol>
      <symbol id="sm-10ff">
         <name>HOSTopen</name>
         <value>0x2001046d</value>
         <object_component_ref idref="oc-99f"/>
      </symbol>
      <symbol id="sm-1110">
         <name>HOSTread</name>
         <value>0x200106a1</value>
         <object_component_ref idref="oc-9ab"/>
      </symbol>
      <symbol id="sm-1121">
         <name>HOSTrename</name>
         <value>0x20010075</value>
         <object_component_ref idref="oc-9c3"/>
      </symbol>
      <symbol id="sm-1132">
         <name>HOSTunlink</name>
         <value>0x20010ecd</value>
         <object_component_ref idref="oc-9bd"/>
      </symbol>
      <symbol id="sm-1143">
         <name>HOSTwrite</name>
         <value>0x200106f9</value>
         <object_component_ref idref="oc-9b1"/>
      </symbol>
      <symbol id="sm-1167">
         <name>__TI_readmsg</name>
         <value>0x200116e9</value>
         <object_component_ref idref="oc-9f2"/>
      </symbol>
      <symbol id="sm-1168">
         <name>C$$IO$$</name>
         <value>0x200113f7</value>
         <object_component_ref idref="oc-9ec"/>
      </symbol>
      <symbol id="sm-1169">
         <name>__CIOBUF_</name>
         <value>0x20012b24</value>
         <object_component_ref idref="oc-a1e"/>
      </symbol>
      <symbol id="sm-116a">
         <name>__TI_writemsg</name>
         <value>0x200113c9</value>
         <object_component_ref idref="oc-9ec"/>
      </symbol>
      <symbol id="sm-117b">
         <name>lseek</name>
         <value>0x20011965</value>
         <object_component_ref idref="oc-988"/>
      </symbol>
      <symbol id="sm-1185">
         <name>copysign</name>
         <value>0x20011fe9</value>
         <object_component_ref idref="oc-8cb"/>
      </symbol>
      <symbol id="sm-1186">
         <name>copysignl</name>
         <value>0x20011fe9</value>
         <object_component_ref idref="oc-8cb"/>
      </symbol>
      <symbol id="sm-119b">
         <name>__TI_closefile</name>
         <value>0x2000fead</value>
         <object_component_ref idref="oc-996"/>
      </symbol>
      <symbol id="sm-11be">
         <name>finddevice</name>
         <value>0x200117e1</value>
         <object_component_ref idref="oc-a3c"/>
      </symbol>
      <symbol id="sm-11bf">
         <name>getdevice</name>
         <value>0x200110a9</value>
         <object_component_ref idref="oc-a14"/>
      </symbol>
      <symbol id="sm-11ce">
         <name>strcmp</name>
         <value>0x20011d49</value>
         <object_component_ref idref="oc-a53"/>
      </symbol>
      <symbol id="sm-11dc">
         <name>strcpy</name>
         <value>0x20011e31</value>
         <object_component_ref idref="oc-a06"/>
      </symbol>
      <symbol id="sm-11ec">
         <name>strncpy</name>
         <value>0x200114df</value>
         <object_component_ref idref="oc-a36"/>
      </symbol>
      <symbol id="sm-1201">
         <name>close</name>
         <value>0x2001058d</value>
         <object_component_ref idref="oc-9dd"/>
      </symbol>
      <symbol id="sm-1211">
         <name>unlink</name>
         <value>0x2001186d</value>
         <object_component_ref idref="oc-9e3"/>
      </symbol>
      <symbol id="sm-1212">
         <name>__TI_static_base__</name>
         <value>0x200120a0</value>
      </symbol>
      <symbol id="sm-1215">
         <name>ITM_flush</name>
         <value>0x0</value>
      </symbol>
      <symbol id="sm-1216">
         <name>ITM_restore</name>
         <value>0x0</value>
      </symbol>
      <symbol id="sm-1217">
         <name>__mpu_init</name>
         <value>0x0</value>
      </symbol>
      <symbol id="sm-1218">
         <name>_system_post_cinit</name>
         <value>0x0</value>
      </symbol>
      <symbol id="sm-1219">
         <name>NoRTOS_start</name>
         <value>0x20011f81</value>
      </symbol>
      <symbol id="sm-121a">
         <name>remove</name>
         <value>0x2001186d</value>
      </symbol>
   </symbol_table>
   <title>Link successful</title>
</link_info>
